<?xml version="1.0"?>
<link_info>
   <banner>TI ARM Linker PC v5.2.5</banner>
   <copyright>Copyright (c) 1996-2015 Texas Instruments Incorporated</copyright>
   <link_time>0x56c63f87</link_time>
   <link_errors>0x0</link_errors>
   <output_file>rm42_uart_boot.out</output_file>
   <entry_point>
      <name>_c_int00</name>
      <address>0x3544</address>
   </entry_point>
   <input_file_list>
      <input_file id="fl-2">
         <path>.\</path>
         <kind>object</kind>
         <file>Fapi_UserDefinedFunctions.obj</file>
         <name>Fapi_UserDefinedFunctions.obj</name>
      </input_file>
      <input_file id="fl-3">
         <path>.\</path>
         <kind>object</kind>
         <file>bl_check.obj</file>
         <name>bl_check.obj</name>
      </input_file>
      <input_file id="fl-4">
         <path>.\</path>
         <kind>object</kind>
         <file>bl_dcan.obj</file>
         <name>bl_dcan.obj</name>
      </input_file>
      <input_file id="fl-5">
         <path>.\</path>
         <kind>object</kind>
         <file>bl_flash.obj</file>
         <name>bl_flash.obj</name>
      </input_file>
      <input_file id="fl-6">
         <path>.\</path>
         <kind>object</kind>
         <file>bl_led_demo.obj</file>
         <name>bl_led_demo.obj</name>
      </input_file>
      <input_file id="fl-7">
         <path>.\</path>
         <kind>object</kind>
         <file>bl_main.obj</file>
         <name>bl_main.obj</name>
      </input_file>
      <input_file id="fl-8">
         <path>.\</path>
         <kind>object</kind>
         <file>bl_spi.obj</file>
         <name>bl_spi.obj</name>
      </input_file>
      <input_file id="fl-9">
         <path>.\</path>
         <kind>object</kind>
         <file>bl_spi_packet.obj</file>
         <name>bl_spi_packet.obj</name>
      </input_file>
      <input_file id="fl-a">
         <path>.\</path>
         <kind>object</kind>
         <file>bl_uart.obj</file>
         <name>bl_uart.obj</name>
      </input_file>
      <input_file id="fl-b">
         <path>.\</path>
         <kind>object</kind>
         <file>bl_ymodem.obj</file>
         <name>bl_ymodem.obj</name>
      </input_file>
      <input_file id="fl-c">
         <path>.\</path>
         <kind>object</kind>
         <file>hw_dcan.obj</file>
         <name>hw_dcan.obj</name>
      </input_file>
      <input_file id="fl-d">
         <path>.\</path>
         <kind>object</kind>
         <file>hw_esm.obj</file>
         <name>hw_esm.obj</name>
      </input_file>
      <input_file id="fl-e">
         <path>.\</path>
         <kind>object</kind>
         <file>hw_gio.obj</file>
         <name>hw_gio.obj</name>
      </input_file>
      <input_file id="fl-f">
         <path>.\</path>
         <kind>object</kind>
         <file>hw_pinmux.obj</file>
         <name>hw_pinmux.obj</name>
      </input_file>
      <input_file id="fl-10">
         <path>.\</path>
         <kind>object</kind>
         <file>hw_sci.obj</file>
         <name>hw_sci.obj</name>
      </input_file>
      <input_file id="fl-11">
         <path>.\</path>
         <kind>object</kind>
         <file>hw_spi.obj</file>
         <name>hw_spi.obj</name>
      </input_file>
      <input_file id="fl-12">
         <path>.\</path>
         <kind>object</kind>
         <file>notification.obj</file>
         <name>notification.obj</name>
      </input_file>
      <input_file id="fl-13">
         <path>.\</path>
         <kind>object</kind>
         <file>sci_common.obj</file>
         <name>sci_common.obj</name>
      </input_file>
      <input_file id="fl-14">
         <path>.\</path>
         <kind>object</kind>
         <file>sw_hw_ver.obj</file>
         <name>sw_hw_ver.obj</name>
      </input_file>
      <input_file id="fl-15">
         <path>.\</path>
         <kind>object</kind>
         <file>sys_core.obj</file>
         <name>sys_core.obj</name>
      </input_file>
      <input_file id="fl-16">
         <path>.\</path>
         <kind>object</kind>
         <file>sys_intvecs.obj</file>
         <name>sys_intvecs.obj</name>
      </input_file>
      <input_file id="fl-17">
         <path>.\</path>
         <kind>object</kind>
         <file>sys_phantom.obj</file>
         <name>sys_phantom.obj</name>
      </input_file>
      <input_file id="fl-18">
         <path>.\</path>
         <kind>object</kind>
         <file>sys_startup.obj</file>
         <name>sys_startup.obj</name>
      </input_file>
      <input_file id="fl-19">
         <path>.\</path>
         <kind>object</kind>
         <file>system.obj</file>
         <name>system.obj</name>
      </input_file>
      <input_file id="fl-1a">
         <path>.\</path>
         <kind>object</kind>
         <file>ymodem_crc16.obj</file>
         <name>ymodem_crc16.obj</name>
      </input_file>
      <input_file id="fl-21">
         <path>..\..\..\lib\</path>
         <kind>archive</kind>
         <file>F021_API_CortexR4_LE.lib</file>
         <name>Async.WithAddress.obj</name>
      </input_file>
      <input_file id="fl-22">
         <path>..\..\..\lib\</path>
         <kind>archive</kind>
         <file>F021_API_CortexR4_LE.lib</file>
         <name>FlashStateMachine.EnableMainSectors.obj</name>
      </input_file>
      <input_file id="fl-23">
         <path>..\..\..\lib\</path>
         <kind>archive</kind>
         <file>F021_API_CortexR4_LE.lib</file>
         <name>FlashStateMachine.InitializeFlashBanks.obj</name>
      </input_file>
      <input_file id="fl-24">
         <path>..\..\..\lib\</path>
         <kind>archive</kind>
         <file>F021_API_CortexR4_LE.lib</file>
         <name>FlashStateMachine.IssueFsmCommand.obj</name>
      </input_file>
      <input_file id="fl-25">
         <path>..\..\..\lib\</path>
         <kind>archive</kind>
         <file>F021_API_CortexR4_LE.lib</file>
         <name>FlashStateMachine.ScaleFclk.obj</name>
      </input_file>
      <input_file id="fl-26">
         <path>..\..\..\lib\</path>
         <kind>archive</kind>
         <file>F021_API_CortexR4_LE.lib</file>
         <name>FlashStateMachine.SetActiveBank.obj</name>
      </input_file>
      <input_file id="fl-27">
         <path>..\..\..\lib\</path>
         <kind>archive</kind>
         <file>F021_API_CortexR4_LE.lib</file>
         <name>Program.obj</name>
      </input_file>
      <input_file id="fl-28">
         <path>..\..\..\lib\</path>
         <kind>archive</kind>
         <file>F021_API_CortexR4_LE.lib</file>
         <name>Read.MarginByByte.obj</name>
      </input_file>
      <input_file id="fl-29">
         <path>..\..\..\lib\</path>
         <kind>archive</kind>
         <file>F021_API_CortexR4_LE.lib</file>
         <name>Read.WdService.obj</name>
      </input_file>
      <input_file id="fl-2a">
         <path>..\..\..\lib\</path>
         <kind>archive</kind>
         <file>F021_API_CortexR4_LE.lib</file>
         <name>Utilities.CalculateEcc.obj</name>
      </input_file>
      <input_file id="fl-2b">
         <path>..\..\..\lib\</path>
         <kind>archive</kind>
         <file>F021_API_CortexR4_LE.lib</file>
         <name>Utilities.CalculateFletcher.obj</name>
      </input_file>
      <input_file id="fl-2c">
         <path>..\..\..\lib\</path>
         <kind>archive</kind>
         <file>F021_API_CortexR4_LE.lib</file>
         <name>Utilities.GetNumberOfSectors.obj</name>
      </input_file>
      <input_file id="fl-2d">
         <path>..\..\..\lib\</path>
         <kind>archive</kind>
         <file>F021_API_CortexR4_LE.lib</file>
         <name>Read.Common.obj</name>
      </input_file>
      <input_file id="fl-2e">
         <path>..\..\..\lib\</path>
         <kind>archive</kind>
         <file>F021_API_CortexR4_LE.lib</file>
         <name>Read.FlushPipeline.obj</name>
      </input_file>
      <input_file id="fl-2f">
         <path>..\..\..\lib\</path>
         <kind>archive</kind>
         <file>F021_API_CortexR4_LE.lib</file>
         <name>Utilities.WaitDelay.obj</name>
      </input_file>
      <input_file id="fl-30">
         <path>..\..\..\lib\</path>
         <kind>archive</kind>
         <file>F021_API_CortexR4_LE.lib</file>
         <name>FlashStateMachine.Hercules.IsEccAddress.obj</name>
      </input_file>
      <input_file id="fl-31">
         <path>C:\ti\ccsv6\tools\compiler\ti-cgt-arm_5.2.5\lib\</path>
         <kind>archive</kind>
         <file>rtsv7R4_A_le_eabi.lib</file>
         <name>copy_decompress_none.obj</name>
      </input_file>
      <input_file id="fl-32">
         <path>C:\ti\ccsv6\tools\compiler\ti-cgt-arm_5.2.5\lib\</path>
         <kind>archive</kind>
         <file>rtsv7R4_A_le_eabi.lib</file>
         <name>copy_decompress_rle.obj</name>
      </input_file>
      <input_file id="fl-33">
         <path>C:\ti\ccsv6\tools\compiler\ti-cgt-arm_5.2.5\lib\</path>
         <kind>archive</kind>
         <file>rtsv7R4_A_le_eabi.lib</file>
         <name>copy_zero_init.obj</name>
      </input_file>
      <input_file id="fl-34">
         <path>C:\ti\ccsv6\tools\compiler\ti-cgt-arm_5.2.5\lib\</path>
         <kind>archive</kind>
         <file>rtsv7R4_A_le_eabi.lib</file>
         <name>cpy_tbl.obj</name>
      </input_file>
      <input_file id="fl-35">
         <path>C:\ti\ccsv6\tools\compiler\ti-cgt-arm_5.2.5\lib\</path>
         <kind>archive</kind>
         <file>rtsv7R4_A_le_eabi.lib</file>
         <name>exit.obj</name>
      </input_file>
      <input_file id="fl-36">
         <path>C:\ti\ccsv6\tools\compiler\ti-cgt-arm_5.2.5\lib\</path>
         <kind>archive</kind>
         <file>rtsv7R4_A_le_eabi.lib</file>
         <name>fd_add32.obj</name>
      </input_file>
      <input_file id="fl-37">
         <path>C:\ti\ccsv6\tools\compiler\ti-cgt-arm_5.2.5\lib\</path>
         <kind>archive</kind>
         <file>rtsv7R4_A_le_eabi.lib</file>
         <name>fd_div32.obj</name>
      </input_file>
      <input_file id="fl-38">
         <path>C:\ti\ccsv6\tools\compiler\ti-cgt-arm_5.2.5\lib\</path>
         <kind>archive</kind>
         <file>rtsv7R4_A_le_eabi.lib</file>
         <name>fd_tou32.obj</name>
      </input_file>
      <input_file id="fl-39">
         <path>C:\ti\ccsv6\tools\compiler\ti-cgt-arm_5.2.5\lib\</path>
         <kind>archive</kind>
         <file>rtsv7R4_A_le_eabi.lib</file>
         <name>memcpy32.obj</name>
      </input_file>
      <input_file id="fl-3a">
         <path>C:\ti\ccsv6\tools\compiler\ti-cgt-arm_5.2.5\lib\</path>
         <kind>archive</kind>
         <file>rtsv7R4_A_le_eabi.lib</file>
         <name>memset32.obj</name>
      </input_file>
      <input_file id="fl-3b">
         <path>C:\ti\ccsv6\tools\compiler\ti-cgt-arm_5.2.5\lib\</path>
         <kind>archive</kind>
         <file>rtsv7R4_A_le_eabi.lib</file>
         <name>u_div32.obj</name>
      </input_file>
      <input_file id="fl-3c">
         <path>C:\ti\ccsv6\tools\compiler\ti-cgt-arm_5.2.5\lib\</path>
         <kind>archive</kind>
         <file>rtsv7R4_A_le_eabi.lib</file>
         <name>u_tofd32.obj</name>
      </input_file>
      <input_file id="fl-3d">
         <path>C:\ti\ccsv6\tools\compiler\ti-cgt-arm_5.2.5\lib\</path>
         <kind>archive</kind>
         <file>rtsv7R4_A_le_eabi.lib</file>
         <name>_lock.obj</name>
      </input_file>
      <input_file id="fl-3e">
         <path>C:\ti\ccsv6\tools\compiler\ti-cgt-arm_5.2.5\lib\</path>
         <kind>archive</kind>
         <file>rtsv7R4_A_le_eabi.lib</file>
         <name>i_div0.obj</name>
      </input_file>
   </input_file_list>
   <object_component_list>
      <object_component id="oc-30">
         <name>.intvecs</name>
         <load_address>0x0</load_address>
         <run_address>0x0</run_address>
         <size>0x20</size>
         <input_file_ref idref="fl-16"/>
      </object_component>
      <object_component id="oc-24d">
         <name>.text</name>
         <load_address>0x20</load_address>
         <run_address>0x8002000</run_address>
         <size>0x8</size>
         <input_file_ref idref="fl-2"/>
      </object_component>
      <object_component id="oc-16c">
         <name>.text</name>
         <load_address>0x28</load_address>
         <run_address>0x8002008</run_address>
         <size>0x71c</size>
         <input_file_ref idref="fl-5"/>
      </object_component>
      <object_component id="oc-18e">
         <name>.text:Fapi_initializeFlashBanks</name>
         <load_address>0x744</load_address>
         <run_address>0x8002724</run_address>
         <size>0x260</size>
         <input_file_ref idref="fl-23"/>
      </object_component>
      <object_component id="oc-194">
         <name>.text:Fapi_setActiveFlashBank</name>
         <load_address>0x9a4</load_address>
         <run_address>0x8002984</run_address>
         <size>0x17c</size>
         <input_file_ref idref="fl-26"/>
      </object_component>
      <object_component id="oc-1a6">
         <name>.text:Fapi_issueProgrammingCommand</name>
         <load_address>0xb20</load_address>
         <run_address>0x8002b00</run_address>
         <size>0x170</size>
         <input_file_ref idref="fl-27"/>
      </object_component>
      <object_component id="oc-19a">
         <name>.text:Fapi_enableMainBankSectors</name>
         <load_address>0xc90</load_address>
         <run_address>0x8002c70</run_address>
         <size>0x70</size>
         <input_file_ref idref="fl-22"/>
      </object_component>
      <object_component id="oc-1fa">
         <name>.text:_Fapi_enterMarginMode</name>
         <load_address>0xd00</load_address>
         <run_address>0x8002ce0</run_address>
         <size>0x68</size>
         <input_file_ref idref="fl-2d"/>
      </object_component>
      <object_component id="oc-1bb">
         <name>.text:Fapi_calculateFletcherChecksum</name>
         <load_address>0xd68</load_address>
         <run_address>0x8002d48</run_address>
         <size>0x40</size>
         <input_file_ref idref="fl-2b"/>
      </object_component>
      <object_component id="oc-1ac">
         <name>.text:Fapi_doMarginReadByByte</name>
         <load_address>0xda8</load_address>
         <run_address>0x8002d88</run_address>
         <size>0x40</size>
         <input_file_ref idref="fl-28"/>
      </object_component>
      <object_component id="oc-1e5">
         <name>.text:_Fapi_issueFsmCommand</name>
         <load_address>0xde8</load_address>
         <run_address>0x8002dc8</run_address>
         <size>0x3c</size>
         <input_file_ref idref="fl-24"/>
      </object_component>
      <object_component id="oc-1a0">
         <name>.text:Fapi_issueAsyncCommandWithAddress</name>
         <load_address>0xe24</load_address>
         <run_address>0x8002e04</run_address>
         <size>0x30</size>
         <input_file_ref idref="fl-21"/>
      </object_component>
      <object_component id="oc-263">
         <name>.text:Fapi_waitDelay</name>
         <load_address>0xe54</load_address>
         <run_address>0x8002e34</run_address>
         <size>0x30</size>
         <input_file_ref idref="fl-2f"/>
      </object_component>
      <object_component id="oc-206">
         <name>.text:_Fapi_exitMarginMode</name>
         <load_address>0xe84</load_address>
         <run_address>0x8002e64</run_address>
         <size>0x2c</size>
         <input_file_ref idref="fl-2d"/>
      </object_component>
      <object_component id="oc-245">
         <name>.text:Fapi_flushPipeline</name>
         <load_address>0xeb0</load_address>
         <run_address>0x8002e90</run_address>
         <size>0x22</size>
         <input_file_ref idref="fl-2e"/>
      </object_component>
      <object_component id="oc-1c1">
         <name>.text:_Fapi_divideUnsignedLong</name>
         <load_address>0xed2</load_address>
         <run_address>0x8002eb2</run_address>
         <size>0x1c</size>
         <input_file_ref idref="fl-23"/>
      </object_component>
      <object_component id="oc-1ed">
         <name>.text:Fapi_calculateEcc</name>
         <load_address>0xef0</load_address>
         <run_address>0x8002ed0</run_address>
         <size>0x14</size>
         <input_file_ref idref="fl-2a"/>
      </object_component>
      <object_component id="oc-1dd">
         <name>.text:Fapi_getNumberOfBankSectors</name>
         <load_address>0xf04</load_address>
         <run_address>0x8002ee4</run_address>
         <size>0x10</size>
         <input_file_ref idref="fl-2c"/>
      </object_component>
      <object_component id="oc-1cd">
         <name>.text:_scaleEEFclk</name>
         <load_address>0xf14</load_address>
         <run_address>0x8002ef4</run_address>
         <size>0x10</size>
         <input_file_ref idref="fl-25"/>
      </object_component>
      <object_component id="oc-1c7">
         <name>.text:_scaleMainFclk</name>
         <load_address>0xf24</load_address>
         <run_address>0x8002f04</run_address>
         <size>0x10</size>
         <input_file_ref idref="fl-25"/>
      </object_component>
      <object_component id="oc-200">
         <name>.text:_Fapi_checkWdService</name>
         <load_address>0xf34</load_address>
         <run_address>0x8002f14</run_address>
         <size>0xc</size>
         <input_file_ref idref="fl-29"/>
      </object_component>
      <object_component id="oc-29a">
         <name>.tramp.Fapi_serviceWatchdogTimer.1</name>
         <load_address>0xf40</load_address>
         <run_address>0x8002f20</run_address>
         <size>0x8</size>
         <input_file_ref idref="fl-2"/>
      </object_component>
      <object_component id="oc-11b">
         <name>.text</name>
         <load_address>0x1500</load_address>
         <run_address>0x1500</run_address>
         <size>0xa84</size>
         <input_file_ref idref="fl-b"/>
      </object_component>
      <object_component id="oc-b6">
         <name>.text</name>
         <load_address>0x1f84</load_address>
         <run_address>0x1f84</run_address>
         <size>0x768</size>
         <input_file_ref idref="fl-13"/>
      </object_component>
      <object_component id="oc-c2">
         <name>.text</name>
         <load_address>0x26ec</load_address>
         <run_address>0x26ec</run_address>
         <size>0x658</size>
         <input_file_ref idref="fl-a"/>
      </object_component>
      <object_component id="oc-b0">
         <name>.text</name>
         <load_address>0x2d44</load_address>
         <run_address>0x2d44</run_address>
         <size>0x504</size>
         <input_file_ref idref="fl-10"/>
      </object_component>
      <object_component id="oc-65">
         <name>.text</name>
         <load_address>0x3248</load_address>
         <run_address>0x3248</run_address>
         <size>0x2fc</size>
         <input_file_ref idref="fl-19"/>
      </object_component>
      <object_component id="oc-21">
         <name>.text:retain</name>
         <load_address>0x3544</load_address>
         <run_address>0x3544</run_address>
         <size>0x2e0</size>
         <input_file_ref idref="fl-18"/>
      </object_component>
      <object_component id="oc-60">
         <name>.text</name>
         <load_address>0x3824</load_address>
         <run_address>0x3824</run_address>
         <size>0x288</size>
         <input_file_ref idref="fl-15"/>
      </object_component>
      <object_component id="oc-fe">
         <name>.text</name>
         <load_address>0x3aac</load_address>
         <run_address>0x3aac</run_address>
         <size>0x214</size>
         <input_file_ref idref="fl-36"/>
      </object_component>
      <object_component id="oc-179">
         <name>.text</name>
         <load_address>0x3cc0</load_address>
         <run_address>0x3cc0</run_address>
         <size>0x194</size>
         <input_file_ref idref="fl-e"/>
      </object_component>
      <object_component id="oc-f9">
         <name>.text</name>
         <load_address>0x3e54</load_address>
         <run_address>0x3e54</run_address>
         <size>0x190</size>
         <input_file_ref idref="fl-37"/>
      </object_component>
      <object_component id="oc-3b">
         <name>.text</name>
         <load_address>0x3fe4</load_address>
         <run_address>0x3fe4</run_address>
         <size>0x180</size>
         <input_file_ref idref="fl-39"/>
      </object_component>
      <object_component id="oc-127">
         <name>.text</name>
         <load_address>0x4164</load_address>
         <run_address>0x4164</run_address>
         <size>0x158</size>
         <input_file_ref idref="fl-14"/>
      </object_component>
      <object_component id="oc-27">
         <name>.text:retain</name>
         <load_address>0x42bc</load_address>
         <run_address>0x42bc</run_address>
         <size>0x130</size>
         <input_file_ref idref="fl-d"/>
      </object_component>
      <object_component id="oc-71">
         <name>.text</name>
         <load_address>0x43ec</load_address>
         <run_address>0x43ec</run_address>
         <size>0x108</size>
         <input_file_ref idref="fl-7"/>
      </object_component>
      <object_component id="oc-bc">
         <name>.text</name>
         <load_address>0x44f4</load_address>
         <run_address>0x44f4</run_address>
         <size>0xec</size>
         <input_file_ref idref="fl-3"/>
      </object_component>
      <object_component id="oc-121">
         <name>.text</name>
         <load_address>0x45e0</load_address>
         <run_address>0x45e0</run_address>
         <size>0xb4</size>
         <input_file_ref idref="fl-6"/>
      </object_component>
      <object_component id="oc-54">
         <name>.text</name>
         <load_address>0x4694</load_address>
         <run_address>0x4694</run_address>
         <size>0xb0</size>
         <input_file_ref idref="fl-3a"/>
      </object_component>
      <object_component id="oc-47">
         <name>.text</name>
         <load_address>0x4744</load_address>
         <run_address>0x4744</run_address>
         <size>0x9c</size>
         <input_file_ref idref="fl-32"/>
      </object_component>
      <object_component id="oc-6b">
         <name>.text</name>
         <load_address>0x47e0</load_address>
         <run_address>0x47e0</run_address>
         <size>0x84</size>
         <input_file_ref idref="fl-34"/>
      </object_component>
      <object_component id="oc-77">
         <name>.text</name>
         <load_address>0x4864</load_address>
         <run_address>0x4864</run_address>
         <size>0x78</size>
         <input_file_ref idref="fl-35"/>
      </object_component>
      <object_component id="oc-103">
         <name>.text</name>
         <load_address>0x48dc</load_address>
         <run_address>0x48dc</run_address>
         <size>0x5c</size>
         <input_file_ref idref="fl-38"/>
      </object_component>
      <object_component id="oc-167">
         <name>.text</name>
         <load_address>0x4938</load_address>
         <run_address>0x4938</run_address>
         <size>0x5c</size>
         <input_file_ref idref="fl-1a"/>
      </object_component>
      <object_component id="oc-10c">
         <name>.text</name>
         <load_address>0x4994</load_address>
         <run_address>0x4994</run_address>
         <size>0x50</size>
         <input_file_ref idref="fl-3b"/>
      </object_component>
      <object_component id="oc-f4">
         <name>.text</name>
         <load_address>0x49e4</load_address>
         <run_address>0x49e4</run_address>
         <size>0x34</size>
         <input_file_ref idref="fl-3c"/>
      </object_component>
      <object_component id="oc-141">
         <name>.text</name>
         <load_address>0x4a18</load_address>
         <run_address>0x4a18</run_address>
         <size>0x24</size>
         <input_file_ref idref="fl-3d"/>
      </object_component>
      <object_component id="oc-89">
         <name>.text</name>
         <load_address>0x4a3c</load_address>
         <run_address>0x4a3c</run_address>
         <size>0x20</size>
         <input_file_ref idref="fl-12"/>
      </object_component>
      <object_component id="oc-f">
         <name>.text:decompress:none</name>
         <load_address>0x4a5c</load_address>
         <run_address>0x4a5c</run_address>
         <size>0x14</size>
         <input_file_ref idref="fl-31"/>
      </object_component>
      <object_component id="oc-1b">
         <name>.text:decompress:ZI</name>
         <load_address>0x4a70</load_address>
         <run_address>0x4a70</run_address>
         <size>0x10</size>
         <input_file_ref idref="fl-33"/>
      </object_component>
      <object_component id="oc-15">
         <name>.text:decompress:rle24</name>
         <load_address>0x4a80</load_address>
         <run_address>0x4a80</run_address>
         <size>0x8</size>
         <input_file_ref idref="fl-32"/>
      </object_component>
      <object_component id="oc-35">
         <name>.text:retain</name>
         <load_address>0x4a88</load_address>
         <run_address>0x4a88</run_address>
         <size>0x4</size>
         <input_file_ref idref="fl-17"/>
      </object_component>
      <object_component id="oc-15a">
         <name>.text</name>
         <load_address>0x4a8c</load_address>
         <run_address>0x4a8c</run_address>
         <size>0x4</size>
         <input_file_ref idref="fl-3e"/>
      </object_component>
      <object_component id="oc-29d">
         <name>.tramp.Fapi_BlockProgram.1</name>
         <load_address>0x4a90</load_address>
         <run_address>0x4a90</run_address>
         <size>0x8</size>
         <input_file_ref idref="fl-5"/>
      </object_component>
      <object_component id="oc-29c">
         <name>.tramp.Fapi_BlockErase.1</name>
         <load_address>0x4a98</load_address>
         <run_address>0x4a98</run_address>
         <size>0x8</size>
         <input_file_ref idref="fl-5"/>
      </object_component>
      <object_component id="oc-29b">
         <name>.tramp.BLInternalFlashStartAddrCheck.1</name>
         <load_address>0x4aa0</load_address>
         <run_address>0x4aa0</run_address>
         <size>0x8</size>
         <input_file_ref idref="fl-5"/>
      </object_component>
      <object_component id="oc-2d">
         <name>.const:s_vim_init</name>
         <load_address>0x4aa8</load_address>
         <run_address>0x4aa8</run_address>
         <size>0x204</size>
         <input_file_ref idref="fl-18"/>
      </object_component>
      <object_component id="oc-1b2">
         <name>.const:flash_sector</name>
         <load_address>0x4cac</load_address>
         <run_address>0x4cac</run_address>
         <size>0x12c</size>
         <input_file_ref idref="fl-5"/>
      </object_component>
      <object_component id="oc-12d">
         <name>.const:.string</name>
         <load_address>0x4dd8</load_address>
         <run_address>0x4dd8</run_address>
         <size>0xa</size>
         <input_file_ref idref="fl-a"/>
      </object_component>
      <object_component id="oc-298">
         <name>.cinit..data.load</name>
         <load_address>0x4de8</load_address>
         <run_address>0x4de8</run_address>
         <size>0x21</size>
      </object_component>
      <object_component id="oc-296">
         <name>__TI_handler_table</name>
         <load_address>0x4e0c</load_address>
         <run_address>0x4e0c</run_address>
         <size>0xc</size>
      </object_component>
      <object_component id="oc-299">
         <name>.cinit..bss.load</name>
         <load_address>0x4e18</load_address>
         <run_address>0x4e18</run_address>
         <size>0x8</size>
      </object_component>
      <object_component id="oc-297">
         <name>__TI_cinit_table</name>
         <load_address>0x4e20</load_address>
         <run_address>0x4e20</run_address>
         <size>0x10</size>
      </object_component>
      <object_component id="oc-133">
         <name>.bss:fileName</name>
         <uninitialized>true</uninitialized>
         <run_address>0x800336c</run_address>
         <size>0x60</size>
         <input_file_ref idref="fl-b"/>
      </object_component>
      <object_component id="oc-114">
         <name>.common:g_ulForced</name>
         <uninitialized>true</uninitialized>
         <run_address>0x80033f8</run_address>
         <size>0x4</size>
      </object_component>
      <object_component id="oc-c8">
         <name>.common:delayval$1</name>
         <uninitialized>true</uninitialized>
         <run_address>0x80033f4</run_address>
         <size>0x4</size>
      </object_component>
      <object_component id="oc-c9">
         <name>.common:g_ulTransferAddress</name>
         <uninitialized>true</uninitialized>
         <run_address>0x80033fc</run_address>
         <size>0x4</size>
      </object_component>
      <object_component id="oc-136">
         <name>.common:JumpAddress</name>
         <uninitialized>true</uninitialized>
         <run_address>0x80033f0</run_address>
         <size>0x4</size>
      </object_component>
      <object_component id="oc-108">
         <name>.common:g_sciTransfer</name>
         <uninitialized>true</uninitialized>
         <run_address>0x80033cc</run_address>
         <size>0x18</size>
      </object_component>
      <object_component id="oc-111">
         <name>.common:num_str$1</name>
         <uninitialized>true</uninitialized>
         <run_address>0x80033e4</run_address>
         <size>0xc</size>
      </object_component>
      <object_component id="oc-117">
         <name>.data</name>
         <load_address>0x8003328</load_address>
         <run_address>0x8003328</run_address>
         <size>0x28</size>
         <input_file_ref idref="fl-7"/>
      </object_component>
      <object_component id="oc-130">
         <name>.data:tab_1024</name>
         <load_address>0x8002f28</load_address>
         <run_address>0x8002f28</run_address>
         <size>0x400</size>
         <input_file_ref idref="fl-a"/>
      </object_component>
      <object_component id="oc-226">
         <name>.data</name>
         <load_address>0x8003350</load_address>
         <run_address>0x8003350</run_address>
         <size>0x8</size>
         <input_file_ref idref="fl-25"/>
      </object_component>
      <object_component id="oc-1da">
         <name>.data</name>
         <load_address>0x8003368</load_address>
         <run_address>0x8003368</run_address>
         <size>0x1</size>
         <input_file_ref idref="fl-26"/>
      </object_component>
      <object_component id="oc-d0">
         <name>.data</name>
         <load_address>0x8003360</load_address>
         <run_address>0x8003360</run_address>
         <size>0x8</size>
         <input_file_ref idref="fl-35"/>
      </object_component>
      <object_component id="oc-cd">
         <name>.data</name>
         <load_address>0x8003358</load_address>
         <run_address>0x8003358</run_address>
         <size>0x8</size>
         <input_file_ref idref="fl-3d"/>
      </object_component>
      <object_component id="oc-258">
         <name>.debug_info</name>
         <load_address>0x0</load_address>
         <run_address>0x0</run_address>
         <size>0x1fc</size>
         <input_file_ref idref="fl-2"/>
      </object_component>
      <object_component id="oc-24e">
         <name>.debug_info</name>
         <load_address>0x1fc</load_address>
         <run_address>0x1fc</run_address>
         <size>0x21b</size>
         <input_file_ref idref="fl-2"/>
      </object_component>
      <object_component id="oc-212">
         <name>.debug_info</name>
         <load_address>0x417</load_address>
         <run_address>0x417</run_address>
         <size>0xe57</size>
         <input_file_ref idref="fl-2"/>
      </object_component>
      <object_component id="oc-21c">
         <name>.debug_info</name>
         <load_address>0x126e</load_address>
         <run_address>0x126e</run_address>
         <size>0x26d5</size>
         <input_file_ref idref="fl-2"/>
      </object_component>
      <object_component id="oc-90">
         <name>.debug_info</name>
         <load_address>0x3943</load_address>
         <run_address>0x3943</run_address>
         <size>0x84</size>
         <input_file_ref idref="fl-2"/>
      </object_component>
      <object_component id="oc-7e">
         <name>.debug_info</name>
         <load_address>0x39c7</load_address>
         <run_address>0x39c7</run_address>
         <size>0x18b</size>
         <input_file_ref idref="fl-2"/>
      </object_component>
      <object_component id="oc-115">
         <name>.debug_info</name>
         <load_address>0x3b52</load_address>
         <run_address>0x3b52</run_address>
         <size>0x1bb</size>
         <input_file_ref idref="fl-3"/>
      </object_component>
      <object_component id="oc-bd">
         <name>.debug_info</name>
         <load_address>0x3d0d</load_address>
         <run_address>0x3d0d</run_address>
         <size>0x2dc</size>
         <input_file_ref idref="fl-3"/>
      </object_component>
      <object_component id="oc-e2">
         <name>.debug_info</name>
         <load_address>0x3fe9</load_address>
         <run_address>0x3fe9</run_address>
         <size>0x1d1</size>
         <input_file_ref idref="fl-3"/>
      </object_component>
      <object_component id="oc-13c">
         <name>.debug_info</name>
         <load_address>0x41ba</load_address>
         <run_address>0x41ba</run_address>
         <size>0x292</size>
         <input_file_ref idref="fl-3"/>
      </object_component>
      <object_component id="oc-1b6">
         <name>.debug_info</name>
         <load_address>0x444c</load_address>
         <run_address>0x444c</run_address>
         <size>0x411</size>
         <input_file_ref idref="fl-5"/>
      </object_component>
      <object_component id="oc-1b3">
         <name>.debug_info</name>
         <load_address>0x485d</load_address>
         <run_address>0x485d</run_address>
         <size>0x12a</size>
         <input_file_ref idref="fl-5"/>
      </object_component>
      <object_component id="oc-16d">
         <name>.debug_info</name>
         <load_address>0x4987</load_address>
         <run_address>0x4987</run_address>
         <size>0x127a</size>
         <input_file_ref idref="fl-5"/>
      </object_component>
      <object_component id="oc-217">
         <name>.debug_info</name>
         <load_address>0x5c01</load_address>
         <run_address>0x5c01</run_address>
         <size>0x11d</size>
         <input_file_ref idref="fl-5"/>
      </object_component>
      <object_component id="oc-122">
         <name>.debug_info</name>
         <load_address>0x5d1e</load_address>
         <run_address>0x5d1e</run_address>
         <size>0x238</size>
         <input_file_ref idref="fl-6"/>
      </object_component>
      <object_component id="oc-a4">
         <name>.debug_info</name>
         <load_address>0x5f56</load_address>
         <run_address>0x5f56</run_address>
         <size>0x2c</size>
         <input_file_ref idref="fl-6"/>
      </object_component>
      <object_component id="oc-ca">
         <name>.debug_info</name>
         <load_address>0x5f82</load_address>
         <run_address>0x5f82</run_address>
         <size>0x28e</size>
         <input_file_ref idref="fl-7"/>
      </object_component>
      <object_component id="oc-118">
         <name>.debug_info</name>
         <load_address>0x6210</load_address>
         <run_address>0x6210</run_address>
         <size>0x1a7</size>
         <input_file_ref idref="fl-7"/>
      </object_component>
      <object_component id="oc-72">
         <name>.debug_info</name>
         <load_address>0x63b7</load_address>
         <run_address>0x63b7</run_address>
         <size>0x402</size>
         <input_file_ref idref="fl-7"/>
      </object_component>
      <object_component id="oc-dd">
         <name>.debug_info</name>
         <load_address>0x67b9</load_address>
         <run_address>0x67b9</run_address>
         <size>0xedd</size>
         <input_file_ref idref="fl-7"/>
      </object_component>
      <object_component id="oc-137">
         <name>.debug_info</name>
         <load_address>0x7696</load_address>
         <run_address>0x7696</run_address>
         <size>0x363</size>
         <input_file_ref idref="fl-a"/>
      </object_component>
      <object_component id="oc-131">
         <name>.debug_info</name>
         <load_address>0x79f9</load_address>
         <run_address>0x79f9</run_address>
         <size>0x121</size>
         <input_file_ref idref="fl-a"/>
      </object_component>
      <object_component id="oc-12e">
         <name>.debug_info</name>
         <load_address>0x7b1a</load_address>
         <run_address>0x7b1a</run_address>
         <size>0x11e</size>
         <input_file_ref idref="fl-a"/>
      </object_component>
      <object_component id="oc-c3">
         <name>.debug_info</name>
         <load_address>0x7c38</load_address>
         <run_address>0x7c38</run_address>
         <size>0x695</size>
         <input_file_ref idref="fl-a"/>
      </object_component>
      <object_component id="oc-173">
         <name>.debug_info</name>
         <load_address>0x82cd</load_address>
         <run_address>0x82cd</run_address>
         <size>0x40a</size>
         <input_file_ref idref="fl-b"/>
      </object_component>
      <object_component id="oc-134">
         <name>.debug_info</name>
         <load_address>0x86d7</load_address>
         <run_address>0x86d7</run_address>
         <size>0x123</size>
         <input_file_ref idref="fl-b"/>
      </object_component>
      <object_component id="oc-11c">
         <name>.debug_info</name>
         <load_address>0x87fa</load_address>
         <run_address>0x87fa</run_address>
         <size>0xc26</size>
         <input_file_ref idref="fl-b"/>
      </object_component>
      <object_component id="oc-174">
         <name>.debug_info</name>
         <load_address>0x9420</load_address>
         <run_address>0x9420</run_address>
         <size>0x95</size>
         <input_file_ref idref="fl-b"/>
      </object_component>
      <object_component id="oc-28">
         <name>.debug_info</name>
         <load_address>0x94b5</load_address>
         <run_address>0x94b5</run_address>
         <size>0x250</size>
         <input_file_ref idref="fl-d"/>
      </object_component>
      <object_component id="oc-1ba">
         <name>.debug_info</name>
         <load_address>0x9705</load_address>
         <run_address>0x9705</run_address>
         <size>0x115</size>
         <input_file_ref idref="fl-e"/>
      </object_component>
      <object_component id="oc-17a">
         <name>.debug_info</name>
         <load_address>0x981a</load_address>
         <run_address>0x981a</run_address>
         <size>0x6bf</size>
         <input_file_ref idref="fl-e"/>
      </object_component>
      <object_component id="oc-109">
         <name>.debug_info</name>
         <load_address>0x9ed9</load_address>
         <run_address>0x9ed9</run_address>
         <size>0x14f</size>
         <input_file_ref idref="fl-10"/>
      </object_component>
      <object_component id="oc-b1">
         <name>.debug_info</name>
         <load_address>0xa028</load_address>
         <run_address>0xa028</run_address>
         <size>0xbb0</size>
         <input_file_ref idref="fl-10"/>
      </object_component>
      <object_component id="oc-155">
         <name>.debug_info</name>
         <load_address>0xabd8</load_address>
         <run_address>0xabd8</run_address>
         <size>0x77</size>
         <input_file_ref idref="fl-10"/>
      </object_component>
      <object_component id="oc-8a">
         <name>.debug_info</name>
         <load_address>0xac4f</load_address>
         <run_address>0xac4f</run_address>
         <size>0x321</size>
         <input_file_ref idref="fl-12"/>
      </object_component>
      <object_component id="oc-113">
         <name>.debug_info</name>
         <load_address>0xaf70</load_address>
         <run_address>0xaf70</run_address>
         <size>0x146</size>
         <input_file_ref idref="fl-13"/>
      </object_component>
      <object_component id="oc-b7">
         <name>.debug_info</name>
         <load_address>0xb0b6</load_address>
         <run_address>0xb0b6</run_address>
         <size>0xc69</size>
         <input_file_ref idref="fl-13"/>
      </object_component>
      <object_component id="oc-128">
         <name>.debug_info</name>
         <load_address>0xbd1f</load_address>
         <run_address>0xbd1f</run_address>
         <size>0x3d9</size>
         <input_file_ref idref="fl-14"/>
      </object_component>
      <object_component id="oc-61">
         <name>.debug_info</name>
         <load_address>0xc0f8</load_address>
         <run_address>0xc0f8</run_address>
         <size>0x7d5</size>
         <input_file_ref idref="fl-15"/>
      </object_component>
      <object_component id="oc-31">
         <name>.debug_info</name>
         <load_address>0xc8cd</load_address>
         <run_address>0xc8cd</run_address>
         <size>0x17e</size>
         <input_file_ref idref="fl-16"/>
      </object_component>
      <object_component id="oc-36">
         <name>.debug_info</name>
         <load_address>0xca4b</load_address>
         <run_address>0xca4b</run_address>
         <size>0x1d1</size>
         <input_file_ref idref="fl-17"/>
      </object_component>
      <object_component id="oc-83">
         <name>.debug_info</name>
         <load_address>0xcc1c</load_address>
         <run_address>0xcc1c</run_address>
         <size>0x488</size>
         <input_file_ref idref="fl-18"/>
      </object_component>
      <object_component id="oc-2e">
         <name>.debug_info</name>
         <load_address>0xd0a4</load_address>
         <run_address>0xd0a4</run_address>
         <size>0x128</size>
         <input_file_ref idref="fl-18"/>
      </object_component>
      <object_component id="oc-22">
         <name>.debug_info</name>
         <load_address>0xd1cc</load_address>
         <run_address>0xd1cc</run_address>
         <size>0x388</size>
         <input_file_ref idref="fl-18"/>
      </object_component>
      <object_component id="oc-d8">
         <name>.debug_info</name>
         <load_address>0xd554</load_address>
         <run_address>0xd554</run_address>
         <size>0x2bc</size>
         <input_file_ref idref="fl-18"/>
      </object_component>
      <object_component id="oc-84">
         <name>.debug_info</name>
         <load_address>0xd810</load_address>
         <run_address>0xd810</run_address>
         <size>0x6a</size>
         <input_file_ref idref="fl-18"/>
      </object_component>
      <object_component id="oc-66">
         <name>.debug_info</name>
         <load_address>0xd87a</load_address>
         <run_address>0xd87a</run_address>
         <size>0x6ab</size>
         <input_file_ref idref="fl-19"/>
      </object_component>
      <object_component id="oc-168">
         <name>.debug_info</name>
         <load_address>0xdf25</load_address>
         <run_address>0xdf25</run_address>
         <size>0x176</size>
         <input_file_ref idref="fl-1a"/>
      </object_component>
      <object_component id="oc-1ec">
         <name>.debug_info</name>
         <load_address>0xe09b</load_address>
         <run_address>0xe09b</run_address>
         <size>0x253</size>
         <input_file_ref idref="fl-21"/>
      </object_component>
      <object_component id="oc-1a3">
         <name>.debug_info</name>
         <load_address>0xe2ee</load_address>
         <run_address>0xe2ee</run_address>
         <size>0x24a</size>
         <input_file_ref idref="fl-21"/>
      </object_component>
      <object_component id="oc-1d4">
         <name>.debug_info</name>
         <load_address>0xe538</load_address>
         <run_address>0xe538</run_address>
         <size>0xe55</size>
         <input_file_ref idref="fl-21"/>
      </object_component>
      <object_component id="oc-232">
         <name>.debug_info</name>
         <load_address>0xf38d</load_address>
         <run_address>0xf38d</run_address>
         <size>0x26d5</size>
         <input_file_ref idref="fl-21"/>
      </object_component>
      <object_component id="oc-22d">
         <name>.debug_info</name>
         <load_address>0x11a62</load_address>
         <run_address>0x11a62</run_address>
         <size>0x1bfe</size>
         <input_file_ref idref="fl-21"/>
      </object_component>
      <object_component id="oc-1e4">
         <name>.debug_info</name>
         <load_address>0x13660</load_address>
         <run_address>0x13660</run_address>
         <size>0x266</size>
         <input_file_ref idref="fl-22"/>
      </object_component>
      <object_component id="oc-19d">
         <name>.debug_info</name>
         <load_address>0x138c6</load_address>
         <run_address>0x138c6</run_address>
         <size>0x26a</size>
         <input_file_ref idref="fl-22"/>
      </object_component>
      <object_component id="oc-1d9">
         <name>.debug_info</name>
         <load_address>0x13b30</load_address>
         <run_address>0x13b30</run_address>
         <size>0x2d4</size>
         <input_file_ref idref="fl-23"/>
      </object_component>
      <object_component id="oc-1c5">
         <name>.debug_info</name>
         <load_address>0x13e04</load_address>
         <run_address>0x13e04</run_address>
         <size>0x232</size>
         <input_file_ref idref="fl-23"/>
      </object_component>
      <object_component id="oc-192">
         <name>.debug_info</name>
         <load_address>0x14036</load_address>
         <run_address>0x14036</run_address>
         <size>0x3f8</size>
         <input_file_ref idref="fl-23"/>
      </object_component>
      <object_component id="oc-23e">
         <name>.debug_info</name>
         <load_address>0x1442e</load_address>
         <run_address>0x1442e</run_address>
         <size>0x218</size>
         <input_file_ref idref="fl-24"/>
      </object_component>
      <object_component id="oc-1e8">
         <name>.debug_info</name>
         <load_address>0x14646</load_address>
         <run_address>0x14646</run_address>
         <size>0x1b7</size>
         <input_file_ref idref="fl-24"/>
      </object_component>
      <object_component id="oc-228">
         <name>.debug_info</name>
         <load_address>0x147fd</load_address>
         <run_address>0x147fd</run_address>
         <size>0x278</size>
         <input_file_ref idref="fl-25"/>
      </object_component>
      <object_component id="oc-1ca">
         <name>.debug_info</name>
         <load_address>0x14a75</load_address>
         <run_address>0x14a75</run_address>
         <size>0x1d6</size>
         <input_file_ref idref="fl-25"/>
      </object_component>
      <object_component id="oc-1d1">
         <name>.debug_info</name>
         <load_address>0x14c4b</load_address>
         <run_address>0x14c4b</run_address>
         <size>0x1ce</size>
         <input_file_ref idref="fl-25"/>
      </object_component>
      <object_component id="oc-1dc">
         <name>.debug_info</name>
         <load_address>0x14e19</load_address>
         <run_address>0x14e19</run_address>
         <size>0x27c</size>
         <input_file_ref idref="fl-26"/>
      </object_component>
      <object_component id="oc-195">
         <name>.debug_info</name>
         <load_address>0x15095</load_address>
         <run_address>0x15095</run_address>
         <size>0x328</size>
         <input_file_ref idref="fl-26"/>
      </object_component>
      <object_component id="oc-1f4">
         <name>.debug_info</name>
         <load_address>0x153bd</load_address>
         <run_address>0x153bd</run_address>
         <size>0x296</size>
         <input_file_ref idref="fl-27"/>
      </object_component>
      <object_component id="oc-1a7">
         <name>.debug_info</name>
         <load_address>0x15653</load_address>
         <run_address>0x15653</run_address>
         <size>0x61a</size>
         <input_file_ref idref="fl-27"/>
      </object_component>
      <object_component id="oc-1f5">
         <name>.debug_info</name>
         <load_address>0x15c6d</load_address>
         <run_address>0x15c6d</run_address>
         <size>0x72</size>
         <input_file_ref idref="fl-27"/>
      </object_component>
      <object_component id="oc-20d">
         <name>.debug_info</name>
         <load_address>0x15cdf</load_address>
         <run_address>0x15cdf</run_address>
         <size>0x2cd</size>
         <input_file_ref idref="fl-28"/>
      </object_component>
      <object_component id="oc-1af">
         <name>.debug_info</name>
         <load_address>0x15fac</load_address>
         <run_address>0x15fac</run_address>
         <size>0x2fb</size>
         <input_file_ref idref="fl-28"/>
      </object_component>
      <object_component id="oc-254">
         <name>.debug_info</name>
         <load_address>0x162a7</load_address>
         <run_address>0x162a7</run_address>
         <size>0x243</size>
         <input_file_ref idref="fl-29"/>
      </object_component>
      <object_component id="oc-204">
         <name>.debug_info</name>
         <load_address>0x164ea</load_address>
         <run_address>0x164ea</run_address>
         <size>0x1a1</size>
         <input_file_ref idref="fl-29"/>
      </object_component>
      <object_component id="oc-242">
         <name>.debug_info</name>
         <load_address>0x1668b</load_address>
         <run_address>0x1668b</run_address>
         <size>0x212</size>
         <input_file_ref idref="fl-2a"/>
      </object_component>
      <object_component id="oc-1ef">
         <name>.debug_info</name>
         <load_address>0x1689d</load_address>
         <run_address>0x1689d</run_address>
         <size>0x1c9</size>
         <input_file_ref idref="fl-2a"/>
      </object_component>
      <object_component id="oc-224">
         <name>.debug_info</name>
         <load_address>0x16a66</load_address>
         <run_address>0x16a66</run_address>
         <size>0x218</size>
         <input_file_ref idref="fl-2b"/>
      </object_component>
      <object_component id="oc-1be">
         <name>.debug_info</name>
         <load_address>0x16c7e</load_address>
         <run_address>0x16c7e</run_address>
         <size>0x255</size>
         <input_file_ref idref="fl-2b"/>
      </object_component>
      <object_component id="oc-23a">
         <name>.debug_info</name>
         <load_address>0x16ed3</load_address>
         <run_address>0x16ed3</run_address>
         <size>0x213</size>
         <input_file_ref idref="fl-2c"/>
      </object_component>
      <object_component id="oc-1df">
         <name>.debug_info</name>
         <load_address>0x170e6</load_address>
         <run_address>0x170e6</run_address>
         <size>0x1b0</size>
         <input_file_ref idref="fl-2c"/>
      </object_component>
      <object_component id="oc-24c">
         <name>.debug_info</name>
         <load_address>0x17296</load_address>
         <run_address>0x17296</run_address>
         <size>0x281</size>
         <input_file_ref idref="fl-2d"/>
      </object_component>
      <object_component id="oc-208">
         <name>.debug_info</name>
         <load_address>0x17517</load_address>
         <run_address>0x17517</run_address>
         <size>0x1a8</size>
         <input_file_ref idref="fl-2d"/>
      </object_component>
      <object_component id="oc-1fc">
         <name>.debug_info</name>
         <load_address>0x176bf</load_address>
         <run_address>0x176bf</run_address>
         <size>0x22f</size>
         <input_file_ref idref="fl-2d"/>
      </object_component>
      <object_component id="oc-26a">
         <name>.debug_info</name>
         <load_address>0x178ee</load_address>
         <run_address>0x178ee</run_address>
         <size>0x236</size>
         <input_file_ref idref="fl-2e"/>
      </object_component>
      <object_component id="oc-249">
         <name>.debug_info</name>
         <load_address>0x17b24</load_address>
         <run_address>0x17b24</run_address>
         <size>0x185</size>
         <input_file_ref idref="fl-2e"/>
      </object_component>
      <object_component id="oc-273">
         <name>.debug_info</name>
         <load_address>0x17ca9</load_address>
         <run_address>0x17ca9</run_address>
         <size>0x20a</size>
         <input_file_ref idref="fl-2f"/>
      </object_component>
      <object_component id="oc-266">
         <name>.debug_info</name>
         <load_address>0x17eb3</load_address>
         <run_address>0x17eb3</run_address>
         <size>0x1d2</size>
         <input_file_ref idref="fl-2f"/>
      </object_component>
      <object_component id="oc-46">
         <name>.debug_info</name>
         <load_address>0x18085</load_address>
         <run_address>0x18085</run_address>
         <size>0x104</size>
         <input_file_ref idref="fl-31"/>
      </object_component>
      <object_component id="oc-10">
         <name>.debug_info</name>
         <load_address>0x18189</load_address>
         <run_address>0x18189</run_address>
         <size>0x193</size>
         <input_file_ref idref="fl-31"/>
      </object_component>
      <object_component id="oc-41">
         <name>.debug_info</name>
         <load_address>0x1831c</load_address>
         <run_address>0x1831c</run_address>
         <size>0x46</size>
         <input_file_ref idref="fl-31"/>
      </object_component>
      <object_component id="oc-9a">
         <name>.debug_info</name>
         <load_address>0x18362</load_address>
         <run_address>0x18362</run_address>
         <size>0x2c</size>
         <input_file_ref idref="fl-31"/>
      </object_component>
      <object_component id="oc-4e">
         <name>.debug_info</name>
         <load_address>0x1838e</load_address>
         <run_address>0x1838e</run_address>
         <size>0xfd</size>
         <input_file_ref idref="fl-32"/>
      </object_component>
      <object_component id="oc-49">
         <name>.debug_info</name>
         <load_address>0x1848b</load_address>
         <run_address>0x1848b</run_address>
         <size>0x210</size>
         <input_file_ref idref="fl-32"/>
      </object_component>
      <object_component id="oc-17">
         <name>.debug_info</name>
         <load_address>0x1869b</load_address>
         <run_address>0x1869b</run_address>
         <size>0x17a</size>
         <input_file_ref idref="fl-32"/>
      </object_component>
      <object_component id="oc-4f">
         <name>.debug_info</name>
         <load_address>0x18815</load_address>
         <run_address>0x18815</run_address>
         <size>0x39</size>
         <input_file_ref idref="fl-32"/>
      </object_component>
      <object_component id="oc-5f">
         <name>.debug_info</name>
         <load_address>0x1884e</load_address>
         <run_address>0x1884e</run_address>
         <size>0xf3</size>
         <input_file_ref idref="fl-33"/>
      </object_component>
      <object_component id="oc-1c">
         <name>.debug_info</name>
         <load_address>0x18941</load_address>
         <run_address>0x18941</run_address>
         <size>0x15e</size>
         <input_file_ref idref="fl-33"/>
      </object_component>
      <object_component id="oc-5a">
         <name>.debug_info</name>
         <load_address>0x18a9f</load_address>
         <run_address>0x18a9f</run_address>
         <size>0x46</size>
         <input_file_ref idref="fl-33"/>
      </object_component>
      <object_component id="oc-af">
         <name>.debug_info</name>
         <load_address>0x18ae5</load_address>
         <run_address>0x18ae5</run_address>
         <size>0x1a9</size>
         <input_file_ref idref="fl-34"/>
      </object_component>
      <object_component id="oc-6c">
         <name>.debug_info</name>
         <load_address>0x18c8e</load_address>
         <run_address>0x18c8e</run_address>
         <size>0x14c</size>
         <input_file_ref idref="fl-34"/>
      </object_component>
      <object_component id="oc-ea">
         <name>.debug_info</name>
         <load_address>0x18dda</load_address>
         <run_address>0x18dda</run_address>
         <size>0x2c</size>
         <input_file_ref idref="fl-34"/>
      </object_component>
      <object_component id="oc-ef">
         <name>.debug_info</name>
         <load_address>0x18e06</load_address>
         <run_address>0x18e06</run_address>
         <size>0xcd</size>
         <input_file_ref idref="fl-34"/>
      </object_component>
      <object_component id="oc-d4">
         <name>.debug_info</name>
         <load_address>0x18ed3</load_address>
         <run_address>0x18ed3</run_address>
         <size>0x15a</size>
         <input_file_ref idref="fl-35"/>
      </object_component>
      <object_component id="oc-d1">
         <name>.debug_info</name>
         <load_address>0x1902d</load_address>
         <run_address>0x1902d</run_address>
         <size>0xff</size>
         <input_file_ref idref="fl-35"/>
      </object_component>
      <object_component id="oc-7a">
         <name>.debug_info</name>
         <load_address>0x1912c</load_address>
         <run_address>0x1912c</run_address>
         <size>0x1d6</size>
         <input_file_ref idref="fl-35"/>
      </object_component>
      <object_component id="oc-ff">
         <name>.debug_info</name>
         <load_address>0x19302</load_address>
         <run_address>0x19302</run_address>
         <size>0x128</size>
         <input_file_ref idref="fl-36"/>
      </object_component>
      <object_component id="oc-fa">
         <name>.debug_info</name>
         <load_address>0x1942a</load_address>
         <run_address>0x1942a</run_address>
         <size>0x10d</size>
         <input_file_ref idref="fl-37"/>
      </object_component>
      <object_component id="oc-104">
         <name>.debug_info</name>
         <load_address>0x19537</load_address>
         <run_address>0x19537</run_address>
         <size>0x106</size>
         <input_file_ref idref="fl-38"/>
      </object_component>
      <object_component id="oc-3d">
         <name>.debug_info</name>
         <load_address>0x1963d</load_address>
         <run_address>0x1963d</run_address>
         <size>0x149</size>
         <input_file_ref idref="fl-39"/>
      </object_component>
      <object_component id="oc-55">
         <name>.debug_info</name>
         <load_address>0x19786</load_address>
         <run_address>0x19786</run_address>
         <size>0x111</size>
         <input_file_ref idref="fl-3a"/>
      </object_component>
      <object_component id="oc-10d">
         <name>.debug_info</name>
         <load_address>0x19897</load_address>
         <run_address>0x19897</run_address>
         <size>0x116</size>
         <input_file_ref idref="fl-3b"/>
      </object_component>
      <object_component id="oc-f5">
         <name>.debug_info</name>
         <load_address>0x199ad</load_address>
         <run_address>0x199ad</run_address>
         <size>0xf2</size>
         <input_file_ref idref="fl-3c"/>
      </object_component>
      <object_component id="oc-149">
         <name>.debug_info</name>
         <load_address>0x19a9f</load_address>
         <run_address>0x19a9f</run_address>
         <size>0xed</size>
         <input_file_ref idref="fl-3d"/>
      </object_component>
      <object_component id="oc-ce">
         <name>.debug_info</name>
         <load_address>0x19b8c</load_address>
         <run_address>0x19b8c</run_address>
         <size>0xdc</size>
         <input_file_ref idref="fl-3d"/>
      </object_component>
      <object_component id="oc-142">
         <name>.debug_info</name>
         <load_address>0x19c68</load_address>
         <run_address>0x19c68</run_address>
         <size>0x1e8</size>
         <input_file_ref idref="fl-3d"/>
      </object_component>
      <object_component id="oc-15b">
         <name>.debug_info</name>
         <load_address>0x19e50</load_address>
         <run_address>0x19e50</run_address>
         <size>0x110</size>
         <input_file_ref idref="fl-3e"/>
      </object_component>
      <object_component id="oc-29e">
         <name>.debug_info</name>
         <load_address>0x19f60</load_address>
         <run_address>0x19f60</run_address>
         <size>0x21e</size>
      </object_component>
      <object_component id="oc-271">
         <name>.debug_line</name>
         <load_address>0x0</load_address>
         <run_address>0x0</run_address>
         <size>0x20</size>
         <input_file_ref idref="fl-2"/>
      </object_component>
      <object_component id="oc-251">
         <name>.debug_line</name>
         <load_address>0x20</load_address>
         <run_address>0x20</run_address>
         <size>0x8e</size>
         <input_file_ref idref="fl-2"/>
      </object_component>
      <object_component id="oc-215">
         <name>.debug_line</name>
         <load_address>0xae</load_address>
         <run_address>0xae</run_address>
         <size>0x6e</size>
         <input_file_ref idref="fl-2"/>
      </object_component>
      <object_component id="oc-21f">
         <name>.debug_line</name>
         <load_address>0x11c</load_address>
         <run_address>0x11c</run_address>
         <size>0x79</size>
         <input_file_ref idref="fl-2"/>
      </object_component>
      <object_component id="oc-93">
         <name>.debug_line</name>
         <load_address>0x195</load_address>
         <run_address>0x195</run_address>
         <size>0x20</size>
         <input_file_ref idref="fl-2"/>
      </object_component>
      <object_component id="oc-81">
         <name>.debug_line</name>
         <load_address>0x1b5</load_address>
         <run_address>0x1b5</run_address>
         <size>0x60</size>
         <input_file_ref idref="fl-2"/>
      </object_component>
      <object_component id="oc-164">
         <name>.debug_line</name>
         <load_address>0x215</load_address>
         <run_address>0x215</run_address>
         <size>0x68</size>
         <input_file_ref idref="fl-3"/>
      </object_component>
      <object_component id="oc-c0">
         <name>.debug_line</name>
         <load_address>0x27d</load_address>
         <run_address>0x27d</run_address>
         <size>0xb0</size>
         <input_file_ref idref="fl-3"/>
      </object_component>
      <object_component id="oc-e5">
         <name>.debug_line</name>
         <load_address>0x32d</load_address>
         <run_address>0x32d</run_address>
         <size>0x66</size>
         <input_file_ref idref="fl-3"/>
      </object_component>
      <object_component id="oc-13f">
         <name>.debug_line</name>
         <load_address>0x393</load_address>
         <run_address>0x393</run_address>
         <size>0x66</size>
         <input_file_ref idref="fl-3"/>
      </object_component>
      <object_component id="oc-211">
         <name>.debug_line</name>
         <load_address>0x3f9</load_address>
         <run_address>0x3f9</run_address>
         <size>0x76</size>
         <input_file_ref idref="fl-5"/>
      </object_component>
      <object_component id="oc-20f">
         <name>.debug_line</name>
         <load_address>0x46f</load_address>
         <run_address>0x46f</run_address>
         <size>0x6d</size>
         <input_file_ref idref="fl-5"/>
      </object_component>
      <object_component id="oc-170">
         <name>.debug_line</name>
         <load_address>0x4dc</load_address>
         <run_address>0x4dc</run_address>
         <size>0x296</size>
         <input_file_ref idref="fl-5"/>
      </object_component>
      <object_component id="oc-21a">
         <name>.debug_line</name>
         <load_address>0x772</load_address>
         <run_address>0x772</run_address>
         <size>0x6d</size>
         <input_file_ref idref="fl-5"/>
      </object_component>
      <object_component id="oc-125">
         <name>.debug_line</name>
         <load_address>0x7df</load_address>
         <run_address>0x7df</run_address>
         <size>0xa7</size>
         <input_file_ref idref="fl-6"/>
      </object_component>
      <object_component id="oc-a7">
         <name>.debug_line</name>
         <load_address>0x886</load_address>
         <run_address>0x886</run_address>
         <size>0x60</size>
         <input_file_ref idref="fl-6"/>
      </object_component>
      <object_component id="oc-13b">
         <name>.debug_line</name>
         <load_address>0x8e6</load_address>
         <run_address>0x8e6</run_address>
         <size>0x186</size>
         <input_file_ref idref="fl-7"/>
      </object_component>
      <object_component id="oc-166">
         <name>.debug_line</name>
         <load_address>0xa6c</load_address>
         <run_address>0xa6c</run_address>
         <size>0x67</size>
         <input_file_ref idref="fl-7"/>
      </object_component>
      <object_component id="oc-75">
         <name>.debug_line</name>
         <load_address>0xad3</load_address>
         <run_address>0xad3</run_address>
         <size>0xc4</size>
         <input_file_ref idref="fl-7"/>
      </object_component>
      <object_component id="oc-e0">
         <name>.debug_line</name>
         <load_address>0xb97</load_address>
         <run_address>0xb97</run_address>
         <size>0x66</size>
         <input_file_ref idref="fl-7"/>
      </object_component>
      <object_component id="oc-188">
         <name>.debug_line</name>
         <load_address>0xbfd</load_address>
         <run_address>0xbfd</run_address>
         <size>0x145</size>
         <input_file_ref idref="fl-a"/>
      </object_component>
      <object_component id="oc-184">
         <name>.debug_line</name>
         <load_address>0xd42</load_address>
         <run_address>0xd42</run_address>
         <size>0x67</size>
         <input_file_ref idref="fl-a"/>
      </object_component>
      <object_component id="oc-182">
         <name>.debug_line</name>
         <load_address>0xda9</load_address>
         <run_address>0xda9</run_address>
         <size>0x67</size>
         <input_file_ref idref="fl-a"/>
      </object_component>
      <object_component id="oc-c6">
         <name>.debug_line</name>
         <load_address>0xe10</load_address>
         <run_address>0xe10</run_address>
         <size>0x128</size>
         <input_file_ref idref="fl-a"/>
      </object_component>
      <object_component id="oc-1b8">
         <name>.debug_line</name>
         <load_address>0xf38</load_address>
         <run_address>0xf38</run_address>
         <size>0x144</size>
         <input_file_ref idref="fl-b"/>
      </object_component>
      <object_component id="oc-186">
         <name>.debug_line</name>
         <load_address>0x107c</load_address>
         <run_address>0x107c</run_address>
         <size>0x69</size>
         <input_file_ref idref="fl-b"/>
      </object_component>
      <object_component id="oc-11f">
         <name>.debug_line</name>
         <load_address>0x10e5</load_address>
         <run_address>0x10e5</run_address>
         <size>0x2c2</size>
         <input_file_ref idref="fl-b"/>
      </object_component>
      <object_component id="oc-177">
         <name>.debug_line</name>
         <load_address>0x13a7</load_address>
         <run_address>0x13a7</run_address>
         <size>0x69</size>
         <input_file_ref idref="fl-b"/>
      </object_component>
      <object_component id="oc-2b">
         <name>.debug_line</name>
         <load_address>0x1410</load_address>
         <run_address>0x1410</run_address>
         <size>0xac</size>
         <input_file_ref idref="fl-d"/>
      </object_component>
      <object_component id="oc-222">
         <name>.debug_line</name>
         <load_address>0x14bc</load_address>
         <run_address>0x14bc</run_address>
         <size>0x20</size>
         <input_file_ref idref="fl-e"/>
      </object_component>
      <object_component id="oc-17d">
         <name>.debug_line</name>
         <load_address>0x14dc</load_address>
         <run_address>0x14dc</run_address>
         <size>0x116</size>
         <input_file_ref idref="fl-e"/>
      </object_component>
      <object_component id="oc-154">
         <name>.debug_line</name>
         <load_address>0x15f2</load_address>
         <run_address>0x15f2</run_address>
         <size>0x66</size>
         <input_file_ref idref="fl-10"/>
      </object_component>
      <object_component id="oc-b4">
         <name>.debug_line</name>
         <load_address>0x1658</load_address>
         <run_address>0x1658</run_address>
         <size>0x1d5</size>
         <input_file_ref idref="fl-10"/>
      </object_component>
      <object_component id="oc-158">
         <name>.debug_line</name>
         <load_address>0x182d</load_address>
         <run_address>0x182d</run_address>
         <size>0x66</size>
         <input_file_ref idref="fl-10"/>
      </object_component>
      <object_component id="oc-8d">
         <name>.debug_line</name>
         <load_address>0x1893</load_address>
         <run_address>0x1893</run_address>
         <size>0x8f</size>
         <input_file_ref idref="fl-12"/>
      </object_component>
      <object_component id="oc-162">
         <name>.debug_line</name>
         <load_address>0x1922</load_address>
         <run_address>0x1922</run_address>
         <size>0x20</size>
         <input_file_ref idref="fl-13"/>
      </object_component>
      <object_component id="oc-ba">
         <name>.debug_line</name>
         <load_address>0x1942</load_address>
         <run_address>0x1942</run_address>
         <size>0x29d</size>
         <input_file_ref idref="fl-13"/>
      </object_component>
      <object_component id="oc-12b">
         <name>.debug_line</name>
         <load_address>0x1bdf</load_address>
         <run_address>0x1bdf</run_address>
         <size>0xa7</size>
         <input_file_ref idref="fl-14"/>
      </object_component>
      <object_component id="oc-64">
         <name>.debug_line</name>
         <load_address>0x1c86</load_address>
         <run_address>0x1c86</run_address>
         <size>0x1f2</size>
         <input_file_ref idref="fl-15"/>
      </object_component>
      <object_component id="oc-34">
         <name>.debug_line</name>
         <load_address>0x1e78</load_address>
         <run_address>0x1e78</run_address>
         <size>0x7f</size>
         <input_file_ref idref="fl-16"/>
      </object_component>
      <object_component id="oc-39">
         <name>.debug_line</name>
         <load_address>0x1ef7</load_address>
         <run_address>0x1ef7</run_address>
         <size>0x7d</size>
         <input_file_ref idref="fl-17"/>
      </object_component>
      <object_component id="oc-d7">
         <name>.debug_line</name>
         <load_address>0x1f74</load_address>
         <run_address>0x1f74</run_address>
         <size>0x140</size>
         <input_file_ref idref="fl-18"/>
      </object_component>
      <object_component id="oc-96">
         <name>.debug_line</name>
         <load_address>0x20b4</load_address>
         <run_address>0x20b4</run_address>
         <size>0x6b</size>
         <input_file_ref idref="fl-18"/>
      </object_component>
      <object_component id="oc-25">
         <name>.debug_line</name>
         <load_address>0x211f</load_address>
         <run_address>0x211f</run_address>
         <size>0x10a</size>
         <input_file_ref idref="fl-18"/>
      </object_component>
      <object_component id="oc-db">
         <name>.debug_line</name>
         <load_address>0x2229</load_address>
         <run_address>0x2229</run_address>
         <size>0x67</size>
         <input_file_ref idref="fl-18"/>
      </object_component>
      <object_component id="oc-87">
         <name>.debug_line</name>
         <load_address>0x2290</load_address>
         <run_address>0x2290</run_address>
         <size>0x6b</size>
         <input_file_ref idref="fl-18"/>
      </object_component>
      <object_component id="oc-69">
         <name>.debug_line</name>
         <load_address>0x22fb</load_address>
         <run_address>0x22fb</run_address>
         <size>0x159</size>
         <input_file_ref idref="fl-19"/>
      </object_component>
      <object_component id="oc-16b">
         <name>.debug_line</name>
         <load_address>0x2454</load_address>
         <run_address>0x2454</run_address>
         <size>0x8f</size>
         <input_file_ref idref="fl-1a"/>
      </object_component>
      <object_component id="oc-240">
         <name>.debug_line</name>
         <load_address>0x24e3</load_address>
         <run_address>0x24e3</run_address>
         <size>0x47</size>
         <input_file_ref idref="fl-21"/>
      </object_component>
      <object_component id="oc-1a2">
         <name>.debug_line</name>
         <load_address>0x252a</load_address>
         <run_address>0x252a</run_address>
         <size>0x5e</size>
         <input_file_ref idref="fl-21"/>
      </object_component>
      <object_component id="oc-1d7">
         <name>.debug_line</name>
         <load_address>0x2588</load_address>
         <run_address>0x2588</run_address>
         <size>0x3f</size>
         <input_file_ref idref="fl-21"/>
      </object_component>
      <object_component id="oc-235">
         <name>.debug_line</name>
         <load_address>0x25c7</load_address>
         <run_address>0x25c7</run_address>
         <size>0x4a</size>
         <input_file_ref idref="fl-21"/>
      </object_component>
      <object_component id="oc-230">
         <name>.debug_line</name>
         <load_address>0x2611</load_address>
         <run_address>0x2611</run_address>
         <size>0x4f</size>
         <input_file_ref idref="fl-21"/>
      </object_component>
      <object_component id="oc-23c">
         <name>.debug_line</name>
         <load_address>0x2660</load_address>
         <run_address>0x2660</run_address>
         <size>0x47</size>
         <input_file_ref idref="fl-22"/>
      </object_component>
      <object_component id="oc-19f">
         <name>.debug_line</name>
         <load_address>0x26a7</load_address>
         <run_address>0x26a7</run_address>
         <size>0x8f</size>
         <input_file_ref idref="fl-22"/>
      </object_component>
      <object_component id="oc-22c">
         <name>.debug_line</name>
         <load_address>0x2736</load_address>
         <run_address>0x2736</run_address>
         <size>0x6e</size>
         <input_file_ref idref="fl-23"/>
      </object_component>
      <object_component id="oc-1c4">
         <name>.debug_line</name>
         <load_address>0x27a4</load_address>
         <run_address>0x27a4</run_address>
         <size>0x79</size>
         <input_file_ref idref="fl-23"/>
      </object_component>
      <object_component id="oc-191">
         <name>.debug_line</name>
         <load_address>0x281d</load_address>
         <run_address>0x281d</run_address>
         <size>0x19b</size>
         <input_file_ref idref="fl-23"/>
      </object_component>
      <object_component id="oc-260">
         <name>.debug_line</name>
         <load_address>0x29b8</load_address>
         <run_address>0x29b8</run_address>
         <size>0x20</size>
         <input_file_ref idref="fl-24"/>
      </object_component>
      <object_component id="oc-1e7">
         <name>.debug_line</name>
         <load_address>0x29d8</load_address>
         <run_address>0x29d8</run_address>
         <size>0x69</size>
         <input_file_ref idref="fl-24"/>
      </object_component>
      <object_component id="oc-25c">
         <name>.debug_line</name>
         <load_address>0x2a41</load_address>
         <run_address>0x2a41</run_address>
         <size>0x20</size>
         <input_file_ref idref="fl-25"/>
      </object_component>
      <object_component id="oc-1cc">
         <name>.debug_line</name>
         <load_address>0x2a61</load_address>
         <run_address>0x2a61</run_address>
         <size>0x63</size>
         <input_file_ref idref="fl-25"/>
      </object_component>
      <object_component id="oc-1d0">
         <name>.debug_line</name>
         <load_address>0x2ac4</load_address>
         <run_address>0x2ac4</run_address>
         <size>0x65</size>
         <input_file_ref idref="fl-25"/>
      </object_component>
      <object_component id="oc-238">
         <name>.debug_line</name>
         <load_address>0x2b29</load_address>
         <run_address>0x2b29</run_address>
         <size>0x47</size>
         <input_file_ref idref="fl-26"/>
      </object_component>
      <object_component id="oc-199">
         <name>.debug_line</name>
         <load_address>0x2b70</load_address>
         <run_address>0x2b70</run_address>
         <size>0xea</size>
         <input_file_ref idref="fl-26"/>
      </object_component>
      <object_component id="oc-244">
         <name>.debug_line</name>
         <load_address>0x2c5a</load_address>
         <run_address>0x2c5a</run_address>
         <size>0x6e</size>
         <input_file_ref idref="fl-27"/>
      </object_component>
      <object_component id="oc-1ab">
         <name>.debug_line</name>
         <load_address>0x2cc8</load_address>
         <run_address>0x2cc8</run_address>
         <size>0x173</size>
         <input_file_ref idref="fl-27"/>
      </object_component>
      <object_component id="oc-1f8">
         <name>.debug_line</name>
         <load_address>0x2e3b</load_address>
         <run_address>0x2e3b</run_address>
         <size>0x37</size>
         <input_file_ref idref="fl-27"/>
      </object_component>
      <object_component id="oc-257">
         <name>.debug_line</name>
         <load_address>0x2e72</load_address>
         <run_address>0x2e72</run_address>
         <size>0x3a</size>
         <input_file_ref idref="fl-28"/>
      </object_component>
      <object_component id="oc-1ae">
         <name>.debug_line</name>
         <load_address>0x2eac</load_address>
         <run_address>0x2eac</run_address>
         <size>0x79</size>
         <input_file_ref idref="fl-28"/>
      </object_component>
      <object_component id="oc-26f">
         <name>.debug_line</name>
         <load_address>0x2f25</load_address>
         <run_address>0x2f25</run_address>
         <size>0x47</size>
         <input_file_ref idref="fl-29"/>
      </object_component>
      <object_component id="oc-202">
         <name>.debug_line</name>
         <load_address>0x2f6c</load_address>
         <run_address>0x2f6c</run_address>
         <size>0x53</size>
         <input_file_ref idref="fl-29"/>
      </object_component>
      <object_component id="oc-262">
         <name>.debug_line</name>
         <load_address>0x2fbf</load_address>
         <run_address>0x2fbf</run_address>
         <size>0x20</size>
         <input_file_ref idref="fl-2a"/>
      </object_component>
      <object_component id="oc-1f1">
         <name>.debug_line</name>
         <load_address>0x2fdf</load_address>
         <run_address>0x2fdf</run_address>
         <size>0x5e</size>
         <input_file_ref idref="fl-2a"/>
      </object_component>
      <object_component id="oc-25a">
         <name>.debug_line</name>
         <load_address>0x303d</load_address>
         <run_address>0x303d</run_address>
         <size>0x20</size>
         <input_file_ref idref="fl-2b"/>
      </object_component>
      <object_component id="oc-1bd">
         <name>.debug_line</name>
         <load_address>0x305d</load_address>
         <run_address>0x305d</run_address>
         <size>0x78</size>
         <input_file_ref idref="fl-2b"/>
      </object_component>
      <object_component id="oc-25e">
         <name>.debug_line</name>
         <load_address>0x30d5</load_address>
         <run_address>0x30d5</run_address>
         <size>0x20</size>
         <input_file_ref idref="fl-2c"/>
      </object_component>
      <object_component id="oc-1e1">
         <name>.debug_line</name>
         <load_address>0x30f5</load_address>
         <run_address>0x30f5</run_address>
         <size>0x5e</size>
         <input_file_ref idref="fl-2c"/>
      </object_component>
      <object_component id="oc-26c">
         <name>.debug_line</name>
         <load_address>0x3153</load_address>
         <run_address>0x3153</run_address>
         <size>0x47</size>
         <input_file_ref idref="fl-2d"/>
      </object_component>
      <object_component id="oc-207">
         <name>.debug_line</name>
         <load_address>0x319a</load_address>
         <run_address>0x319a</run_address>
         <size>0x5a</size>
         <input_file_ref idref="fl-2d"/>
[...]
         <object_component_ref idref="oc-117"/>
      </symbol>
      <symbol id="sm-11d">
         <name>main</name>
         <value>0x442c</value>
         <object_component_ref idref="oc-71"/>
      </symbol>
      <symbol id="sm-11e">
         <name>delay</name>
         <value>0x43ec</value>
         <object_component_ref idref="oc-71"/>
      </symbol>
      <symbol id="sm-11f">
         <name>g_pulUpdateSuccess</name>
         <value>0x8003328</value>
         <object_component_ref idref="oc-117"/>
      </symbol>
      <symbol id="sm-120">
         <name>g_ulUpdateBufferSize</name>
         <value>0x800334c</value>
         <object_component_ref idref="oc-117"/>
      </symbol>
      <symbol id="sm-168">
         <name>JumpAddress</name>
         <value>0x80033f0</value>
      </symbol>
      <symbol id="sm-169">
         <name>UART_Upload</name>
         <value>0x27ac</value>
         <object_component_ref idref="oc-c2"/>
      </symbol>
      <symbol id="sm-16a">
         <name>UpdaterUART</name>
         <value>0x2854</value>
         <object_component_ref idref="oc-c2"/>
      </symbol>
      <symbol id="sm-16b">
         <name>tab_1024</name>
         <value>0x8002f28</value>
         <object_component_ref idref="oc-130"/>
      </symbol>
      <symbol id="sm-16c">
         <name>UART_Download</name>
         <value>0x26ec</value>
         <object_component_ref idref="oc-c2"/>
      </symbol>
      <symbol id="sm-1e0">
         <name>SendDataPacket</name>
         <value>0x1bc0</value>
         <object_component_ref idref="oc-11b"/>
      </symbol>
      <symbol id="sm-1e1">
         <name>fileName</name>
         <value>0x800336c</value>
         <object_component_ref idref="oc-133"/>
      </symbol>
      <symbol id="sm-1e2">
         <name>Ymodem_Receive</name>
         <value>0x1500</value>
         <object_component_ref idref="oc-11b"/>
      </symbol>
      <symbol id="sm-1e3">
         <name>Ymodem_Transmit</name>
         <value>0x1d98</value>
         <object_component_ref idref="oc-11b"/>
      </symbol>
      <symbol id="sm-1f9">
         <name>esmHighInterrupt</name>
         <value>0x42bc</value>
         <object_component_ref idref="oc-27"/>
      </symbol>
      <symbol id="sm-21a">
         <name>gioInit</name>
         <value>0x3cc0</value>
         <object_component_ref idref="oc-179"/>
      </symbol>
      <symbol id="sm-21b">
         <name>gioSetDirection</name>
         <value>0x3d54</value>
         <object_component_ref idref="oc-179"/>
      </symbol>
      <symbol id="sm-21c">
         <name>gioSetPort</name>
         <value>0x3dc4</value>
         <object_component_ref idref="oc-179"/>
      </symbol>
      <symbol id="sm-21d">
         <name>gioGetBit</name>
         <value>0x3de4</value>
         <object_component_ref idref="oc-179"/>
      </symbol>
      <symbol id="sm-21e">
         <name>gioSetBit</name>
         <value>0x3d74</value>
         <object_component_ref idref="oc-179"/>
      </symbol>
      <symbol id="sm-21f">
         <name>gioGetPort</name>
         <value>0x3e0c</value>
         <object_component_ref idref="oc-179"/>
      </symbol>
      <symbol id="sm-265">
         <name>g_sciTransfer</name>
         <value>0x80033cc</value>
      </symbol>
      <symbol id="sm-266">
         <name>sciIsTxReady</name>
         <value>0x2f38</value>
         <object_component_ref idref="oc-b0"/>
      </symbol>
      <symbol id="sm-267">
         <name>sciIsRxReady</name>
         <value>0x3098</value>
         <object_component_ref idref="oc-b0"/>
      </symbol>
      <symbol id="sm-268">
         <name>sciSetBaudrate</name>
         <value>0x2eac</value>
         <object_component_ref idref="oc-b0"/>
      </symbol>
      <symbol id="sm-269">
         <name>sciInit</name>
         <value>0x2d44</value>
         <object_component_ref idref="oc-b0"/>
      </symbol>
      <symbol id="sm-26a">
         <name>sciReceive</name>
         <value>0x311c</value>
         <object_component_ref idref="oc-b0"/>
      </symbol>
      <symbol id="sm-26b">
         <name>sciSetFunctional</name>
         <value>0x2e8c</value>
         <object_component_ref idref="oc-b0"/>
      </symbol>
      <symbol id="sm-26c">
         <name>sciSend</name>
         <value>0x2f84</value>
         <object_component_ref idref="oc-b0"/>
      </symbol>
      <symbol id="sm-26d">
         <name>sciRxError</name>
         <value>0x30b4</value>
         <object_component_ref idref="oc-b0"/>
      </symbol>
      <symbol id="sm-26e">
         <name>sciReceiveByte</name>
         <value>0x30e4</value>
         <object_component_ref idref="oc-b0"/>
      </symbol>
      <symbol id="sm-26f">
         <name>sciSendByte</name>
         <value>0x2f54</value>
         <object_component_ref idref="oc-b0"/>
      </symbol>
      <symbol id="sm-27b">
         <name>esmGroup2Notification</name>
         <value>0x4a4c</value>
         <object_component_ref idref="oc-89"/>
      </symbol>
      <symbol id="sm-27c">
         <name>esmGroup1Notification</name>
         <value>0x4a3c</value>
         <object_component_ref idref="oc-89"/>
      </symbol>
      <symbol id="sm-2ce">
         <name>UART_getChar</name>
         <value>0x2430</value>
         <object_component_ref idref="oc-b6"/>
      </symbol>
      <symbol id="sm-2cf">
         <name>UART_txByte</name>
         <value>0x250c</value>
         <object_component_ref idref="oc-b6"/>
      </symbol>
      <symbol id="sm-2d0">
         <name>UART_rxByte</name>
         <value>0x2494</value>
         <object_component_ref idref="oc-b6"/>
      </symbol>
      <symbol id="sm-2d1">
         <name>UART_putChar</name>
         <value>0x26ac</value>
         <object_component_ref idref="oc-b6"/>
      </symbol>
      <symbol id="sm-2d2">
         <name>UART_putString</name>
         <value>0x266c</value>
         <object_component_ref idref="oc-b6"/>
      </symbol>
      <symbol id="sm-2d3">
         <name>UART_getKey</name>
         <value>0x23f4</value>
         <object_component_ref idref="oc-b6"/>
      </symbol>
      <symbol id="sm-2d4">
         <name>Int2Str</name>
         <value>0x1f84</value>
         <object_component_ref idref="oc-b6"/>
      </symbol>
      <symbol id="sm-2d5">
         <name>UART_send32BitData</name>
         <value>0x25cc</value>
         <object_component_ref idref="oc-b6"/>
      </symbol>
      <symbol id="sm-2d6">
         <name>Str2Int</name>
         <value>0x2078</value>
         <object_component_ref idref="oc-b6"/>
      </symbol>
      <symbol id="sm-2d7">
         <name>U32toStr</name>
         <value>0x2540</value>
         <object_component_ref idref="oc-b6"/>
      </symbol>
      <symbol id="sm-2ef">
         <name>get_software_Version</name>
         <value>0x4164</value>
         <object_component_ref idref="oc-127"/>
      </symbol>
      <symbol id="sm-2f0">
         <name>get_hardware_Info</name>
         <value>0x4178</value>
         <object_component_ref idref="oc-127"/>
      </symbol>
      <symbol id="sm-319">
         <name>_disable_IRQ_interrupt_</name>
         <value>0x3a0c</value>
         <object_component_ref idref="oc-60"/>
      </symbol>
      <symbol id="sm-31a">
         <name>_disable_interrupt_</name>
         <value>0x39fc</value>
         <object_component_ref idref="oc-60"/>
      </symbol>
      <symbol id="sm-31b">
         <name>_coreDisableEventBusExport_</name>
         <value>0x3968</value>
         <object_component_ref idref="oc-60"/>
      </symbol>
      <symbol id="sm-31c">
         <name>_coreDisableFlashEcc_</name>
         <value>0x39cc</value>
         <object_component_ref idref="oc-60"/>
      </symbol>
      <symbol id="sm-31d">
         <name>__TI_PINIT_Base</name>
         <value>0x3aa4</value>
         <object_component_ref idref="oc-60"/>
      </symbol>
      <symbol id="sm-31e">
         <name>_coreInitRegisters_</name>
         <value>0x3824</value>
         <object_component_ref idref="oc-60"/>
      </symbol>
      <symbol id="sm-31f">
         <name>_coreEnableRamEcc_</name>
         <value>0x3980</value>
         <object_component_ref idref="oc-60"/>
      </symbol>
      <symbol id="sm-320">
         <name>_enable_interrupt_</name>
         <value>0x3a14</value>
         <object_component_ref idref="oc-60"/>
      </symbol>
      <symbol id="sm-321">
         <name>_coreDisableRamEcc_</name>
         <value>0x3998</value>
         <object_component_ref idref="oc-60"/>
      </symbol>
      <symbol id="sm-322">
         <name>__TI_PINIT_Limit</name>
         <value>0x3aa8</value>
         <object_component_ref idref="oc-60"/>
      </symbol>
      <symbol id="sm-323">
         <name>_copyAPI2RAM_</name>
         <value>0x38d0</value>
         <object_component_ref idref="oc-60"/>
      </symbol>
      <symbol id="sm-324">
         <name>_coreEnableFlashEcc_</name>
         <value>0x39b0</value>
         <object_component_ref idref="oc-60"/>
      </symbol>
      <symbol id="sm-325">
         <name>_disable_FIQ_interrupt_</name>
         <value>0x3a04</value>
         <object_component_ref idref="oc-60"/>
      </symbol>
      <symbol id="sm-326">
         <name>_coreInitStackPointer_</name>
         <value>0x3900</value>
         <object_component_ref idref="oc-60"/>
      </symbol>
      <symbol id="sm-327">
         <name>_esmCcmErrorsClear_</name>
         <value>0x3a1c</value>
         <object_component_ref idref="oc-60"/>
      </symbol>
      <symbol id="sm-328">
         <name>_coreEnableIrqVicOffset_</name>
         <value>0x39e4</value>
         <object_component_ref idref="oc-60"/>
      </symbol>
      <symbol id="sm-329">
         <name>_coreEnableVfp_</name>
         <value>0x394c</value>
         <object_component_ref idref="oc-60"/>
      </symbol>
      <symbol id="sm-32a">
         <name>_coreEnableEventBusExport_</name>
         <value>0x3950</value>
         <object_component_ref idref="oc-60"/>
      </symbol>
      <symbol id="sm-33e">
         <name>phantomInterrupt</name>
         <value>0x4a88</value>
         <object_component_ref idref="oc-35"/>
      </symbol>
      <symbol id="sm-381">
         <name>_c_int00</name>
         <value>0x3544</value>
         <object_component_ref idref="oc-21"/>
      </symbol>
      <symbol id="sm-3a9">
         <name>trimLPO</name>
         <value>0x3298</value>
         <object_component_ref idref="oc-65"/>
      </symbol>
      <symbol id="sm-3aa">
         <name>systemInit</name>
         <value>0x3450</value>
         <object_component_ref idref="oc-65"/>
      </symbol>
      <symbol id="sm-3ab">
         <name>periphInit</name>
         <value>0x3320</value>
         <object_component_ref idref="oc-65"/>
      </symbol>
      <symbol id="sm-3ac">
         <name>setupFlash</name>
         <value>0x32e0</value>
         <object_component_ref idref="oc-65"/>
      </symbol>
      <symbol id="sm-3ad">
         <name>setupPLL</name>
         <value>0x3248</value>
         <object_component_ref idref="oc-65"/>
      </symbol>
      <symbol id="sm-3ae">
         <name>mapClocks</name>
         <value>0x3374</value>
         <object_component_ref idref="oc-65"/>
      </symbol>
      <symbol id="sm-3af">
         <name>systemPowerDown</name>
         <value>0x34c0</value>
         <object_component_ref idref="oc-65"/>
      </symbol>
      <symbol id="sm-3be">
         <name>_cal_crc16_</name>
         <value>0x4938</value>
         <object_component_ref idref="oc-167"/>
      </symbol>
      <symbol id="sm-3de">
         <name>Fapi_issueAsyncCommandWithAddress</name>
         <value>0x8002e05</value>
         <object_component_ref idref="oc-1a0"/>
      </symbol>
      <symbol id="sm-3ef">
         <name>Fapi_enableMainBankSectors</name>
         <value>0x8002c71</value>
         <object_component_ref idref="oc-19a"/>
      </symbol>
      <symbol id="sm-412">
         <name>Fapi_initializeFlashBanks</name>
         <value>0x8002725</value>
         <object_component_ref idref="oc-18e"/>
      </symbol>
      <symbol id="sm-421">
         <name>_Fapi_issueFsmCommand</name>
         <value>0x8002dc9</value>
         <object_component_ref idref="oc-1e5"/>
      </symbol>
      <symbol id="sm-440">
         <name>_scaleMainFclk</name>
         <value>0x8002f05</value>
         <object_component_ref idref="oc-1c7"/>
      </symbol>
      <symbol id="sm-441">
         <name>_scaleEEFclk</name>
         <value>0x8002ef5</value>
         <object_component_ref idref="oc-1cd"/>
      </symbol>
      <symbol id="sm-45b">
         <name>Fapi_setActiveFlashBank</name>
         <value>0x8002985</value>
         <object_component_ref idref="oc-194"/>
      </symbol>
      <symbol id="sm-47e">
         <name>Fapi_issueProgrammingCommand</name>
         <value>0x8002b01</value>
         <object_component_ref idref="oc-1a6"/>
      </symbol>
      <symbol id="sm-48e">
         <name>Fapi_doMarginReadByByte</name>
         <value>0x8002d89</value>
         <object_component_ref idref="oc-1ac"/>
      </symbol>
      <symbol id="sm-49c">
         <name>_Fapi_checkWdService</name>
         <value>0x8002f15</value>
         <object_component_ref idref="oc-200"/>
      </symbol>
      <symbol id="sm-4ab">
         <name>Fapi_calculateEcc</name>
         <value>0x8002ed1</value>
         <object_component_ref idref="oc-1ed"/>
      </symbol>
      <symbol id="sm-4ba">
         <name>Fapi_calculateFletcherChecksum</name>
         <value>0x8002d49</value>
         <object_component_ref idref="oc-1bb"/>
      </symbol>
      <symbol id="sm-4c9">
         <name>Fapi_getNumberOfBankSectors</name>
         <value>0x8002ee5</value>
         <object_component_ref idref="oc-1dd"/>
      </symbol>
      <symbol id="sm-4e6">
         <name>_Fapi_enterMarginMode</name>
         <value>0x8002ce1</value>
         <object_component_ref idref="oc-1fa"/>
      </symbol>
      <symbol id="sm-4e7">
         <name>_Fapi_exitMarginMode</name>
         <value>0x8002e65</value>
         <object_component_ref idref="oc-206"/>
      </symbol>
      <symbol id="sm-4f4">
         <name>Fapi_flushPipeline</name>
         <value>0x8002e91</value>
         <object_component_ref idref="oc-245"/>
      </symbol>
      <symbol id="sm-504">
         <name>Fapi_waitDelay</name>
         <value>0x8002e35</value>
         <object_component_ref idref="oc-263"/>
      </symbol>
      <symbol id="sm-51c">
         <name>__TI_decompress_none</name>
         <value>0x4a5c</value>
         <object_component_ref idref="oc-f"/>
      </symbol>
      <symbol id="sm-53d">
         <name>__TI_decompress_rle24</name>
         <value>0x4a80</value>
         <object_component_ref idref="oc-15"/>
      </symbol>
      <symbol id="sm-54f">
         <name>__TI_zero_init</name>
         <value>0x4a70</value>
         <object_component_ref idref="oc-1b"/>
      </symbol>
      <symbol id="sm-56e">
         <name>copy_in</name>
         <value>0x47e0</value>
         <object_component_ref idref="oc-6b"/>
      </symbol>
      <symbol id="sm-58e">
         <name>C$$EXIT</name>
         <value>0x4864</value>
         <object_component_ref idref="oc-77"/>
      </symbol>
      <symbol id="sm-58f">
         <name>abort</name>
         <value>0x486c</value>
         <object_component_ref idref="oc-77"/>
      </symbol>
      <symbol id="sm-590">
         <name>exit</name>
         <value>0x4878</value>
         <object_component_ref idref="oc-77"/>
      </symbol>
      <symbol id="sm-591">
         <name>__TI_dtors_ptr</name>
         <value>0x8003364</value>
         <object_component_ref idref="oc-d0"/>
      </symbol>
      <symbol id="sm-592">
         <name>__TI_cleanup_ptr</name>
         <value>0x8003360</value>
         <object_component_ref idref="oc-d0"/>
      </symbol>
      <symbol id="sm-5b6">
         <name>__aeabi_dsub</name>
         <value>0x3aac</value>
         <object_component_ref idref="oc-fe"/>
      </symbol>
      <symbol id="sm-5b7">
         <name>__aeabi_dadd</name>
         <value>0x3ab8</value>
         <object_component_ref idref="oc-fe"/>
      </symbol>
      <symbol id="sm-5d7">
         <name>__aeabi_ddiv</name>
         <value>0x3e54</value>
         <object_component_ref idref="oc-f9"/>
      </symbol>
      <symbol id="sm-5e4">
         <name>__aeabi_d2uiz</name>
         <value>0x48dc</value>
         <object_component_ref idref="oc-103"/>
      </symbol>
      <symbol id="sm-5fd">
         <name>memcpy</name>
         <value>0x3fe4</value>
         <object_component_ref idref="oc-3b"/>
      </symbol>
      <symbol id="sm-5fe">
         <name>__aeabi_memcpy</name>
         <value>0x3fe4</value>
         <object_component_ref idref="oc-3b"/>
      </symbol>
      <symbol id="sm-5ff">
         <name>__aeabi_memcpy8</name>
         <value>0x3fe4</value>
         <object_component_ref idref="oc-3b"/>
      </symbol>
      <symbol id="sm-600">
         <name>__aeabi_memcpy4</name>
         <value>0x3fe4</value>
         <object_component_ref idref="oc-3b"/>
      </symbol>
      <symbol id="sm-60f">
         <name>__aeabi_memset</name>
         <value>0x4698</value>
         <object_component_ref idref="oc-54"/>
      </symbol>
      <symbol id="sm-610">
         <name>memset</name>
         <value>0x46a4</value>
         <object_component_ref idref="oc-54"/>
      </symbol>
      <symbol id="sm-611">
         <name>__aeabi_memset8</name>
         <value>0x4698</value>
         <object_component_ref idref="oc-54"/>
      </symbol>
      <symbol id="sm-612">
         <name>__aeabi_memset4</name>
         <value>0x4698</value>
         <object_component_ref idref="oc-54"/>
      </symbol>
      <symbol id="sm-613">
         <name>__aeabi_memclr8</name>
         <value>0x4694</value>
         <object_component_ref idref="oc-54"/>
      </symbol>
      <symbol id="sm-614">
         <name>__aeabi_memclr4</name>
         <value>0x4694</value>
         <object_component_ref idref="oc-54"/>
      </symbol>
      <symbol id="sm-615">
         <name>__aeabi_memclr</name>
         <value>0x4694</value>
         <object_component_ref idref="oc-54"/>
      </symbol>
      <symbol id="sm-623">
         <name>__aeabi_uidivmod</name>
         <value>0x4994</value>
         <object_component_ref idref="oc-10c"/>
      </symbol>
      <symbol id="sm-624">
         <name>__aeabi_uidiv</name>
         <value>0x4994</value>
         <object_component_ref idref="oc-10c"/>
      </symbol>
      <symbol id="sm-630">
         <name>__aeabi_ui2d</name>
         <value>0x49e4</value>
         <object_component_ref idref="oc-f4"/>
      </symbol>
      <symbol id="sm-64a">
         <name>_nop</name>
         <value>0x4a30</value>
         <object_component_ref idref="oc-141"/>
      </symbol>
      <symbol id="sm-64b">
         <name>_lock</name>
         <value>0x8003358</value>
         <object_component_ref idref="oc-cd"/>
      </symbol>
      <symbol id="sm-64c">
         <name>_unlock</name>
         <value>0x800335c</value>
         <object_component_ref idref="oc-cd"/>
      </symbol>
      <symbol id="sm-64d">
         <name>_register_lock</name>
         <value>0x4a24</value>
         <object_component_ref idref="oc-141"/>
      </symbol>
      <symbol id="sm-64e">
         <name>_register_unlock</name>
         <value>0x4a18</value>
         <object_component_ref idref="oc-141"/>
      </symbol>
      <symbol id="sm-658">
         <name>__aeabi_idiv0</name>
         <value>0x4a8c</value>
         <object_component_ref idref="oc-15a"/>
      </symbol>
      <symbol id="sm-659">
         <name>__TI_static_base__</name>
         <value>0x0</value>
      </symbol>
      <symbol id="sm-65e">
         <name>SHT$$INIT_ARRAY$$Base</name>
         <value>0x0</value>
      </symbol>
      <symbol id="sm-65f">
         <name>SHT$$INIT_ARRAY$$Limit</name>
         <value>0x0</value>
      </symbol>
   </symbol_table>
   <title>Link successful</title>
</link_info>
