******************************************************************************
                  TI ARM Linker PC v16.9.4                     
******************************************************************************
>> Linked Wed Nov 22 20:18:07 2017

OUTPUT FILE NAME:   <ls12_uart_boot.out>
ENTRY POINT SYMBOL: "_c_int00"  address: 000037e8


MEMORY CONFIGURATION

         name            origin    length      used     unused   attr    fill
----------------------  --------  ---------  --------  --------  ----  --------
  VECTORS               00000000   00000020  00000020  00000000     X
  FLASH_API             00000020   000014e0  00000f28  000005b8  R  X
  FLASH0                00001500   002feb00  000031ce  002fb932  R  X
  STACK                 08000000   00002000  00000000  00002000  RW  
  SRAM                  08002000   0002d000  00001401  0002bbff  RW  


SEGMENT ALLOCATION MAP

run origin  load origin   length   init length attrs members
----------  ----------- ---------- ----------- ----- -------
00000000    00000000    00000020   00000020    r-x
  00000000    00000000    00000020   00000020    r-x .intvecs
00001500    00001500    000031d0   000031d0    r-x
  00001500    00001500    00002e38   00002e38    r-x .text
  00004338    00004338    0000034e   0000034e    r-- .const
  00004688    00004688    00000048   00000048    r-- .cinit
08002000    00000020    00000f28   00000f28    r-x
  08002000    00000020    00000f28   00000f28    r-x flashAPI
08002f28    08002f28    000004dc   00000000    rw-
  08002f28    08002f28    00000445   00000000    rw- .data
  08003370    08003370    00000094   00000000    rw- .bss


SECTION ALLOCATION MAP

 output                                  attributes/
section   page    origin      length       input sections
--------  ----  ----------  ----------   ----------------
.intvecs   0    00000000    00000020     
                  00000000    00000020     sys_intvecs.obj (.intvecs)

flashAPI   0    00000020    00000f28     RUN ADDR = 08002000
                  00000020    00000008     Fapi_UserDefinedFunctions.obj (.text)
                  00000028    0000071c     bl_flash.obj (.text)
                  00000744    00000260     F021_API_CortexR4_BE.lib : FlashStateMachine.InitializeFlashBanks.obj (.text:Fapi_initializeFlashBanks)
                  000009a4    0000017c                              : FlashStateMachine.SetActiveBank.obj (.text:Fapi_setActiveFlashBank)
                  00000b20    00000178                              : Program.obj (.text:Fapi_issueProgrammingCommand)
                  00000c98    00000070                              : FlashStateMachine.EnableMainSectors.obj (.text:Fapi_enableMainBankSectors)
                  00000d08    00000068                              : Read.Common.obj (.text:_Fapi_enterMarginMode)
                  00000d70    00000040                              : Read.MarginByByte.obj (.text:Fapi_doMarginReadByByte)
                  00000db0    0000003c                              : FlashStateMachine.IssueFsmCommand.obj (.text:_Fapi_issueFsmCommand)
                  00000dec    00000036                              : Utilities.CalculateFletcher.obj (.text:Fapi_calculateFletcherChecksum)
                  00000e22    00000002     --HOLE-- [fill = 0]
                  00000e24    00000030                              : Async.WithAddress.obj (.text:Fapi_issueAsyncCommandWithAddress)
                  00000e54    00000030                              : Utilities.WaitDelay.obj (.text:Fapi_waitDelay)
                  00000e84    0000002c                              : Read.Common.obj (.text:_Fapi_exitMarginMode)
                  00000eb0    00000022                              : Read.FlushPipeline.obj (.text:Fapi_flushPipeline)
                  00000ed2    0000001c                              : FlashStateMachine.InitializeFlashBanks.obj (.text:_Fapi_divideUnsignedLong)
                  00000eee    00000002     --HOLE-- [fill = 0]
                  00000ef0    00000014                              : Utilities.CalculateEcc.obj (.text:Fapi_calculateEcc)
                  00000f04    00000010                              : Utilities.GetNumberOfSectors.obj (.text:Fapi_getNumberOfBankSectors)
                  00000f14    00000010                              : FlashStateMachine.ScaleFclk.obj (.text:_scaleEEFclk)
                  00000f24    00000010                              : FlashStateMachine.ScaleFclk.obj (.text:_scaleMainFclk)
                  00000f34    0000000c                              : Read.WdService.obj (.text:_Fapi_checkWdService)
                  00000f40    00000008     Fapi_UserDefinedFunctions.obj (.tramp.Fapi_serviceWatchdogTimer.1)

.text      0    00001500    00002e38     
                  00001500    00000a64     bl_ymodem.obj (.text)
                  00001f64    00000768     sci_common.obj (.text)
                  000026cc    00000658     bl_uart.obj (.text)
                  00002d24    000004dc     hw_sci.obj (.text)
                  00003200    000002f8     system.obj (.text)
                  000034f8    000002f0     sys_core.obj (.text)
                  000037e8    000002e0     sys_startup.obj (.text:retain)
                  00003ac8    00000158     hw_esm.obj (.text:retain)
                  00003c20    00000158     sw_hw_ver.obj (.text)
                  00003d78    000000ec     bl_check.obj (.text)
                  00003e64    000000dc     bl_led_demo.obj (.text)
                  00003f40    000000c0     bl_main.obj (.text)
                  00004000    0000009c     rtsv7R4_T_be_v3D16_eabi.lib : memcpy_t2.obj (.text)
                  0000409c    0000007a                                 : memset_t2.obj (.text)
                  00004116    0000006c                                 : copy_decompress_lzss.obj (.text:decompress:lzss)
                  00004182    00000002                                 : i_div0.obj (.text)
                  00004184    0000005c     ymodem_crc16.obj (.text)
                  000041e0    00000050     rtsv7R4_T_be_v3D16_eabi.lib : exit.obj (.text)
                  00004230    00000050                                 : u_div32.obj (.text)
                  00004280    0000004c                                 : cpy_tbl.obj (.text)
                  000042cc    00000020     notification.obj (.text)
                  000042ec    00000014     rtsv7R4_T_be_v3D16_eabi.lib : _lock.obj (.text)
                  00004300    0000000e                                 : copy_decompress_none.obj (.text:decompress:none)
                  0000430e    0000000c                                 : copy_zero_init.obj (.text:decompress:ZI)
                  0000431a    00000002     --HOLE-- [fill = 0]
                  0000431c    00000004     sys_phantom.obj (.text:retain)
                  00004320    00000008     bl_flash.obj (.tramp.Fapi_BlockProgram.1)
                  00004328    00000008     bl_flash.obj (.tramp.Fapi_BlockErase.1)
                  00004330    00000008     bl_flash.obj (.tramp.BLInternalFlashStartAddrCheck.1)

.const     0    00004338    0000034e     
                  00004338    00000204     sys_startup.obj (.const:s_vim_init)
                  0000453c    00000140     bl_flash.obj (.const:flash_sector)
                  0000467c    0000000a     bl_uart.obj (.const:.string:$P$T0$1)

.cinit     0    00004688    00000048     
                  00004688    0000001d     (.cinit..data.load) [load image, compression = lzss]
                  000046a5    00000003     --HOLE-- [fill = 0]
                  000046a8    0000000c     (__TI_handler_table)
                  000046b4    00000004     --HOLE-- [fill = 0]
                  000046b8    00000008     (.cinit..bss.load) [load image, compression = zero_init]
                  000046c0    00000010     (__TI_cinit_table)

.data      0    08002f28    00000445     UNINITIALIZED
                  08002f28    00000400     bl_uart.obj (.data:tab_1024)
                  08003328    00000020     bl_main.obj (.data:g_pulUpdateSuccess)
                  08003348    0000000c     rtsv7R4_T_be_v3D16_eabi.lib : exit.obj (.data:$O1$$)
                  08003354    00000008                                 : _lock.obj (.data:$O1$$)
                  0800335c    00000008     F021_API_CortexR4_BE.lib : FlashStateMachine.ScaleFclk.obj (.data)
                  08003364    00000008     bl_main.obj (.data)
                  0800336c    00000001     F021_API_CortexR4_BE.lib : FlashStateMachine.SetActiveBank.obj (.data)

.bss       0    08003370    00000094     UNINITIALIZED
                  08003370    00000060     (.common:fileName)
                  080033d0    00000018     (.common:g_sciTransfer)
                  080033e8    0000000c     sci_common.obj (.bss:num_str$1)
                  080033f4    00000004     bl_main.obj (.bss)
                  080033f8    00000004     (.common:JumpAddress)
                  080033fc    00000004     (.common:g_ulForced)
                  08003400    00000004     (.common:g_ulTransferAddress)

MODULE SUMMARY

       Module                                       code    ro data   rw data
       ------                                       ----    -------   -------
    .\
       bl_flash.obj                                 3664    320       0      
       bl_ymodem.obj                                2660    0         96     
       bl_uart.obj                                  1624    10        1028   
       sci_common.obj                               1896    0         12     
       hw_sci.obj                                   1244    0         24     
       sys_startup.obj                              736     516       0      
       system.obj                                   760     0         0      
       sys_core.obj                                 752     0         0      
       hw_esm.obj                                   344     0         0      
       sw_hw_ver.obj                                344     0         0      
       bl_check.obj                                 236     0         4      
       bl_main.obj                                  192     0         48     
       bl_led_demo.obj                              220     0         0      
       ymodem_crc16.obj                             92      0         0      
       Fapi_UserDefinedFunctions.obj                32      0         0      
       notification.obj                             32      0         0      
       sys_intvecs.obj                              32      0         0      
       sys_phantom.obj                              4       0         0      
    +--+--------------------------------------------+-------+---------+---------+
       Total:                                       14864   846       1212   
                                                                             
    ..\..\..\lib\F021_API_CortexR4_BE.lib
       FlashStateMachine.InitializeFlashBanks.obj   1272    0         0      
       FlashStateMachine.SetActiveBank.obj          760     0         1      
       Program.obj                                  752     0         0      
       Read.Common.obj                              296     0         0      
       FlashStateMachine.EnableMainSectors.obj      224     0         0      
       Read.MarginByByte.obj                        128     0         0      
       FlashStateMachine.IssueFsmCommand.obj        120     0         0      
       Utilities.CalculateFletcher.obj              108     0         0      
       Async.WithAddress.obj                        96      0         0      
       Utilities.WaitDelay.obj                      96      0         0      
       FlashStateMachine.ScaleFclk.obj              64      0         8      
       Read.FlushPipeline.obj                       68      0         0      
       Utilities.CalculateEcc.obj                   40      0         0      
       Utilities.GetNumberOfSectors.obj             32      0         0      
       Read.WdService.obj                           24      0         0      
    +--+--------------------------------------------+-------+---------+---------+
       Total:                                       4080    0         9      
                                                                             
    E:/ti/ccsv7/tools/compiler/ti-cgt-arm_16.9.4.LTS/lib/rtsv7R4_T_be_v3D16_eabi.lib
       memcpy_t2.obj                                156     0         0      
       memset_t2.obj                                122     0         0      
       copy_decompress_lzss.obj                     108     0         0      
       exit.obj                                     80      0         12     
       u_div32.obj                                  80      0         0      
       cpy_tbl.obj                                  76      0         0      
       _lock.obj                                    20      0         8      
       copy_decompress_none.obj                     14      0         0      
       copy_zero_init.obj                           12      0         0      
       i_div0.obj                                   2       0         0      
    +--+--------------------------------------------+-------+---------+---------+
       Total:                                       670     0         20     
                                                                             
       Linker Generated:                            0       65        0      
    +--+--------------------------------------------+-------+---------+---------+
       Grand Total:                                 19614   911       1241   


LINKER GENERATED COPY TABLES

__TI_cinit_table @ 000046c0 records: 2, size/record: 8, table size: 16
	.data: load addr=00004688, load size=0000001d bytes, run addr=08002f28, run size=00000445 bytes, compression=lzss
	.bss: load addr=000046b8, load size=00000008 bytes, run addr=08003370, run size=00000094 bytes, compression=zero_init


LINKER GENERATED HANDLER TABLE

__TI_handler_table @ 000046a8 records: 3, size/record: 4, table size: 12
	index: 0, handler: __TI_decompress_lzss
	index: 1, handler: __TI_decompress_none
	index: 2, handler: __TI_zero_init

VENEERS

callee name               veneer name
   callee addr  veneer addr  call addr  call info
--------------  -----------  ---------  ----------------
Fapi_serviceWatchdogTimer  $Ven$TA$L$PI$$Fapi_serviceWatchdogTimer
   08002000     08002f20     08002f1a   F021_API_CortexR4_BE.lib : Read.WdService.obj (.text:_Fapi_checkWdService)

[1 trampolines]
[1 trampoline calls]


FAR CALL TRAMPOLINES

callee name               trampoline name
   callee addr  tramp addr   call addr  call info
--------------  -----------  ---------  ----------------
Fapi_BlockProgram         $Tramp$AA$L$PI$$Fapi_BlockProgram
   080023d8     00004320     000019bc   bl_ymodem.obj (.text)
                             00001a7c   bl_ymodem.obj (.text)
Fapi_BlockErase           $Tramp$AA$L$PI$$Fapi_BlockErase
   08002170     00004328     00001948   bl_ymodem.obj (.text)
BLInternalFlashStartAddrCheck  $Tramp$AA$L$PI$$BLInternalFlashStartAddrCheck
   08002058     00004330     00001920   bl_ymodem.obj (.text)

[3 trampolines]
[4 trampoline calls]


GLOBAL SYMBOLS: SORTED ALPHABETICALLY BY Name 

address   name                             
-------   ----                             
08002008  BLInternalFlashFirstSectorSizeGet
08002030  BLInternalFlashSizeGet           
08002058  BLInternalFlashStartAddrCheck    
000041e1  C$$EXIT                          
00003df8  CheckForceUpdate                 
00003d78  CheckGPIOForceUpdate             
00003fcc  ConfigureUartDevice              
08002170  Fapi_BlockErase                  
080023d8  Fapi_BlockProgram                
08002678  Fapi_BlockRead                   
08002520  Fapi_UpdateStatusProgram         
08002ed1  Fapi_calculateEcc                
08002dcd  Fapi_calculateFletcherChecksum   
08002d51  Fapi_doMarginReadByByte          
08002c79  Fapi_enableMainBankSectors       
08002e91  Fapi_flushPipeline               
08002ee5  Fapi_getNumberOfBankSectors      
08002725  Fapi_initializeFlashBanks        
08002e05  Fapi_issueAsyncCommandWithAddress
08002b01  Fapi_issueProgrammingCommand     
08002000  Fapi_serviceWatchdogTimer        
08002985  Fapi_setActiveFlashBank          
08002e35  Fapi_waitDelay                   
0800262c  Flash_Erase_Check                
080025dc  Flash_Program_Check              
00001f64  Int2Str                          
080033f8  JumpAddress                      
UNDEFED   SHT$$INIT_ARRAY$$Base            
UNDEFED   SHT$$INIT_ARRAY$$Limit           
00001ba0  SendDataPacket                   
00002058  Str2Int                          
00002520  U32toStr                         
000026cc  UART_Download                    
0000278c  UART_Upload                      
00002410  UART_getChar                     
000023d4  UART_getKey                      
0000268c  UART_putChar                     
0000264c  UART_putString                   
00002474  UART_rxByte                      
000025ac  UART_send32BitData               
000024ec  UART_txByte                      
00002834  UpdaterUART                      
00001500  Ymodem_Receive                   
00001d78  Ymodem_Transmit                  
08002f15  _Fapi_checkWdService             
08002ce9  _Fapi_enterMarginMode            
08002e65  _Fapi_exitMarginMode             
08002d91  _Fapi_issueFsmCommand            
000046c0  __TI_CINIT_Base                  
000046d0  __TI_CINIT_Limit                 
000046a8  __TI_Handler_Table_Base          
000046b4  __TI_Handler_Table_Limit         
000037e0  __TI_PINIT_Base                  
000037e4  __TI_PINIT_Limit                 
08003348  __TI_cleanup_ptr                 
00004117  __TI_decompress_lzss             
00004301  __TI_decompress_none             
0800334c  __TI_dtors_ptr                   
08003350  __TI_enable_exit_profile_output  
ffffffff  __TI_pprof_out_hndl              
ffffffff  __TI_prof_data_size              
ffffffff  __TI_prof_data_start             
00000000  __TI_static_base__               
0000430f  __TI_zero_init                   
00004183  __aeabi_idiv0                    
0000409d  __aeabi_memclr                   
0000409d  __aeabi_memclr4                  
0000409d  __aeabi_memclr8                  
00004001  __aeabi_memcpy                   
00004001  __aeabi_memcpy4                  
00004001  __aeabi_memcpy8                  
0000409f  __aeabi_memset                   
0000409f  __aeabi_memset4                  
0000409f  __aeabi_memset8                  
00004230  __aeabi_uidiv                    
00004230  __aeabi_uidivmod                 
ffffffff  __binit__                        
ffffffff  __c_args__                       
000037e8  _c_int00                         
00004184  _cal_crc16_                      
000035f8  _copyAPI2RAM_                    
000036a4  _coreDisableEventBusExport_      
00003708  _coreDisableFlashEcc_            
000036d4  _coreDisableRamEcc_              
0000368c  _coreEnableEventBusExport_       
000036ec  _coreEnableFlashEcc_             
00003720  _coreEnableIrqVicOffset_         
000036bc  _coreEnableRamEcc_               
00003674  _coreEnableVfp_                  
000034f8  _coreInitRegisters_              
00003628  _coreInitStackPointer_           
00003740  _disable_FIQ_interrupt_          
00003748  _disable_IRQ_interrupt_          
00003738  _disable_interrupt_              
00003750  _enable_interrupt_               
00003758  _esmCcmErrorsClear_              
08003354  _lock                            
000042fb  _nop                             
000042f3  _register_lock                   
000042ed  _register_unlock                 
08002ef5  _scaleEEFclk                     
08002f05  _scaleMainFclk                   
08003358  _unlock                          
000041e5  abort                            
00000020  api_load                         
08002000  api_run                          
00000f28  api_size                         
ffffffff  binit                            
00004281  copy_in                          
00003f40  delay                            
000042cc  esmGroup1Notification            
000042dc  esmGroup2Notification            
00003ac8  esmHighInterrupt                 
000041ed  exit                             
08003370  fileName                         
0000453c  flash_sector                     
08003328  g_pulUpdateSuccess               
080033d0  g_sciTransfer                    
080033fc  g_ulForced                       
08003400  g_ulTransferAddress              
08003368  g_ulUpdateBufferSize             
08003364  g_ulUpdateStatusAddr             
00003c34  get_hardware_Info                
00003c20  get_software_Version             
00003f80  main                             
0000332c  mapClocks                        
00004001  memcpy                           
000040a5  memset                           
000032d8  periphInit                       
0000431c  phantomInterrupt                 
00003e64  run_LED_StartUp                  
00002d24  sciInit                          
00003058  sciIsRxReady                     
00002ef8  sciIsTxReady                     
000030d4  sciReceive                       
000030a4  sciReceiveByte                   
00003074  sciRxError                       
00002f44  sciSend                          
00002f14  sciSendByte                      
00002e7c  sciSetBaudrate                   
00002e5c  sciSetFunctional                 
00003298  setupFlash                       
00003200  setupPLL                         
00003404  systemInit                       
00003474  systemPowerDown                  
08002f28  tab_1024                         
00003250  trimLPO                          


GLOBAL SYMBOLS: SORTED BY Symbol Address 

address   name                             
-------   ----                             
00000000  __TI_static_base__               
00000020  api_load                         
00000f28  api_size                         
00001500  Ymodem_Receive                   
00001ba0  SendDataPacket                   
00001d78  Ymodem_Transmit                  
00001f64  Int2Str                          
00002058  Str2Int                          
000023d4  UART_getKey                      
00002410  UART_getChar                     
00002474  UART_rxByte                      
000024ec  UART_txByte                      
00002520  U32toStr                         
000025ac  UART_send32BitData               
0000264c  UART_putString                   
0000268c  UART_putChar                     
000026cc  UART_Download                    
0000278c  UART_Upload                      
00002834  UpdaterUART                      
00002d24  sciInit                          
00002e5c  sciSetFunctional                 
00002e7c  sciSetBaudrate                   
00002ef8  sciIsTxReady                     
00002f14  sciSendByte                      
00002f44  sciSend                          
00003058  sciIsRxReady                     
00003074  sciRxError                       
000030a4  sciReceiveByte                   
000030d4  sciReceive                       
00003200  setupPLL                         
00003250  trimLPO                          
00003298  setupFlash                       
000032d8  periphInit                       
0000332c  mapClocks                        
00003404  systemInit                       
00003474  systemPowerDown                  
000034f8  _coreInitRegisters_              
000035f8  _copyAPI2RAM_                    
00003628  _coreInitStackPointer_           
00003674  _coreEnableVfp_                  
0000368c  _coreEnableEventBusExport_       
000036a4  _coreDisableEventBusExport_      
000036bc  _coreEnableRamEcc_               
000036d4  _coreDisableRamEcc_              
000036ec  _coreEnableFlashEcc_             
00003708  _coreDisableFlashEcc_            
00003720  _coreEnableIrqVicOffset_         
00003738  _disable_interrupt_              
00003740  _disable_FIQ_interrupt_          
00003748  _disable_IRQ_interrupt_          
00003750  _enable_interrupt_               
00003758  _esmCcmErrorsClear_              
000037e0  __TI_PINIT_Base                  
000037e4  __TI_PINIT_Limit                 
000037e8  _c_int00                         
00003ac8  esmHighInterrupt                 
00003c20  get_software_Version             
00003c34  get_hardware_Info                
00003d78  CheckGPIOForceUpdate             
00003df8  CheckForceUpdate                 
00003e64  run_LED_StartUp                  
00003f40  delay                            
00003f80  main                             
00003fcc  ConfigureUartDevice              
00004001  __aeabi_memcpy                   
00004001  __aeabi_memcpy4                  
00004001  __aeabi_memcpy8                  
00004001  memcpy                           
0000409d  __aeabi_memclr                   
0000409d  __aeabi_memclr4                  
0000409d  __aeabi_memclr8                  
0000409f  __aeabi_memset                   
0000409f  __aeabi_memset4                  
0000409f  __aeabi_memset8                  
000040a5  memset                           
00004117  __TI_decompress_lzss             
00004183  __aeabi_idiv0                    
00004184  _cal_crc16_                      
000041e1  C$$EXIT                          
000041e5  abort                            
000041ed  exit                             
00004230  __aeabi_uidiv                    
00004230  __aeabi_uidivmod                 
00004281  copy_in                          
000042cc  esmGroup1Notification            
000042dc  esmGroup2Notification            
000042ed  _register_unlock                 
000042f3  _register_lock                   
000042fb  _nop                             
00004301  __TI_decompress_none             
0000430f  __TI_zero_init                   
0000431c  phantomInterrupt                 
0000453c  flash_sector                     
000046a8  __TI_Handler_Table_Base          
000046b4  __TI_Handler_Table_Limit         
000046c0  __TI_CINIT_Base                  
000046d0  __TI_CINIT_Limit                 
08002000  Fapi_serviceWatchdogTimer        
08002000  api_run                          
08002008  BLInternalFlashFirstSectorSizeGet
08002030  BLInternalFlashSizeGet           
08002058  BLInternalFlashStartAddrCheck    
08002170  Fapi_BlockErase                  
080023d8  Fapi_BlockProgram                
08002520  Fapi_UpdateStatusProgram         
080025dc  Flash_Program_Check              
0800262c  Flash_Erase_Check                
08002678  Fapi_BlockRead                   
08002725  Fapi_initializeFlashBanks        
08002985  Fapi_setActiveFlashBank          
08002b01  Fapi_issueProgrammingCommand     
08002c79  Fapi_enableMainBankSectors       
08002ce9  _Fapi_enterMarginMode            
08002d51  Fapi_doMarginReadByByte          
08002d91  _Fapi_issueFsmCommand            
08002dcd  Fapi_calculateFletcherChecksum   
08002e05  Fapi_issueAsyncCommandWithAddress
08002e35  Fapi_waitDelay                   
08002e65  _Fapi_exitMarginMode             
08002e91  Fapi_flushPipeline               
08002ed1  Fapi_calculateEcc                
08002ee5  Fapi_getNumberOfBankSectors      
08002ef5  _scaleEEFclk                     
08002f05  _scaleMainFclk                   
08002f15  _Fapi_checkWdService             
08002f28  tab_1024                         
08003328  g_pulUpdateSuccess               
08003348  __TI_cleanup_ptr                 
0800334c  __TI_dtors_ptr                   
08003350  __TI_enable_exit_profile_output  
08003354  _lock                            
08003358  _unlock                          
08003364  g_ulUpdateStatusAddr             
08003368  g_ulUpdateBufferSize             
08003370  fileName                         
080033d0  g_sciTransfer                    
080033f8  JumpAddress                      
080033fc  g_ulForced                       
08003400  g_ulTransferAddress              
ffffffff  __TI_pprof_out_hndl              
ffffffff  __TI_prof_data_size              
ffffffff  __TI_prof_data_start             
ffffffff  __binit__                        
ffffffff  __c_args__                       
ffffffff  binit                            
UNDEFED   SHT$$INIT_ARRAY$$Base            
UNDEFED   SHT$$INIT_ARRAY$$Limit           

[147 symbols]
