<?xml version="1.0"?>
<link_info>
   <banner>TI ARM Linker PC v5.2.5</banner>
   <copyright>Copyright (c) 1996-2015 Texas Instruments Incorporated</copyright>
   <link_time>0x56c620a6</link_time>
   <link_errors>0x0</link_errors>
   <output_file>rm42_spi_boot.out</output_file>
   <entry_point>
      <name>_c_int00</name>
      <address>0x2478</address>
   </entry_point>
   <input_file_list>
      <input_file id="fl-2">
         <path>.\</path>
         <kind>object</kind>
         <file>Fapi_UserDefinedFunctions.obj</file>
         <name>Fapi_UserDefinedFunctions.obj</name>
      </input_file>
      <input_file id="fl-3">
         <path>.\</path>
         <kind>object</kind>
         <file>bl_check.obj</file>
         <name>bl_check.obj</name>
      </input_file>
      <input_file id="fl-4">
         <path>.\</path>
         <kind>object</kind>
         <file>bl_dcan.obj</file>
         <name>bl_dcan.obj</name>
      </input_file>
      <input_file id="fl-5">
         <path>.\</path>
         <kind>object</kind>
         <file>bl_flash.obj</file>
         <name>bl_flash.obj</name>
      </input_file>
      <input_file id="fl-6">
         <path>.\</path>
         <kind>object</kind>
         <file>bl_led_demo.obj</file>
         <name>bl_led_demo.obj</name>
      </input_file>
      <input_file id="fl-7">
         <path>.\</path>
         <kind>object</kind>
         <file>bl_main.obj</file>
         <name>bl_main.obj</name>
      </input_file>
      <input_file id="fl-8">
         <path>.\</path>
         <kind>object</kind>
         <file>bl_spi.obj</file>
         <name>bl_spi.obj</name>
      </input_file>
      <input_file id="fl-9">
         <path>.\</path>
         <kind>object</kind>
         <file>bl_spi_packet.obj</file>
         <name>bl_spi_packet.obj</name>
      </input_file>
      <input_file id="fl-a">
         <path>.\</path>
         <kind>object</kind>
         <file>bl_uart.obj</file>
         <name>bl_uart.obj</name>
      </input_file>
      <input_file id="fl-b">
         <path>.\</path>
         <kind>object</kind>
         <file>bl_ymodem.obj</file>
         <name>bl_ymodem.obj</name>
      </input_file>
      <input_file id="fl-c">
         <path>.\</path>
         <kind>object</kind>
         <file>hw_dcan.obj</file>
         <name>hw_dcan.obj</name>
      </input_file>
      <input_file id="fl-d">
         <path>.\</path>
         <kind>object</kind>
         <file>hw_esm.obj</file>
         <name>hw_esm.obj</name>
      </input_file>
      <input_file id="fl-e">
         <path>.\</path>
         <kind>object</kind>
         <file>hw_gio.obj</file>
         <name>hw_gio.obj</name>
      </input_file>
      <input_file id="fl-f">
         <path>.\</path>
         <kind>object</kind>
         <file>hw_pinmux.obj</file>
         <name>hw_pinmux.obj</name>
      </input_file>
      <input_file id="fl-10">
         <path>.\</path>
         <kind>object</kind>
         <file>hw_sci.obj</file>
         <name>hw_sci.obj</name>
      </input_file>
      <input_file id="fl-11">
         <path>.\</path>
         <kind>object</kind>
         <file>hw_spi.obj</file>
         <name>hw_spi.obj</name>
      </input_file>
      <input_file id="fl-12">
         <path>.\</path>
         <kind>object</kind>
         <file>notification.obj</file>
         <name>notification.obj</name>
      </input_file>
      <input_file id="fl-13">
         <path>.\</path>
         <kind>object</kind>
         <file>sci_common.obj</file>
         <name>sci_common.obj</name>
      </input_file>
      <input_file id="fl-14">
         <path>.\</path>
         <kind>object</kind>
         <file>sw_hw_ver.obj</file>
         <name>sw_hw_ver.obj</name>
      </input_file>
      <input_file id="fl-15">
         <path>.\</path>
         <kind>object</kind>
         <file>sys_core.obj</file>
         <name>sys_core.obj</name>
      </input_file>
      <input_file id="fl-16">
         <path>.\</path>
         <kind>object</kind>
         <file>sys_intvecs.obj</file>
         <name>sys_intvecs.obj</name>
      </input_file>
      <input_file id="fl-17">
         <path>.\</path>
         <kind>object</kind>
         <file>sys_phantom.obj</file>
         <name>sys_phantom.obj</name>
      </input_file>
      <input_file id="fl-18">
         <path>.\</path>
         <kind>object</kind>
         <file>sys_startup.obj</file>
         <name>sys_startup.obj</name>
      </input_file>
      <input_file id="fl-19">
         <path>.\</path>
         <kind>object</kind>
         <file>system.obj</file>
         <name>system.obj</name>
      </input_file>
      <input_file id="fl-1a">
         <path>.\</path>
         <kind>object</kind>
         <file>ymodem_crc16.obj</file>
         <name>ymodem_crc16.obj</name>
      </input_file>
      <input_file id="fl-21">
         <path>..\..\..\lib\</path>
         <kind>archive</kind>
         <file>F021_API_CortexR4_LE.lib</file>
         <name>Async.WithAddress.obj</name>
      </input_file>
      <input_file id="fl-22">
         <path>..\..\..\lib\</path>
         <kind>archive</kind>
         <file>F021_API_CortexR4_LE.lib</file>
         <name>FlashStateMachine.EnableMainSectors.obj</name>
      </input_file>
      <input_file id="fl-23">
         <path>..\..\..\lib\</path>
         <kind>archive</kind>
         <file>F021_API_CortexR4_LE.lib</file>
         <name>FlashStateMachine.InitializeFlashBanks.obj</name>
      </input_file>
      <input_file id="fl-24">
         <path>..\..\..\lib\</path>
         <kind>archive</kind>
         <file>F021_API_CortexR4_LE.lib</file>
         <name>FlashStateMachine.IssueFsmCommand.obj</name>
      </input_file>
      <input_file id="fl-25">
         <path>..\..\..\lib\</path>
         <kind>archive</kind>
         <file>F021_API_CortexR4_LE.lib</file>
         <name>FlashStateMachine.ScaleFclk.obj</name>
      </input_file>
      <input_file id="fl-26">
         <path>..\..\..\lib\</path>
         <kind>archive</kind>
         <file>F021_API_CortexR4_LE.lib</file>
         <name>FlashStateMachine.SetActiveBank.obj</name>
      </input_file>
      <input_file id="fl-27">
         <path>..\..\..\lib\</path>
         <kind>archive</kind>
         <file>F021_API_CortexR4_LE.lib</file>
         <name>Program.obj</name>
      </input_file>
      <input_file id="fl-28">
         <path>..\..\..\lib\</path>
         <kind>archive</kind>
         <file>F021_API_CortexR4_LE.lib</file>
         <name>Read.MarginByByte.obj</name>
      </input_file>
      <input_file id="fl-29">
         <path>..\..\..\lib\</path>
         <kind>archive</kind>
         <file>F021_API_CortexR4_LE.lib</file>
         <name>Read.WdService.obj</name>
      </input_file>
      <input_file id="fl-2a">
         <path>..\..\..\lib\</path>
         <kind>archive</kind>
         <file>F021_API_CortexR4_LE.lib</file>
         <name>Utilities.CalculateEcc.obj</name>
      </input_file>
      <input_file id="fl-2b">
         <path>..\..\..\lib\</path>
         <kind>archive</kind>
         <file>F021_API_CortexR4_LE.lib</file>
         <name>Utilities.CalculateFletcher.obj</name>
      </input_file>
      <input_file id="fl-2c">
         <path>..\..\..\lib\</path>
         <kind>archive</kind>
         <file>F021_API_CortexR4_LE.lib</file>
         <name>Utilities.GetNumberOfSectors.obj</name>
      </input_file>
      <input_file id="fl-2d">
         <path>..\..\..\lib\</path>
         <kind>archive</kind>
         <file>F021_API_CortexR4_LE.lib</file>
         <name>Read.Common.obj</name>
      </input_file>
      <input_file id="fl-2e">
         <path>..\..\..\lib\</path>
         <kind>archive</kind>
         <file>F021_API_CortexR4_LE.lib</file>
         <name>Read.FlushPipeline.obj</name>
      </input_file>
      <input_file id="fl-2f">
         <path>..\..\..\lib\</path>
         <kind>archive</kind>
         <file>F021_API_CortexR4_LE.lib</file>
         <name>Utilities.WaitDelay.obj</name>
      </input_file>
      <input_file id="fl-30">
         <path>..\..\..\lib\</path>
         <kind>archive</kind>
         <file>F021_API_CortexR4_LE.lib</file>
         <name>FlashStateMachine.Hercules.IsEccAddress.obj</name>
      </input_file>
      <input_file id="fl-31">
         <path>C:\ti\ccsv6\tools\compiler\ti-cgt-arm_5.2.5\lib\</path>
         <kind>archive</kind>
         <file>rtsv7R4_A_le_eabi.lib</file>
         <name>copy_decompress_none.obj</name>
      </input_file>
      <input_file id="fl-32">
         <path>C:\ti\ccsv6\tools\compiler\ti-cgt-arm_5.2.5\lib\</path>
         <kind>archive</kind>
         <file>rtsv7R4_A_le_eabi.lib</file>
         <name>copy_decompress_rle.obj</name>
      </input_file>
      <input_file id="fl-33">
         <path>C:\ti\ccsv6\tools\compiler\ti-cgt-arm_5.2.5\lib\</path>
         <kind>archive</kind>
         <file>rtsv7R4_A_le_eabi.lib</file>
         <name>copy_zero_init.obj</name>
      </input_file>
      <input_file id="fl-34">
         <path>C:\ti\ccsv6\tools\compiler\ti-cgt-arm_5.2.5\lib\</path>
         <kind>archive</kind>
         <file>rtsv7R4_A_le_eabi.lib</file>
         <name>cpy_tbl.obj</name>
      </input_file>
      <input_file id="fl-35">
         <path>C:\ti\ccsv6\tools\compiler\ti-cgt-arm_5.2.5\lib\</path>
         <kind>archive</kind>
         <file>rtsv7R4_A_le_eabi.lib</file>
         <name>exit.obj</name>
      </input_file>
      <input_file id="fl-36">
         <path>C:\ti\ccsv6\tools\compiler\ti-cgt-arm_5.2.5\lib\</path>
         <kind>archive</kind>
         <file>rtsv7R4_A_le_eabi.lib</file>
         <name>fd_add32.obj</name>
      </input_file>
      <input_file id="fl-37">
         <path>C:\ti\ccsv6\tools\compiler\ti-cgt-arm_5.2.5\lib\</path>
         <kind>archive</kind>
         <file>rtsv7R4_A_le_eabi.lib</file>
         <name>fd_div32.obj</name>
      </input_file>
      <input_file id="fl-38">
         <path>C:\ti\ccsv6\tools\compiler\ti-cgt-arm_5.2.5\lib\</path>
         <kind>archive</kind>
         <file>rtsv7R4_A_le_eabi.lib</file>
         <name>fd_tou32.obj</name>
      </input_file>
      <input_file id="fl-39">
         <path>C:\ti\ccsv6\tools\compiler\ti-cgt-arm_5.2.5\lib\</path>
         <kind>archive</kind>
         <file>rtsv7R4_A_le_eabi.lib</file>
         <name>memcpy32.obj</name>
      </input_file>
      <input_file id="fl-3a">
         <path>C:\ti\ccsv6\tools\compiler\ti-cgt-arm_5.2.5\lib\</path>
         <kind>archive</kind>
         <file>rtsv7R4_A_le_eabi.lib</file>
         <name>memset32.obj</name>
      </input_file>
      <input_file id="fl-3b">
         <path>C:\ti\ccsv6\tools\compiler\ti-cgt-arm_5.2.5\lib\</path>
         <kind>archive</kind>
         <file>rtsv7R4_A_le_eabi.lib</file>
         <name>u_tofd32.obj</name>
      </input_file>
      <input_file id="fl-3c">
         <path>C:\ti\ccsv6\tools\compiler\ti-cgt-arm_5.2.5\lib\</path>
         <kind>archive</kind>
         <file>rtsv7R4_A_le_eabi.lib</file>
         <name>_lock.obj</name>
      </input_file>
   </input_file_list>
   <object_component_list>
      <object_component id="oc-30">
         <name>.intvecs</name>
         <load_address>0x0</load_address>
         <run_address>0x0</run_address>
         <size>0x20</size>
         <input_file_ref idref="fl-16"/>
      </object_component>
      <object_component id="oc-240">
         <name>.text</name>
         <load_address>0x20</load_address>
         <run_address>0x8002000</run_address>
         <size>0x8</size>
         <input_file_ref idref="fl-2"/>
      </object_component>
      <object_component id="oc-11b">
         <name>.text</name>
         <load_address>0x28</load_address>
         <run_address>0x8002008</run_address>
         <size>0x71c</size>
         <input_file_ref idref="fl-5"/>
      </object_component>
      <object_component id="oc-166">
         <name>.text:Fapi_initializeFlashBanks</name>
         <load_address>0x744</load_address>
         <run_address>0x8002724</run_address>
         <size>0x260</size>
         <input_file_ref idref="fl-23"/>
      </object_component>
      <object_component id="oc-16c">
         <name>.text:Fapi_setActiveFlashBank</name>
         <load_address>0x9a4</load_address>
         <run_address>0x8002984</run_address>
         <size>0x17c</size>
         <input_file_ref idref="fl-26"/>
      </object_component>
      <object_component id="oc-17e">
         <name>.text:Fapi_issueProgrammingCommand</name>
         <load_address>0xb20</load_address>
         <run_address>0x8002b00</run_address>
         <size>0x170</size>
         <input_file_ref idref="fl-27"/>
      </object_component>
      <object_component id="oc-172">
         <name>.text:Fapi_enableMainBankSectors</name>
         <load_address>0xc90</load_address>
         <run_address>0x8002c70</run_address>
         <size>0x70</size>
         <input_file_ref idref="fl-22"/>
      </object_component>
      <object_component id="oc-1ed">
         <name>.text:_Fapi_enterMarginMode</name>
         <load_address>0xd00</load_address>
         <run_address>0x8002ce0</run_address>
         <size>0x68</size>
         <input_file_ref idref="fl-2d"/>
      </object_component>
      <object_component id="oc-1ae">
         <name>.text:Fapi_calculateFletcherChecksum</name>
         <load_address>0xd68</load_address>
         <run_address>0x8002d48</run_address>
         <size>0x40</size>
         <input_file_ref idref="fl-2b"/>
      </object_component>
      <object_component id="oc-184">
         <name>.text:Fapi_doMarginReadByByte</name>
         <load_address>0xda8</load_address>
         <run_address>0x8002d88</run_address>
         <size>0x40</size>
         <input_file_ref idref="fl-28"/>
      </object_component>
      <object_component id="oc-1d8">
         <name>.text:_Fapi_issueFsmCommand</name>
         <load_address>0xde8</load_address>
         <run_address>0x8002dc8</run_address>
         <size>0x3c</size>
         <input_file_ref idref="fl-24"/>
      </object_component>
      <object_component id="oc-178">
         <name>.text:Fapi_issueAsyncCommandWithAddress</name>
         <load_address>0xe24</load_address>
         <run_address>0x8002e04</run_address>
         <size>0x30</size>
         <input_file_ref idref="fl-21"/>
      </object_component>
      <object_component id="oc-259">
         <name>.text:Fapi_waitDelay</name>
         <load_address>0xe54</load_address>
         <run_address>0x8002e34</run_address>
         <size>0x30</size>
         <input_file_ref idref="fl-2f"/>
      </object_component>
      <object_component id="oc-1f9">
         <name>.text:_Fapi_exitMarginMode</name>
         <load_address>0xe84</load_address>
         <run_address>0x8002e64</run_address>
         <size>0x2c</size>
         <input_file_ref idref="fl-2d"/>
      </object_component>
      <object_component id="oc-238">
         <name>.text:Fapi_flushPipeline</name>
         <load_address>0xeb0</load_address>
         <run_address>0x8002e90</run_address>
         <size>0x22</size>
         <input_file_ref idref="fl-2e"/>
      </object_component>
      <object_component id="oc-1b4">
         <name>.text:_Fapi_divideUnsignedLong</name>
         <load_address>0xed2</load_address>
         <run_address>0x8002eb2</run_address>
         <size>0x1c</size>
         <input_file_ref idref="fl-23"/>
      </object_component>
      <object_component id="oc-1e0">
         <name>.text:Fapi_calculateEcc</name>
         <load_address>0xef0</load_address>
         <run_address>0x8002ed0</run_address>
         <size>0x14</size>
         <input_file_ref idref="fl-2a"/>
      </object_component>
      <object_component id="oc-1d0">
         <name>.text:Fapi_getNumberOfBankSectors</name>
         <load_address>0xf04</load_address>
         <run_address>0x8002ee4</run_address>
         <size>0x10</size>
         <input_file_ref idref="fl-2c"/>
      </object_component>
      <object_component id="oc-1c0">
         <name>.text:_scaleEEFclk</name>
         <load_address>0xf14</load_address>
         <run_address>0x8002ef4</run_address>
         <size>0x10</size>
         <input_file_ref idref="fl-25"/>
      </object_component>
      <object_component id="oc-1ba">
         <name>.text:_scaleMainFclk</name>
         <load_address>0xf24</load_address>
         <run_address>0x8002f04</run_address>
         <size>0x10</size>
         <input_file_ref idref="fl-25"/>
      </object_component>
      <object_component id="oc-1f3">
         <name>.text:_Fapi_checkWdService</name>
         <load_address>0xf34</load_address>
         <run_address>0x8002f14</run_address>
         <size>0xc</size>
         <input_file_ref idref="fl-29"/>
      </object_component>
      <object_component id="oc-28e">
         <name>.tramp.Fapi_serviceWatchdogTimer.1</name>
         <load_address>0xf40</load_address>
         <run_address>0x8002f20</run_address>
         <size>0x8</size>
         <input_file_ref idref="fl-2"/>
      </object_component>
      <object_component id="oc-c2">
         <name>.text</name>
         <load_address>0x1500</load_address>
         <run_address>0x1500</run_address>
         <size>0x60c</size>
         <input_file_ref idref="fl-8"/>
      </object_component>
      <object_component id="oc-b0">
         <name>.text</name>
         <load_address>0x1b0c</load_address>
         <run_address>0x1b0c</run_address>
         <size>0x504</size>
         <input_file_ref idref="fl-10"/>
      </object_component>
      <object_component id="oc-c8">
         <name>.text</name>
         <load_address>0x2010</load_address>
         <run_address>0x2010</run_address>
         <size>0x468</size>
         <input_file_ref idref="fl-11"/>
      </object_component>
      <object_component id="oc-21">
         <name>.text:retain</name>
         <load_address>0x2478</load_address>
         <run_address>0x2478</run_address>
         <size>0x2e0</size>
         <input_file_ref idref="fl-18"/>
      </object_component>
      <object_component id="oc-65">
         <name>.text</name>
         <load_address>0x2758</load_address>
         <run_address>0x2758</run_address>
         <size>0x2e0</size>
         <input_file_ref idref="fl-19"/>
      </object_component>
      <object_component id="oc-60">
         <name>.text</name>
         <load_address>0x2a38</load_address>
         <run_address>0x2a38</run_address>
         <size>0x288</size>
         <input_file_ref idref="fl-15"/>
      </object_component>
      <object_component id="oc-127">
         <name>.text</name>
         <load_address>0x2cc0</load_address>
         <run_address>0x2cc0</run_address>
         <size>0x228</size>
         <input_file_ref idref="fl-9"/>
      </object_component>
      <object_component id="oc-104">
         <name>.text</name>
         <load_address>0x2ee8</load_address>
         <run_address>0x2ee8</run_address>
         <size>0x214</size>
         <input_file_ref idref="fl-36"/>
      </object_component>
      <object_component id="oc-18f">
         <name>.text</name>
         <load_address>0x30fc</load_address>
         <run_address>0x30fc</run_address>
         <size>0x194</size>
         <input_file_ref idref="fl-e"/>
      </object_component>
      <object_component id="oc-ff">
         <name>.text</name>
         <load_address>0x3290</load_address>
         <run_address>0x3290</run_address>
         <size>0x190</size>
         <input_file_ref idref="fl-37"/>
      </object_component>
      <object_component id="oc-3b">
         <name>.text</name>
         <load_address>0x3420</load_address>
         <run_address>0x3420</run_address>
         <size>0x180</size>
         <input_file_ref idref="fl-39"/>
      </object_component>
      <object_component id="oc-27">
         <name>.text:retain</name>
         <load_address>0x35a0</load_address>
         <run_address>0x35a0</run_address>
         <size>0x130</size>
         <input_file_ref idref="fl-d"/>
      </object_component>
      <object_component id="oc-71">
         <name>.text</name>
         <load_address>0x36d0</load_address>
         <run_address>0x36d0</run_address>
         <size>0x118</size>
         <input_file_ref idref="fl-7"/>
      </object_component>
      <object_component id="oc-b6">
         <name>.text</name>
         <load_address>0x37e8</load_address>
         <run_address>0x37e8</run_address>
         <size>0x110</size>
         <input_file_ref idref="fl-13"/>
      </object_component>
      <object_component id="oc-bc">
         <name>.text</name>
         <load_address>0x38f8</load_address>
         <run_address>0x38f8</run_address>
         <size>0xec</size>
         <input_file_ref idref="fl-3"/>
      </object_component>
      <object_component id="oc-121">
         <name>.text</name>
         <load_address>0x39e4</load_address>
         <run_address>0x39e4</run_address>
         <size>0xb4</size>
         <input_file_ref idref="fl-6"/>
      </object_component>
      <object_component id="oc-54">
         <name>.text</name>
         <load_address>0x3a98</load_address>
         <run_address>0x3a98</run_address>
         <size>0xb0</size>
         <input_file_ref idref="fl-3a"/>
      </object_component>
      <object_component id="oc-47">
         <name>.text</name>
         <load_address>0x3b48</load_address>
         <run_address>0x3b48</run_address>
         <size>0x9c</size>
         <input_file_ref idref="fl-32"/>
      </object_component>
      <object_component id="oc-6b">
         <name>.text</name>
         <load_address>0x3be4</load_address>
         <run_address>0x3be4</run_address>
         <size>0x84</size>
         <input_file_ref idref="fl-34"/>
      </object_component>
      <object_component id="oc-77">
         <name>.text</name>
         <load_address>0x3c68</load_address>
         <run_address>0x3c68</run_address>
         <size>0x78</size>
         <input_file_ref idref="fl-35"/>
      </object_component>
      <object_component id="oc-109">
         <name>.text</name>
         <load_address>0x3ce0</load_address>
         <run_address>0x3ce0</run_address>
         <size>0x5c</size>
         <input_file_ref idref="fl-38"/>
      </object_component>
      <object_component id="oc-fa">
         <name>.text</name>
         <load_address>0x3d3c</load_address>
         <run_address>0x3d3c</run_address>
         <size>0x34</size>
         <input_file_ref idref="fl-3b"/>
      </object_component>
      <object_component id="oc-147">
         <name>.text</name>
         <load_address>0x3d70</load_address>
         <run_address>0x3d70</run_address>
         <size>0x24</size>
         <input_file_ref idref="fl-3c"/>
      </object_component>
      <object_component id="oc-89">
         <name>.text</name>
         <load_address>0x3d94</load_address>
         <run_address>0x3d94</run_address>
         <size>0x20</size>
         <input_file_ref idref="fl-12"/>
      </object_component>
      <object_component id="oc-f">
         <name>.text:decompress:none</name>
         <load_address>0x3db4</load_address>
         <run_address>0x3db4</run_address>
         <size>0x14</size>
         <input_file_ref idref="fl-31"/>
      </object_component>
      <object_component id="oc-1b">
         <name>.text:decompress:ZI</name>
         <load_address>0x3dc8</load_address>
         <run_address>0x3dc8</run_address>
         <size>0x10</size>
         <input_file_ref idref="fl-33"/>
      </object_component>
      <object_component id="oc-15">
         <name>.text:decompress:rle24</name>
         <load_address>0x3dd8</load_address>
         <run_address>0x3dd8</run_address>
         <size>0x8</size>
         <input_file_ref idref="fl-32"/>
      </object_component>
      <object_component id="oc-35">
         <name>.text:retain</name>
         <load_address>0x3de0</load_address>
         <run_address>0x3de0</run_address>
         <size>0x4</size>
         <input_file_ref idref="fl-17"/>
      </object_component>
      <object_component id="oc-293">
         <name>.tramp.Fapi_UpdateStatusProgram.1</name>
         <load_address>0x3de4</load_address>
         <run_address>0x3de4</run_address>
         <size>0x8</size>
         <input_file_ref idref="fl-5"/>
      </object_component>
      <object_component id="oc-292">
         <name>.tramp.Fapi_BlockProgram.1</name>
         <load_address>0x3dec</load_address>
         <run_address>0x3dec</run_address>
         <size>0x8</size>
         <input_file_ref idref="fl-5"/>
      </object_component>
      <object_component id="oc-291">
         <name>.tramp.Fapi_BlockErase.1</name>
         <load_address>0x3df4</load_address>
         <run_address>0x3df4</run_address>
         <size>0x8</size>
         <input_file_ref idref="fl-5"/>
      </object_component>
      <object_component id="oc-290">
         <name>.tramp.BLInternalFlashStartAddrCheck.1</name>
         <load_address>0x3dfc</load_address>
         <run_address>0x3dfc</run_address>
         <size>0x8</size>
         <input_file_ref idref="fl-5"/>
      </object_component>
      <object_component id="oc-28f">
         <name>.tramp.BLInternalFlashFirstSectorSizeGet.1</name>
         <load_address>0x3e04</load_address>
         <run_address>0x3e04</run_address>
         <size>0x8</size>
         <input_file_ref idref="fl-5"/>
      </object_component>
      <object_component id="oc-2d">
         <name>.const:s_vim_init</name>
         <load_address>0x3e0c</load_address>
         <run_address>0x3e0c</run_address>
         <size>0x204</size>
         <input_file_ref idref="fl-18"/>
      </object_component>
      <object_component id="oc-18a">
         <name>.const:flash_sector</name>
         <load_address>0x4010</load_address>
         <run_address>0x4010</run_address>
         <size>0x12c</size>
         <input_file_ref idref="fl-5"/>
      </object_component>
      <object_component id="oc-196">
         <name>.const:.string</name>
         <load_address>0x413c</load_address>
         <run_address>0x413c</run_address>
         <size>0x4</size>
         <input_file_ref idref="fl-9"/>
      </object_component>
      <object_component id="oc-28c">
         <name>.cinit..data.load</name>
         <load_address>0x4140</load_address>
         <run_address>0x4140</run_address>
         <size>0x1c</size>
      </object_component>
      <object_component id="oc-28a">
         <name>__TI_handler_table</name>
         <load_address>0x415c</load_address>
         <run_address>0x415c</run_address>
         <size>0xc</size>
      </object_component>
      <object_component id="oc-28d">
         <name>.cinit..bss.load</name>
         <load_address>0x4168</load_address>
         <run_address>0x4168</run_address>
         <size>0x8</size>
      </object_component>
      <object_component id="oc-28b">
         <name>__TI_cinit_table</name>
         <load_address>0x4170</load_address>
         <run_address>0x4170</run_address>
         <size>0x10</size>
      </object_component>
      <object_component id="oc-12e">
         <name>.bss:g_pulDataBuffer</name>
         <uninitialized>true</uninitialized>
         <run_address>0x8002f28</run_address>
         <size>0x100</size>
         <input_file_ref idref="fl-7"/>
      </object_component>
      <object_component id="oc-114">
         <name>.common:g_ulForced</name>
         <uninitialized>true</uninitialized>
         <run_address>0x8003070</run_address>
         <size>0x4</size>
      </object_component>
      <object_component id="oc-ce">
         <name>.common:delayval$1</name>
         <uninitialized>true</uninitialized>
         <run_address>0x8003068</run_address>
         <size>0x4</size>
      </object_component>
      <object_component id="oc-134">
         <name>.common:g_ulTransferSize</name>
         <uninitialized>true</uninitialized>
         <run_address>0x8003078</run_address>
         <size>0x4</size>
      </object_component>
      <object_component id="oc-cf">
         <name>.common:g_ulTransferAddress</name>
         <uninitialized>true</uninitialized>
         <run_address>0x8003074</run_address>
         <size>0x4</size>
      </object_component>
      <object_component id="oc-12d">
         <name>.common:g_pucDataBuffer</name>
         <uninitialized>true</uninitialized>
         <run_address>0x800306c</run_address>
         <size>0x4</size>
      </object_component>
      <object_component id="oc-131">
         <name>.common:g_ucStatus</name>
         <uninitialized>true</uninitialized>
         <run_address>0x800307c</run_address>
         <size>0x1</size>
      </object_component>
      <object_component id="oc-10e">
         <name>.common:g_sciTransfer</name>
         <uninitialized>true</uninitialized>
         <run_address>0x8003028</run_address>
         <size>0x18</size>
      </object_component>
      <object_component id="oc-13b">
         <name>.common:g_spiPacket</name>
         <uninitialized>true</uninitialized>
         <run_address>0x8003040</run_address>
         <size>0x18</size>
      </object_component>
      <object_component id="oc-13e">
         <name>.common:g_spiDataFormat</name>
         <uninitialized>true</uninitialized>
         <run_address>0x8003058</run_address>
         <size>0x10</size>
      </object_component>
      <object_component id="oc-117">
         <name>.data</name>
         <load_address>0x8003080</load_address>
         <run_address>0x8003080</run_address>
         <size>0x28</size>
         <input_file_ref idref="fl-7"/>
      </object_component>
      <object_component id="oc-219">
         <name>.data</name>
         <load_address>0x80030a8</load_address>
         <run_address>0x80030a8</run_address>
         <size>0x8</size>
         <input_file_ref idref="fl-25"/>
      </object_component>
      <object_component id="oc-1cd">
         <name>.data</name>
         <load_address>0x80030c0</load_address>
         <run_address>0x80030c0</run_address>
         <size>0x1</size>
         <input_file_ref idref="fl-26"/>
      </object_component>
      <object_component id="oc-d6">
         <name>.data</name>
         <load_address>0x80030b8</load_address>
         <run_address>0x80030b8</run_address>
         <size>0x8</size>
         <input_file_ref idref="fl-35"/>
      </object_component>
      <object_component id="oc-d3">
         <name>.data</name>
         <load_address>0x80030b0</load_address>
         <run_address>0x80030b0</run_address>
         <size>0x8</size>
         <input_file_ref idref="fl-3c"/>
      </object_component>
      <object_component id="oc-215">
         <name>.debug_info</name>
         <load_address>0x0</load_address>
         <run_address>0x0</run_address>
         <size>0x1fb</size>
         <input_file_ref idref="fl-2"/>
      </object_component>
      <object_component id="oc-241">
         <name>.debug_info</name>
         <load_address>0x1fb</load_address>
         <run_address>0x1fb</run_address>
         <size>0x21a</size>
         <input_file_ref idref="fl-2"/>
      </object_component>
      <object_component id="oc-205">
         <name>.debug_info</name>
         <load_address>0x415</load_address>
         <run_address>0x415</run_address>
         <size>0xe57</size>
         <input_file_ref idref="fl-2"/>
      </object_component>
      <object_component id="oc-19f">
         <name>.debug_info</name>
         <load_address>0x126c</load_address>
         <run_address>0x126c</run_address>
         <size>0x26d5</size>
         <input_file_ref idref="fl-2"/>
      </object_component>
      <object_component id="oc-90">
         <name>.debug_info</name>
         <load_address>0x3941</load_address>
         <run_address>0x3941</run_address>
         <size>0x84</size>
         <input_file_ref idref="fl-2"/>
      </object_component>
      <object_component id="oc-7e">
         <name>.debug_info</name>
         <load_address>0x39c5</load_address>
         <run_address>0x39c5</run_address>
         <size>0x18b</size>
         <input_file_ref idref="fl-2"/>
      </object_component>
      <object_component id="oc-115">
         <name>.debug_info</name>
         <load_address>0x3b50</load_address>
         <run_address>0x3b50</run_address>
         <size>0x1ba</size>
         <input_file_ref idref="fl-3"/>
      </object_component>
      <object_component id="oc-bd">
         <name>.debug_info</name>
         <load_address>0x3d0a</load_address>
         <run_address>0x3d0a</run_address>
         <size>0x2db</size>
         <input_file_ref idref="fl-3"/>
      </object_component>
      <object_component id="oc-e8">
         <name>.debug_info</name>
         <load_address>0x3fe5</load_address>
         <run_address>0x3fe5</run_address>
         <size>0x1d1</size>
         <input_file_ref idref="fl-3"/>
      </object_component>
      <object_component id="oc-142">
         <name>.debug_info</name>
         <load_address>0x41b6</load_address>
         <run_address>0x41b6</run_address>
         <size>0x292</size>
         <input_file_ref idref="fl-3"/>
      </object_component>
      <object_component id="oc-18e">
         <name>.debug_info</name>
         <load_address>0x4448</load_address>
         <run_address>0x4448</run_address>
         <size>0x410</size>
         <input_file_ref idref="fl-5"/>
      </object_component>
      <object_component id="oc-18b">
         <name>.debug_info</name>
         <load_address>0x4858</load_address>
         <run_address>0x4858</run_address>
         <size>0x129</size>
         <input_file_ref idref="fl-5"/>
      </object_component>
      <object_component id="oc-11c">
         <name>.debug_info</name>
         <load_address>0x4981</load_address>
         <run_address>0x4981</run_address>
         <size>0x1279</size>
         <input_file_ref idref="fl-5"/>
      </object_component>
      <object_component id="oc-20a">
         <name>.debug_info</name>
         <load_address>0x5bfa</load_address>
         <run_address>0x5bfa</run_address>
         <size>0x11d</size>
         <input_file_ref idref="fl-5"/>
      </object_component>
      <object_component id="oc-122">
         <name>.debug_info</name>
         <load_address>0x5d17</load_address>
         <run_address>0x5d17</run_address>
         <size>0x237</size>
         <input_file_ref idref="fl-6"/>
      </object_component>
      <object_component id="oc-a4">
         <name>.debug_info</name>
         <load_address>0x5f4e</load_address>
         <run_address>0x5f4e</run_address>
         <size>0x2c</size>
         <input_file_ref idref="fl-6"/>
      </object_component>
      <object_component id="oc-d0">
         <name>.debug_info</name>
         <load_address>0x5f7a</load_address>
         <run_address>0x5f7a</run_address>
         <size>0x2b6</size>
         <input_file_ref idref="fl-7"/>
      </object_component>
      <object_component id="oc-12f">
         <name>.debug_info</name>
         <load_address>0x6230</load_address>
         <run_address>0x6230</run_address>
         <size>0x12e</size>
         <input_file_ref idref="fl-7"/>
      </object_component>
      <object_component id="oc-118">
         <name>.debug_info</name>
         <load_address>0x635e</load_address>
         <run_address>0x635e</run_address>
         <size>0x1a6</size>
         <input_file_ref idref="fl-7"/>
      </object_component>
      <object_component id="oc-72">
         <name>.debug_info</name>
         <load_address>0x6504</load_address>
         <run_address>0x6504</run_address>
         <size>0x420</size>
         <input_file_ref idref="fl-7"/>
      </object_component>
      <object_component id="oc-136">
         <name>.debug_info</name>
         <load_address>0x6924</load_address>
         <run_address>0x6924</run_address>
         <size>0x505</size>
         <input_file_ref idref="fl-7"/>
      </object_component>
      <object_component id="oc-e3">
         <name>.debug_info</name>
         <load_address>0x6e29</load_address>
         <run_address>0x6e29</run_address>
         <size>0xedd</size>
         <input_file_ref idref="fl-7"/>
      </object_component>
      <object_component id="oc-132">
         <name>.debug_info</name>
         <load_address>0x7d06</load_address>
         <run_address>0x7d06</run_address>
         <size>0x653</size>
         <input_file_ref idref="fl-8"/>
      </object_component>
      <object_component id="oc-c3">
         <name>.debug_info</name>
         <load_address>0x8359</load_address>
         <run_address>0x8359</run_address>
         <size>0x77b</size>
         <input_file_ref idref="fl-8"/>
      </object_component>
      <object_component id="oc-19a">
         <name>.debug_info</name>
         <load_address>0x8ad4</load_address>
         <run_address>0x8ad4</run_address>
         <size>0x19e</size>
         <input_file_ref idref="fl-9"/>
      </object_component>
      <object_component id="oc-197">
         <name>.debug_info</name>
         <load_address>0x8c72</load_address>
         <run_address>0x8c72</run_address>
         <size>0x145</size>
         <input_file_ref idref="fl-9"/>
      </object_component>
      <object_component id="oc-128">
         <name>.debug_info</name>
         <load_address>0x8db7</load_address>
         <run_address>0x8db7</run_address>
         <size>0x7ab</size>
         <input_file_ref idref="fl-9"/>
      </object_component>
      <object_component id="oc-28">
         <name>.debug_info</name>
         <load_address>0x9562</load_address>
         <run_address>0x9562</run_address>
         <size>0x24f</size>
         <input_file_ref idref="fl-d"/>
      </object_component>
      <object_component id="oc-210">
         <name>.debug_info</name>
         <load_address>0x97b1</load_address>
         <run_address>0x97b1</run_address>
         <size>0x114</size>
         <input_file_ref idref="fl-e"/>
      </object_component>
      <object_component id="oc-190">
         <name>.debug_info</name>
         <load_address>0x98c5</load_address>
         <run_address>0x98c5</run_address>
         <size>0x6be</size>
         <input_file_ref idref="fl-e"/>
      </object_component>
      <object_component id="oc-10f">
         <name>.debug_info</name>
         <load_address>0x9f83</load_address>
         <run_address>0x9f83</run_address>
         <size>0x14e</size>
         <input_file_ref idref="fl-10"/>
      </object_component>
      <object_component id="oc-b1">
         <name>.debug_info</name>
         <load_address>0xa0d1</load_address>
         <run_address>0xa0d1</run_address>
         <size>0xbaf</size>
         <input_file_ref idref="fl-10"/>
      </object_component>
      <object_component id="oc-15b">
         <name>.debug_info</name>
         <load_address>0xac80</load_address>
         <run_address>0xac80</run_address>
         <size>0x77</size>
         <input_file_ref idref="fl-10"/>
      </object_component>
      <object_component id="oc-13c">
         <name>.debug_info</name>
         <load_address>0xacf7</load_address>
         <run_address>0xacf7</run_address>
         <size>0x199</size>
         <input_file_ref idref="fl-11"/>
      </object_component>
      <object_component id="oc-c9">
         <name>.debug_info</name>
         <load_address>0xae90</load_address>
         <run_address>0xae90</run_address>
         <size>0x92d</size>
         <input_file_ref idref="fl-11"/>
      </object_component>
      <object_component id="oc-1a6">
         <name>.debug_info</name>
         <load_address>0xb7bd</load_address>
         <run_address>0xb7bd</run_address>
         <size>0x77</size>
         <input_file_ref idref="fl-11"/>
      </object_component>
      <object_component id="oc-8a">
         <name>.debug_info</name>
         <load_address>0xb834</load_address>
         <run_address>0xb834</run_address>
         <size>0x320</size>
         <input_file_ref idref="fl-12"/>
      </object_component>
      <object_component id="oc-113">
         <name>.debug_info</name>
         <load_address>0xbb54</load_address>
         <run_address>0xbb54</run_address>
         <size>0x120</size>
         <input_file_ref idref="fl-13"/>
      </object_component>
      <object_component id="oc-b7">
         <name>.debug_info</name>
         <load_address>0xbc74</load_address>
         <run_address>0xbc74</run_address>
         <size>0x451</size>
         <input_file_ref idref="fl-13"/>
      </object_component>
      <object_component id="oc-61">
         <name>.debug_info</name>
         <load_address>0xc0c5</load_address>
         <run_address>0xc0c5</run_address>
         <size>0x7d4</size>
         <input_file_ref idref="fl-15"/>
      </object_component>
      <object_component id="oc-31">
         <name>.debug_info</name>
         <load_address>0xc899</load_address>
         <run_address>0xc899</run_address>
         <size>0x17d</size>
         <input_file_ref idref="fl-16"/>
      </object_component>
      <object_component id="oc-36">
         <name>.debug_info</name>
         <load_address>0xca16</load_address>
         <run_address>0xca16</run_address>
         <size>0x1d0</size>
         <input_file_ref idref="fl-17"/>
      </object_component>
      <object_component id="oc-83">
         <name>.debug_info</name>
         <load_address>0xcbe6</load_address>
         <run_address>0xcbe6</run_address>
         <size>0x487</size>
         <input_file_ref idref="fl-18"/>
      </object_component>
      <object_component id="oc-2e">
         <name>.debug_info</name>
         <load_address>0xd06d</load_address>
         <run_address>0xd06d</run_address>
         <size>0x127</size>
         <input_file_ref idref="fl-18"/>
      </object_component>
      <object_component id="oc-22">
         <name>.debug_info</name>
         <load_address>0xd194</load_address>
         <run_address>0xd194</run_address>
         <size>0x387</size>
         <input_file_ref idref="fl-18"/>
      </object_component>
      <object_component id="oc-de">
         <name>.debug_info</name>
         <load_address>0xd51b</load_address>
         <run_address>0xd51b</run_address>
         <size>0x2bc</size>
         <input_file_ref idref="fl-18"/>
      </object_component>
      <object_component id="oc-84">
         <name>.debug_info</name>
         <load_address>0xd7d7</load_address>
         <run_address>0xd7d7</run_address>
         <size>0x6a</size>
         <input_file_ref idref="fl-18"/>
      </object_component>
      <object_component id="oc-66">
         <name>.debug_info</name>
         <load_address>0xd841</load_address>
         <run_address>0xd841</run_address>
         <size>0x68c</size>
         <input_file_ref idref="fl-19"/>
      </object_component>
      <object_component id="oc-1df">
         <name>.debug_info</name>
         <load_address>0xdecd</load_address>
         <run_address>0xdecd</run_address>
         <size>0x253</size>
         <input_file_ref idref="fl-21"/>
      </object_component>
      <object_component id="oc-179">
         <name>.debug_info</name>
         <load_address>0xe120</load_address>
         <run_address>0xe120</run_address>
         <size>0x24a</size>
         <input_file_ref idref="fl-21"/>
      </object_component>
      <object_component id="oc-1c7">
         <name>.debug_info</name>
         <load_address>0xe36a</load_address>
         <run_address>0xe36a</run_address>
         <size>0xe55</size>
         <input_file_ref idref="fl-21"/>
      </object_component>
      <object_component id="oc-225">
         <name>.debug_info</name>
         <load_address>0xf1bf</load_address>
         <run_address>0xf1bf</run_address>
         <size>0x26d5</size>
         <input_file_ref idref="fl-21"/>
      </object_component>
      <object_component id="oc-220">
         <name>.debug_info</name>
         <load_address>0x11894</load_address>
         <run_address>0x11894</run_address>
         <size>0x1bfe</size>
         <input_file_ref idref="fl-21"/>
      </object_component>
      <object_component id="oc-1d7">
         <name>.debug_info</name>
         <load_address>0x13492</load_address>
         <run_address>0x13492</run_address>
         <size>0x266</size>
         <input_file_ref idref="fl-22"/>
      </object_component>
      <object_component id="oc-175">
         <name>.debug_info</name>
         <load_address>0x136f8</load_address>
         <run_address>0x136f8</run_address>
         <size>0x26a</size>
         <input_file_ref idref="fl-22"/>
      </object_component>
      <object_component id="oc-1cc">
         <name>.debug_info</name>
         <load_address>0x13962</load_address>
         <run_address>0x13962</run_address>
         <size>0x2d4</size>
         <input_file_ref idref="fl-23"/>
      </object_component>
      <object_component id="oc-1b8">
         <name>.debug_info</name>
         <load_address>0x13c36</load_address>
         <run_address>0x13c36</run_address>
         <size>0x232</size>
         <input_file_ref idref="fl-23"/>
      </object_component>
      <object_component id="oc-16a">
         <name>.debug_info</name>
         <load_address>0x13e68</load_address>
         <run_address>0x13e68</run_address>
         <size>0x3f8</size>
         <input_file_ref idref="fl-23"/>
      </object_component>
      <object_component id="oc-231">
         <name>.debug_info</name>
         <load_address>0x14260</load_address>
         <run_address>0x14260</run_address>
         <size>0x218</size>
         <input_file_ref idref="fl-24"/>
      </object_component>
      <object_component id="oc-1dc">
         <name>.debug_info</name>
         <load_address>0x14478</load_address>
         <run_address>0x14478</run_address>
         <size>0x1b7</size>
         <input_file_ref idref="fl-24"/>
      </object_component>
      <object_component id="oc-21b">
         <name>.debug_info</name>
         <load_address>0x1462f</load_address>
         <run_address>0x1462f</run_address>
         <size>0x278</size>
         <input_file_ref idref="fl-25"/>
      </object_component>
      <object_component id="oc-1be">
         <name>.debug_info</name>
         <load_address>0x148a7</load_address>
         <run_address>0x148a7</run_address>
         <size>0x1d6</size>
         <input_file_ref idref="fl-25"/>
      </object_component>
      <object_component id="oc-1c4">
         <name>.debug_info</name>
         <load_address>0x14a7d</load_address>
         <run_address>0x14a7d</run_address>
         <size>0x1ce</size>
         <input_file_ref idref="fl-25"/>
      </object_component>
      <object_component id="oc-1cf">
         <name>.debug_info</name>
         <load_address>0x14c4b</load_address>
         <run_address>0x14c4b</run_address>
         <size>0x27c</size>
         <input_file_ref idref="fl-26"/>
      </object_component>
      <object_component id="oc-16e">
         <name>.debug_info</name>
         <load_address>0x14ec7</load_address>
         <run_address>0x14ec7</run_address>
         <size>0x328</size>
         <input_file_ref idref="fl-26"/>
      </object_component>
      <object_component id="oc-1e7">
         <name>.debug_info</name>
         <load_address>0x151ef</load_address>
         <run_address>0x151ef</run_address>
         <size>0x296</size>
         <input_file_ref idref="fl-27"/>
      </object_component>
      <object_component id="oc-181">
         <name>.debug_info</name>
         <load_address>0x15485</load_address>
         <run_address>0x15485</run_address>
         <size>0x61a</size>
         <input_file_ref idref="fl-27"/>
      </object_component>
      <object_component id="oc-1e8">
         <name>.debug_info</name>
         <load_address>0x15a9f</load_address>
         <run_address>0x15a9f</run_address>
         <size>0x72</size>
         <input_file_ref idref="fl-27"/>
      </object_component>
      <object_component id="oc-200">
         <name>.debug_info</name>
         <load_address>0x15b11</load_address>
         <run_address>0x15b11</run_address>
         <size>0x2cd</size>
         <input_file_ref idref="fl-28"/>
      </object_component>
      <object_component id="oc-187">
         <name>.debug_info</name>
         <load_address>0x15dde</load_address>
         <run_address>0x15dde</run_address>
         <size>0x2fb</size>
         <input_file_ref idref="fl-28"/>
      </object_component>
      <object_component id="oc-247">
         <name>.debug_info</name>
         <load_address>0x160d9</load_address>
         <run_address>0x160d9</run_address>
         <size>0x243</size>
         <input_file_ref idref="fl-29"/>
      </object_component>
      <object_component id="oc-1f7">
         <name>.debug_info</name>
         <load_address>0x1631c</load_address>
         <run_address>0x1631c</run_address>
         <size>0x1a1</size>
         <input_file_ref idref="fl-29"/>
      </object_component>
      <object_component id="oc-235">
         <name>.debug_info</name>
         <load_address>0x164bd</load_address>
         <run_address>0x164bd</run_address>
         <size>0x212</size>
         <input_file_ref idref="fl-2a"/>
      </object_component>
      <object_component id="oc-1e4">
         <name>.debug_info</name>
         <load_address>0x166cf</load_address>
         <run_address>0x166cf</run_address>
         <size>0x1c9</size>
         <input_file_ref idref="fl-2a"/>
      </object_component>
      <object_component id="oc-217">
         <name>.debug_info</name>
         <load_address>0x16898</load_address>
         <run_address>0x16898</run_address>
         <size>0x218</size>
         <input_file_ref idref="fl-2b"/>
      </object_component>
      <object_component id="oc-1af">
         <name>.debug_info</name>
         <load_address>0x16ab0</load_address>
         <run_address>0x16ab0</run_address>
         <size>0x255</size>
         <input_file_ref idref="fl-2b"/>
      </object_component>
      <object_component id="oc-22d">
         <name>.debug_info</name>
         <load_address>0x16d05</load_address>
         <run_address>0x16d05</run_address>
         <size>0x213</size>
         <input_file_ref idref="fl-2c"/>
      </object_component>
      <object_component id="oc-1d4">
         <name>.debug_info</name>
         <load_address>0x16f18</load_address>
         <run_address>0x16f18</run_address>
         <size>0x1b0</size>
         <input_file_ref idref="fl-2c"/>
      </object_component>
      <object_component id="oc-23f">
         <name>.debug_info</name>
         <load_address>0x170c8</load_address>
         <run_address>0x170c8</run_address>
         <size>0x281</size>
         <input_file_ref idref="fl-2d"/>
      </object_component>
      <object_component id="oc-1fd">
         <name>.debug_info</name>
         <load_address>0x17349</load_address>
         <run_address>0x17349</run_address>
         <size>0x1a8</size>
         <input_file_ref idref="fl-2d"/>
      </object_component>
      <object_component id="oc-1f1">
         <name>.debug_info</name>
         <load_address>0x174f1</load_address>
         <run_address>0x174f1</run_address>
         <size>0x22f</size>
         <input_file_ref idref="fl-2d"/>
      </object_component>
      <object_component id="oc-260">
         <name>.debug_info</name>
         <load_address>0x17720</load_address>
         <run_address>0x17720</run_address>
         <size>0x236</size>
         <input_file_ref idref="fl-2e"/>
      </object_component>
      <object_component id="oc-23b">
         <name>.debug_info</name>
         <load_address>0x17956</load_address>
         <run_address>0x17956</run_address>
         <size>0x185</size>
         <input_file_ref idref="fl-2e"/>
      </object_component>
      <object_component id="oc-267">
         <name>.debug_info</name>
         <load_address>0x17adb</load_address>
         <run_address>0x17adb</run_address>
         <size>0x20a</size>
         <input_file_ref idref="fl-2f"/>
      </object_component>
      <object_component id="oc-25c">
         <name>.debug_info</name>
         <load_address>0x17ce5</load_address>
         <run_address>0x17ce5</run_address>
         <size>0x1d2</size>
         <input_file_ref idref="fl-2f"/>
      </object_component>
      <object_component id="oc-46">
         <name>.debug_info</name>
         <load_address>0x17eb7</load_address>
         <run_address>0x17eb7</run_address>
         <size>0x104</size>
         <input_file_ref idref="fl-31"/>
      </object_component>
      <object_component id="oc-13">
         <name>.debug_info</name>
         <load_address>0x17fbb</load_address>
         <run_address>0x17fbb</run_address>
         <size>0x193</size>
         <input_file_ref idref="fl-31"/>
      </object_component>
      <object_component id="oc-41">
         <name>.debug_info</name>
         <load_address>0x1814e</load_address>
         <run_address>0x1814e</run_address>
         <size>0x46</size>
         <input_file_ref idref="fl-31"/>
      </object_component>
      <object_component id="oc-9a">
         <name>.debug_info</name>
         <load_address>0x18194</load_address>
         <run_address>0x18194</run_address>
         <size>0x2c</size>
         <input_file_ref idref="fl-31"/>
      </object_component>
      <object_component id="oc-4e">
         <name>.debug_info</name>
         <load_address>0x181c0</load_address>
         <run_address>0x181c0</run_address>
         <size>0xfd</size>
         <input_file_ref idref="fl-32"/>
      </object_component>
      <object_component id="oc-4b">
         <name>.debug_info</name>
         <load_address>0x182bd</load_address>
         <run_address>0x182bd</run_address>
         <size>0x210</size>
         <input_file_ref idref="fl-32"/>
      </object_component>
      <object_component id="oc-19">
         <name>.debug_info</name>
         <load_address>0x184cd</load_address>
         <run_address>0x184cd</run_address>
         <size>0x17a</size>
         <input_file_ref idref="fl-32"/>
      </object_component>
      <object_component id="oc-4f">
         <name>.debug_info</name>
         <load_address>0x18647</load_address>
         <run_address>0x18647</run_address>
         <size>0x39</size>
         <input_file_ref idref="fl-32"/>
      </object_component>
      <object_component id="oc-5f">
         <name>.debug_info</name>
         <load_address>0x18680</load_address>
         <run_address>0x18680</run_address>
         <size>0xf3</size>
         <input_file_ref idref="fl-33"/>
      </object_component>
      <object_component id="oc-1c">
         <name>.debug_info</name>
         <load_address>0x18773</load_address>
         <run_address>0x18773</run_address>
         <size>0x15e</size>
         <input_file_ref idref="fl-33"/>
      </object_component>
      <object_component id="oc-5a">
         <name>.debug_info</name>
         <load_address>0x188d1</load_address>
         <run_address>0x188d1</run_address>
         <size>0x46</size>
         <input_file_ref idref="fl-33"/>
      </object_component>
      <object_component id="oc-af">
         <name>.debug_info</name>
         <load_address>0x18917</load_address>
         <run_address>0x18917</run_address>
         <size>0x1a9</size>
         <input_file_ref idref="fl-34"/>
      </object_component>
      <object_component id="oc-6c">
         <name>.debug_info</name>
         <load_address>0x18ac0</load_address>
         <run_address>0x18ac0</run_address>
         <size>0x14c</size>
         <input_file_ref idref="fl-34"/>
      </object_component>
      <object_component id="oc-f0">
         <name>.debug_info</name>
         <load_address>0x18c0c</load_address>
         <run_address>0x18c0c</run_address>
         <size>0x2c</size>
         <input_file_ref idref="fl-34"/>
      </object_component>
      <object_component id="oc-f5">
         <name>.debug_info</name>
         <load_address>0x18c38</load_address>
         <run_address>0x18c38</run_address>
         <size>0xcd</size>
         <input_file_ref idref="fl-34"/>
      </object_component>
      <object_component id="oc-da">
         <name>.debug_info</name>
         <load_address>0x18d05</load_address>
         <run_address>0x18d05</run_address>
         <size>0x15a</size>
         <input_file_ref idref="fl-35"/>
      </object_component>
      <object_component id="oc-d7">
         <name>.debug_info</name>
         <load_address>0x18e5f</load_address>
         <run_address>0x18e5f</run_address>
         <size>0xff</size>
         <input_file_ref idref="fl-35"/>
      </object_component>
      <object_component id="oc-7a">
         <name>.debug_info</name>
         <load_address>0x18f5e</load_address>
         <run_address>0x18f5e</run_address>
         <size>0x1d6</size>
         <input_file_ref idref="fl-35"/>
      </object_component>
      <object_component id="oc-105">
         <name>.debug_info</name>
         <load_address>0x19134</load_address>
         <run_address>0x19134</run_address>
         <size>0x128</size>
         <input_file_ref idref="fl-36"/>
      </object_component>
      <object_component id="oc-100">
         <name>.debug_info</name>
         <load_address>0x1925c</load_address>
         <run_address>0x1925c</run_address>
         <size>0x10d</size>
         <input_file_ref idref="fl-37"/>
      </object_component>
      <object_component id="oc-10a">
         <name>.debug_info</name>
         <load_address>0x19369</load_address>
         <run_address>0x19369</run_address>
         <size>0x106</size>
         <input_file_ref idref="fl-38"/>
      </object_component>
      <object_component id="oc-3c">
         <name>.debug_info</name>
         <load_address>0x1946f</load_address>
         <run_address>0x1946f</run_address>
         <size>0x149</size>
         <input_file_ref idref="fl-39"/>
      </object_component>
      <object_component id="oc-55">
         <name>.debug_info</name>
         <load_address>0x195b8</load_address>
         <run_address>0x195b8</run_address>
         <size>0x111</size>
         <input_file_ref idref="fl-3a"/>
      </object_component>
      <object_component id="oc-fb">
         <name>.debug_info</name>
         <load_address>0x196c9</load_address>
         <run_address>0x196c9</run_address>
         <size>0xf2</size>
         <input_file_ref idref="fl-3b"/>
      </object_component>
      <object_component id="oc-14f">
         <name>.debug_info</name>
         <load_address>0x197bb</load_address>
         <run_address>0x197bb</run_address>
         <size>0xed</size>
         <input_file_ref idref="fl-3c"/>
      </object_component>
      <object_component id="oc-d4">
         <name>.debug_info</name>
         <load_address>0x198a8</load_address>
         <run_address>0x198a8</run_address>
         <size>0xdc</size>
         <input_file_ref idref="fl-3c"/>
      </object_component>
      <object_component id="oc-148">
         <name>.debug_info</name>
         <load_address>0x19984</load_address>
         <run_address>0x19984</run_address>
         <size>0x1e8</size>
         <input_file_ref idref="fl-3c"/>
      </object_component>
      <object_component id="oc-294">
         <name>.debug_info</name>
         <load_address>0x19b6c</load_address>
         <run_address>0x19b6c</run_address>
         <size>0x2eb</size>
      </object_component>
      <object_component id="oc-24e">
         <name>.debug_line</name>
         <load_address>0x0</load_address>
         <run_address>0x0</run_address>
         <size>0x20</size>
         <input_file_ref idref="fl-2"/>
      </object_component>
      <object_component id="oc-244">
         <name>.debug_line</name>
         <load_address>0x20</load_address>
         <run_address>0x20</run_address>
         <size>0x8e</size>
         <input_file_ref idref="fl-2"/>
      </object_component>
      <object_component id="oc-208">
         <name>.debug_line</name>
         <load_address>0xae</load_address>
         <run_address>0xae</run_address>
         <size>0x6e</size>
         <input_file_ref idref="fl-2"/>
      </object_component>
      <object_component id="oc-1a2">
         <name>.debug_line</name>
         <load_address>0x11c</load_address>
         <run_address>0x11c</run_address>
         <size>0x79</size>
         <input_file_ref idref="fl-2"/>
      </object_component>
      <object_component id="oc-93">
         <name>.debug_line</name>
         <load_address>0x195</load_address>
         <run_address>0x195</run_address>
         <size>0x20</size>
         <input_file_ref idref="fl-2"/>
      </object_component>
      <object_component id="oc-81">
         <name>.debug_line</name>
         <load_address>0x1b5</load_address>
         <run_address>0x1b5</run_address>
         <size>0x60</size>
         <input_file_ref idref="fl-2"/>
      </object_component>
      <object_component id="oc-163">
         <name>.debug_line</name>
         <load_address>0x215</load_address>
         <run_address>0x215</run_address>
         <size>0x68</size>
         <input_file_ref idref="fl-3"/>
      </object_component>
      <object_component id="oc-c0">
         <name>.debug_line</name>
         <load_address>0x27d</load_address>
         <run_address>0x27d</run_address>
         <size>0xb0</size>
         <input_file_ref idref="fl-3"/>
      </object_component>
      <object_component id="oc-eb">
         <name>.debug_line</name>
         <load_address>0x32d</load_address>
         <run_address>0x32d</run_address>
         <size>0x66</size>
         <input_file_ref idref="fl-3"/>
      </object_component>
      <object_component id="oc-145">
         <name>.debug_line</name>
         <load_address>0x393</load_address>
         <run_address>0x393</run_address>
         <size>0x66</size>
         <input_file_ref idref="fl-3"/>
      </object_component>
      <object_component id="oc-204">
         <name>.debug_line</name>
         <load_address>0x3f9</load_address>
         <run_address>0x3f9</run_address>
         <size>0x76</size>
         <input_file_ref idref="fl-5"/>
      </object_component>
      <object_component id="oc-202">
         <name>.debug_line</name>
         <load_address>0x46f</load_address>
         <run_address>0x46f</run_address>
         <size>0x6d</size>
         <input_file_ref idref="fl-5"/>
      </object_component>
      <object_component id="oc-11f">
         <name>.debug_line</name>
         <load_address>0x4dc</load_address>
         <run_address>0x4dc</run_address>
         <size>0x296</size>
         <input_file_ref idref="fl-5"/>
      </object_component>
      <object_component id="oc-20d">
         <name>.debug_line</name>
         <load_address>0x772</load_address>
         <run_address>0x772</run_address>
         <size>0x6d</size>
         <input_file_ref idref="fl-5"/>
      </object_component>
      <object_component id="oc-125">
         <name>.debug_line</name>
         <load_address>0x7df</load_address>
         <run_address>0x7df</run_address>
         <size>0xa7</size>
         <input_file_ref idref="fl-6"/>
      </object_component>
      <object_component id="oc-a7">
         <name>.debug_line</name>
         <load_address>0x886</load_address>
         <run_address>0x886</run_address>
         <size>0x60</size>
         <input_file_ref idref="fl-6"/>
      </object_component>
      <object_component id="oc-141">
         <name>.debug_line</name>
         <load_address>0x8e6</load_address>
         <run_address>0x8e6</run_address>
         <size>0x1cb</size>
         <input_file_ref idref="fl-7"/>
      </object_component>
      <object_component id="oc-19c">
         <name>.debug_line</name>
         <load_address>0xab1</load_address>
         <run_address>0xab1</run_address>
         <size>0x67</size>
         <input_file_ref idref="fl-7"/>
      </object_component>
      <object_component id="oc-165">
         <name>.debug_line</name>
         <load_address>0xb18</load_address>
         <run_address>0xb18</run_address>
         <size>0x67</size>
         <input_file_ref idref="fl-7"/>
      </object_component>
      <object_component id="oc-75">
         <name>.debug_line</name>
         <load_address>0xb7f</load_address>
         <run_address>0xb7f</run_address>
         <size>0xc4</size>
         <input_file_ref idref="fl-7"/>
      </object_component>
      <object_component id="oc-139">
         <name>.debug_line</name>
         <load_address>0xc43</load_address>
         <run_address>0xc43</run_address>
         <size>0x66</size>
         <input_file_ref idref="fl-7"/>
      </object_component>
      <object_component id="oc-e6">
         <name>.debug_line</name>
         <load_address>0xca9</load_address>
         <run_address>0xca9</run_address>
         <size>0x66</size>
         <input_file_ref idref="fl-7"/>
      </object_component>
      <object_component id="oc-19e">
         <name>.debug_line</name>
         <load_address>0xd0f</load_address>
         <run_address>0xd0f</run_address>
         <size>0x1d6</size>
         <input_file_ref idref="fl-8"/>
      </object_component>
      <object_component id="oc-c6">
         <name>.debug_line</name>
         <load_address>0xee5</load_address>
         <run_address>0xee5</run_address>
         <size>0x17f</size>
         <input_file_ref idref="fl-8"/>
      </object_component>
      <object_component id="oc-214">
         <name>.debug_line</name>
         <load_address>0x1064</load_address>
         <run_address>0x1064</run_address>
         <size>0x66</size>
         <input_file_ref idref="fl-9"/>
      </object_component>
      <object_component id="oc-212">
         <name>.debug_line</name>
         <load_address>0x10ca</load_address>
         <run_address>0x10ca</run_address>
         <size>0x6d</size>
         <input_file_ref idref="fl-9"/>
      </object_component>
      <object_component id="oc-12b">
         <name>.debug_line</name>
         <load_address>0x1137</load_address>
         <run_address>0x1137</run_address>
         <size>0x12f</size>
         <input_file_ref idref="fl-9"/>
      </object_component>
      <object_component id="oc-2b">
         <name>.debug_line</name>
         <load_address>0x1266</load_address>
         <run_address>0x1266</run_address>
         <size>0xac</size>
         <input_file_ref idref="fl-d"/>
      </object_component>
      <object_component id="oc-24c">
         <name>.debug_line</name>
         <load_address>0x1312</load_address>
         <run_address>0x1312</run_address>
         <size>0x20</size>
         <input_file_ref idref="fl-e"/>
      </object_component>
      <object_component id="oc-193">
         <name>.debug_line</name>
         <load_address>0x1332</load_address>
         <run_address>0x1332</run_address>
         <size>0x116</size>
         <input_file_ref idref="fl-e"/>
      </object_component>
      <object_component id="oc-15a">
         <name>.debug_line</name>
         <load_address>0x1448</load_address>
         <run_address>0x1448</run_address>
         <size>0x66</size>
         <input_file_ref idref="fl-10"/>
      </object_component>
      <object_component id="oc-b4">
         <name>.debug_line</name>
         <load_address>0x14ae</load_address>
         <run_address>0x14ae</run_address>
         <size>0x1d5</size>
         <input_file_ref idref="fl-10"/>
      </object_component>
      <object_component id="oc-15e">
         <name>.debug_line</name>
         <load_address>0x1683</load_address>
         <run_address>0x1683</run_address>
         <size>0x66</size>
         <input_file_ref idref="fl-10"/>
      </object_component>
      <object_component id="oc-1a5">
         <name>.debug_line</name>
         <load_address>0x16e9</load_address>
         <run_address>0x16e9</run_address>
         <size>0x66</size>
         <input_file_ref idref="fl-11"/>
      </object_component>
      <object_component id="oc-cc">
         <name>.debug_line</name>
         <load_address>0x174f</load_address>
         <run_address>0x174f</run_address>
         <size>0x152</size>
         <input_file_ref idref="fl-11"/>
      </object_component>
      <object_component id="oc-1a9">
         <name>.debug_line</name>
         <load_address>0x18a1</load_address>
         <run_address>0x18a1</run_address>
         <size>0x66</size>
         <input_file_ref idref="fl-11"/>
      </object_component>
      <object_component id="oc-8d">
         <name>.debug_line</name>
         <load_address>0x1907</load_address>
         <run_address>0x1907</run_address>
         <size>0x8f</size>
         <input_file_ref idref="fl-12"/>
      </object_component>
      <object_component id="oc-161">
         <name>.debug_line</name>
         <load_address>0x1996</load_address>
         <run_address>0x1996</run_address>
         <size>0x20</size>
         <input_file_ref idref="fl-13"/>
      </object_component>
      <object_component id="oc-ba">
         <name>.debug_line</name>
         <load_address>0x19b6</load_address>
         <run_address>0x19b6</run_address>
         <size>0xe5</size>
         <input_file_ref idref="fl-13"/>
      </object_component>
      <object_component id="oc-64">
         <name>.debug_line</name>
         <load_address>0x1a9b</load_address>
         <run_address>0x1a9b</run_address>
         <size>0x1f2</size>
         <input_file_ref idref="fl-15"/>
      </object_component>
      <object_component id="oc-34">
         <name>.debug_line</name>
         <load_address>0x1c8d</load_address>
         <run_address>0x1c8d</run_address>
         <size>0x7f</size>
         <input_file_ref idref="fl-16"/>
      </object_component>
      <object_component id="oc-39">
         <name>.debug_line</name>
         <load_address>0x1d0c</load_address>
         <run_address>0x1d0c</run_address>
         <size>0x7d</size>
         <input_file_ref idref="fl-17"/>
      </object_component>
      <object_component id="oc-dd">
         <name>.debug_line</name>
         <load_address>0x1d89</load_address>
         <run_address>0x1d89</run_address>
         <size>0x140</size>
         <input_file_ref idref="fl-18"/>
      </object_component>
      <object_component id="oc-96">
         <name>.debug_line</name>
         <load_address>0x1ec9</load_address>
         <run_address>0x1ec9</run_address>
         <size>0x6b</size>
         <input_file_ref idref="fl-18"/>
      </object_component>
      <object_component id="oc-25">
         <name>.debug_line</name>
         <load_address>0x1f34</load_address>
         <run_address>0x1f34</run_address>
         <size>0x10a</size>
         <input_file_ref idref="fl-18"/>
      </object_component>
      <object_component id="oc-e1">
         <name>.debug_line</name>
         <load_address>0x203e</load_address>
         <run_address>0x203e</run_address>
         <size>0x67</size>
         <input_file_ref idref="fl-18"/>
      </object_component>
      <object_component id="oc-87">
         <name>.debug_line</name>
         <load_address>0x20a5</load_address>
         <run_address>0x20a5</run_address>
         <size>0x6b</size>
         <input_file_ref idref="fl-18"/>
      </object_component>
      <object_component id="oc-69">
         <name>.debug_line</name>
         <load_address>0x2110</load_address>
         <run_address>0x2110</run_address>
         <size>0x154</size>
         <input_file_ref idref="fl-19"/>
      </object_component>
      <object_component id="oc-233">
         <name>.debug_line</name>
         <load_address>0x2264</load_address>
         <run_address>0x2264</run_address>
         <size>0x47</size>
         <input_file_ref idref="fl-21"/>
      </object_component>
      <object_component id="oc-17d">
         <name>.debug_line</name>
         <load_address>0x22ab</load_address>
         <run_address>0x22ab</run_address>
         <size>0x5e</size>
         <input_file_ref idref="fl-21"/>
      </object_component>
      <object_component id="oc-1ca">
         <name>.debug_line</name>
         <load_address>0x2309</load_address>
         <run_address>0x2309</run_address>
         <size>0x3f</size>
         <input_file_ref idref="fl-21"/>
      </object_component>
      <object_component id="oc-228">
         <name>.debug_line</name>
         <load_address>0x2348</load_address>
         <run_address>0x2348</run_address>
         <size>0x4a</size>
         <input_file_ref idref="fl-21"/>
      </object_component>
      <object_component id="oc-223">
         <name>.debug_line</name>
         <load_address>0x2392</load_address>
         <run_address>0x2392</run_address>
         <size>0x4f</size>
         <input_file_ref idref="fl-21"/>
      </object_component>
      <object_component id="oc-22f">
         <name>.debug_line</name>
         <load_address>0x23e1</load_address>
         <run_address>0x23e1</run_address>
         <size>0x47</size>
         <input_file_ref idref="fl-22"/>
      </object_component>
      <object_component id="oc-177">
         <name>.debug_line</name>
         <load_address>0x2428</load_address>
         <run_address>0x2428</run_address>
         <size>0x8f</size>
         <input_file_ref idref="fl-22"/>
      </object_component>
      <object_component id="oc-21f">
         <name>.debug_line</name>
         <load_address>0x24b7</load_address>
         <run_address>0x24b7</run_address>
         <size>0x6e</size>
         <input_file_ref idref="fl-23"/>
      </object_component>
      <object_component id="oc-1b6">
         <name>.debug_line</name>
         <load_address>0x2525</load_address>
         <run_address>0x2525</run_address>
         <size>0x79</size>
         <input_file_ref idref="fl-23"/>
      </object_component>
      <object_component id="oc-168">
         <name>.debug_line</name>
         <load_address>0x259e</load_address>
         <run_address>0x259e</run_address>
         <size>0x19b</size>
         <input_file_ref idref="fl-23"/>
      </object_component>
      <object_component id="oc-256">
         <name>.debug_line</name>
         <load_address>0x2739</load_address>
         <run_address>0x2739</run_address>
         <size>0x20</size>
         <input_file_ref idref="fl-24"/>
      </object_component>
      <object_component id="oc-1da">
         <name>.debug_line</name>
         <load_address>0x2759</load_address>
         <run_address>0x2759</run_address>
         <size>0x69</size>
         <input_file_ref idref="fl-24"/>
      </object_component>
      <object_component id="oc-252">
         <name>.debug_line</name>
         <load_address>0x27c2</load_address>
         <run_address>0x27c2</run_address>
         <size>0x20</size>
         <input_file_ref idref="fl-25"/>
      </object_component>
      <object_component id="oc-1bd">
         <name>.debug_line</name>
         <load_address>0x27e2</load_address>
         <run_address>0x27e2</run_address>
         <size>0x63</size>
         <input_file_ref idref="fl-25"/>
      </object_component>
      <object_component id="oc-1c3">
         <name>.debug_line</name>
         <load_address>0x2845</load_address>
         <run_address>0x2845</run_address>
         <size>0x65</size>
         <input_file_ref idref="fl-25"/>
      </object_component>
      <object_component id="oc-22b">
         <name>.debug_line</name>
         <load_address>0x28aa</load_address>
         <run_address>0x28aa</run_address>
         <size>0x47</size>
         <input_file_ref idref="fl-26"/>
      </object_component>
      <object_component id="oc-16d">
         <name>.debug_line</name>
         <load_address>0x28f1</load_address>
         <run_address>0x28f1</run_address>
         <size>0xea</size>
         <input_file_ref idref="fl-26"/>
      </object_component>
      <object_component id="oc-237">
         <name>.debug_line</name>
         <load_address>0x29db</load_address>
         <run_address>0x29db</run_address>
         <size>0x6e</size>
         <input_file_ref idref="fl-27"/>
      </object_component>
      <object_component id="oc-180">
         <name>.debug_line</name>
         <load_address>0x2a49</load_address>
         <run_address>0x2a49</run_address>
         <size>0x173</size>
         <input_file_ref idref="fl-27"/>
      </object_component>
      <object_component id="oc-1eb">
         <name>.debug_line</name>
         <load_address>0x2bbc</load_address>
         <run_address>0x2bbc</run_address>
         <size>0x37</size>
         <input_file_ref idref="fl-27"/>
      </object_component>
      <object_component id="oc-24a">
         <name>.debug_line</name>
         <load_address>0x2bf3</load_address>
         <run_address>0x2bf3</run_address>
         <size>0x3a</size>
         <input_file_ref idref="fl-28"/>
      </object_component>
      <object_component id="oc-189">
         <name>.debug_line</name>
         <load_address>0x2c2d</load_address>
         <run_address>0x2c2d</run_address>
         <size>0x79</size>
         <input_file_ref idref="fl-28"/>
      </object_component>
      <object_component id="oc-265">
         <name>.debug_line</name>
         <load_address>0x2ca6</load_address>
         <run_address>0x2ca6</run_address>
         <size>0x47</size>
         <input_file_ref idref="fl-29"/>
      </object_component>
      <object_component id="oc-1f6">
         <name>.debug_line</name>
         <load_address>0x2ced</load_address>
         <run_address>0x2ced</run_address>
         <size>0x53</size>
         <input_file_ref idref="fl-29"/>
      </object_component>
      <object_component id="oc-258">
         <name>.debug_line</name>
         <load_address>0x2d40</load_address>
         <run_address>0x2d40</run_address>
         <size>0x20</size>
         <input_file_ref idref="fl-2a"/>
      </object_component>
      <object_component id="oc-1e1">
         <name>.debug_line</name>
         <load_address>0x2d60</load_address>
         <run_address>0x2d60</run_address>
         <size>0x5e</size>
         <input_file_ref idref="fl-2a"/>
      </object_component>
      <object_component id="oc-250">
         <name>.debug_line</name>
         <load_address>0x2dbe</load_address>
         <run_address>0x2dbe</run_address>
         <size>0x20</size>
         <input_file_ref idref="fl-2b"/>
      </object_component>
      <object_component id="oc-1b2">
         <name>.debug_line</name>
         <load_address>0x2dde</load_address>
         <run_address>0x2dde</run_address>
         <size>0x78</size>
         <input_file_ref idref="fl-2b"/>
      </object_component>
      <object_component id="oc-254">
         <name>.debug_line</name>
         <load_address>0x2e56</load_address>
         <run_address>0x2e56</run_address>
         <size>0x20</size>
         <input_file_ref idref="fl-2c"/>
      </object_component>
      <object_component id="oc-1d3">
         <name>.debug_line</name>
         <load_address>0x2e76</load_address>
         <run_address>0x2e76</run_address>
         <size>0x5e</size>
         <input_file_ref idref="fl-2c"/>
      </object_component>
      <object_component id="oc-262">
         <name>.debug_line</name>
         <load_address>0x2ed4</load_address>
         <run_address>0x2ed4</run_address>
         <size>0x47</size>
         <input_file_ref idref="fl-2d"/>
      </object_component>
      <object_component id="oc-1fb">
         <name>.debug_line</name>
         <load_address>0x2f1b</load_address>
         <run_address>0x2f1b</run_address>
         <size>0x5a</size>
         <input_file_ref idref="fl-2d"/>
      </object_component>
      <object_component id="oc-1ef">
         <name>.debug_line</name>
         <load_address>0x2f75</load_address>
         <run_address>0x2f75</run_address>
         <size>0x78</size>
         <input_file_ref idref="fl-2d"/>
      </object_component>
      <object_component id="oc-269">
         <name>.debug_line</name>
         <load_address>0x2fed</load_address>
         <run_address>0x2fed</run_address>
         <size>0x47</size>
         <input_file_ref idref="fl-2e"/>
      </object_component>
      <object_component id="oc-239">
         <name>.debug_line</name>
         <load_address>0x3034</load_address>
         <run_address>0x3034</run_address>
         <size>0x58</size>
[...]
         <value>0x39e4</value>
         <object_component_ref idref="oc-121"/>
      </symbol>
      <symbol id="sm-12b">
         <name>g_ulTransferSize</name>
         <value>0x8003078</value>
      </symbol>
      <symbol id="sm-12c">
         <name>g_ulTransferAddress</name>
         <value>0x8003074</value>
      </symbol>
      <symbol id="sm-12d">
         <name>g_pucDataBuffer</name>
         <value>0x800306c</value>
      </symbol>
      <symbol id="sm-12e">
         <name>g_ulUpdateStatusAddr</name>
         <value>0x80030a0</value>
         <object_component_ref idref="oc-117"/>
      </symbol>
      <symbol id="sm-12f">
         <name>g_pulDataBuffer</name>
         <value>0x8002f28</value>
         <object_component_ref idref="oc-12e"/>
      </symbol>
      <symbol id="sm-130">
         <name>main</name>
         <value>0x3710</value>
         <object_component_ref idref="oc-71"/>
      </symbol>
      <symbol id="sm-131">
         <name>delay</name>
         <value>0x36d0</value>
         <object_component_ref idref="oc-71"/>
      </symbol>
      <symbol id="sm-132">
         <name>g_pulUpdateSuccess</name>
         <value>0x8003080</value>
         <object_component_ref idref="oc-117"/>
      </symbol>
      <symbol id="sm-133">
         <name>ConfigureSPIDevice</name>
         <value>0x3770</value>
         <object_component_ref idref="oc-71"/>
      </symbol>
      <symbol id="sm-134">
         <name>g_ulUpdateBufferSize</name>
         <value>0x80030a4</value>
         <object_component_ref idref="oc-117"/>
      </symbol>
      <symbol id="sm-16b">
         <name>g_ucStatus</name>
         <value>0x800307c</value>
      </symbol>
      <symbol id="sm-16c">
         <name>UpdaterSPI</name>
         <value>0x15a8</value>
         <object_component_ref idref="oc-c2"/>
      </symbol>
      <symbol id="sm-16d">
         <name>SPIReceive</name>
         <value>0x1554</value>
         <object_component_ref idref="oc-c2"/>
      </symbol>
      <symbol id="sm-16e">
         <name>SPISend</name>
         <value>0x1500</value>
         <object_component_ref idref="oc-c2"/>
      </symbol>
      <symbol id="sm-197">
         <name>ReceivePacket</name>
         <value>0x2d5c</value>
         <object_component_ref idref="oc-127"/>
      </symbol>
      <symbol id="sm-198">
         <name>CheckSum</name>
         <value>0x2cc0</value>
         <object_component_ref idref="oc-127"/>
      </symbol>
      <symbol id="sm-199">
         <name>SendPacket</name>
         <value>0x2e28</value>
         <object_component_ref idref="oc-127"/>
      </symbol>
      <symbol id="sm-19a">
         <name>AckPacket</name>
         <value>0x2d24</value>
         <object_component_ref idref="oc-127"/>
      </symbol>
      <symbol id="sm-19b">
         <name>NakPacket</name>
         <value>0x2d40</value>
         <object_component_ref idref="oc-127"/>
      </symbol>
      <symbol id="sm-1b3">
         <name>esmHighInterrupt</name>
         <value>0x35a0</value>
         <object_component_ref idref="oc-27"/>
      </symbol>
      <symbol id="sm-1d4">
         <name>gioInit</name>
         <value>0x30fc</value>
         <object_component_ref idref="oc-18f"/>
      </symbol>
      <symbol id="sm-1d5">
         <name>gioSetDirection</name>
         <value>0x3190</value>
         <object_component_ref idref="oc-18f"/>
      </symbol>
      <symbol id="sm-1d6">
         <name>gioSetPort</name>
         <value>0x3200</value>
         <object_component_ref idref="oc-18f"/>
      </symbol>
      <symbol id="sm-1d7">
         <name>gioGetBit</name>
         <value>0x3220</value>
         <object_component_ref idref="oc-18f"/>
      </symbol>
      <symbol id="sm-1d8">
         <name>gioSetBit</name>
         <value>0x31b0</value>
         <object_component_ref idref="oc-18f"/>
      </symbol>
      <symbol id="sm-1d9">
         <name>gioGetPort</name>
         <value>0x3248</value>
         <object_component_ref idref="oc-18f"/>
      </symbol>
      <symbol id="sm-21f">
         <name>g_sciTransfer</name>
         <value>0x8003028</value>
      </symbol>
      <symbol id="sm-220">
         <name>sciIsTxReady</name>
         <value>0x1d00</value>
         <object_component_ref idref="oc-b0"/>
      </symbol>
      <symbol id="sm-221">
         <name>sciIsRxReady</name>
         <value>0x1e60</value>
         <object_component_ref idref="oc-b0"/>
      </symbol>
      <symbol id="sm-222">
         <name>sciSetBaudrate</name>
         <value>0x1c74</value>
         <object_component_ref idref="oc-b0"/>
      </symbol>
      <symbol id="sm-223">
         <name>sciInit</name>
         <value>0x1b0c</value>
         <object_component_ref idref="oc-b0"/>
      </symbol>
      <symbol id="sm-224">
         <name>sciReceive</name>
         <value>0x1ee4</value>
         <object_component_ref idref="oc-b0"/>
      </symbol>
      <symbol id="sm-225">
         <name>sciSetFunctional</name>
         <value>0x1c54</value>
         <object_component_ref idref="oc-b0"/>
      </symbol>
      <symbol id="sm-226">
         <name>sciSend</name>
         <value>0x1d4c</value>
         <object_component_ref idref="oc-b0"/>
      </symbol>
      <symbol id="sm-227">
         <name>sciRxError</name>
         <value>0x1e7c</value>
         <object_component_ref idref="oc-b0"/>
      </symbol>
      <symbol id="sm-228">
         <name>sciReceiveByte</name>
         <value>0x1eac</value>
         <object_component_ref idref="oc-b0"/>
      </symbol>
      <symbol id="sm-229">
         <name>sciSendByte</name>
         <value>0x1d1c</value>
         <object_component_ref idref="oc-b0"/>
      </symbol>
      <symbol id="sm-262">
         <name>g_spiPacket</name>
         <value>0x8003040</value>
      </symbol>
      <symbol id="sm-263">
         <name>g_spiDataFormat</name>
         <value>0x8003058</value>
      </symbol>
      <symbol id="sm-264">
         <name>spiInit</name>
         <value>0x2010</value>
         <object_component_ref idref="oc-c8"/>
      </symbol>
      <symbol id="sm-265">
         <name>spiGetData</name>
         <value>0x21c4</value>
         <object_component_ref idref="oc-c8"/>
      </symbol>
      <symbol id="sm-266">
         <name>spiSetFunctional</name>
         <value>0x2104</value>
         <object_component_ref idref="oc-c8"/>
      </symbol>
      <symbol id="sm-267">
         <name>spiSendData</name>
         <value>0x2390</value>
         <object_component_ref idref="oc-c8"/>
      </symbol>
      <symbol id="sm-268">
         <name>spiReceiveData</name>
         <value>0x2124</value>
         <object_component_ref idref="oc-c8"/>
      </symbol>
      <symbol id="sm-269">
         <name>spiTransmitData</name>
         <value>0x22e8</value>
         <object_component_ref idref="oc-c8"/>
      </symbol>
      <symbol id="sm-274">
         <name>esmGroup2Notification</name>
         <value>0x3da4</value>
         <object_component_ref idref="oc-89"/>
      </symbol>
      <symbol id="sm-275">
         <name>esmGroup1Notification</name>
         <value>0x3d94</value>
         <object_component_ref idref="oc-89"/>
      </symbol>
      <symbol id="sm-28b">
         <name>UART_putChar</name>
         <value>0x38c8</value>
         <object_component_ref idref="oc-b6"/>
      </symbol>
      <symbol id="sm-28c">
         <name>UART_putString</name>
         <value>0x3888</value>
         <object_component_ref idref="oc-b6"/>
      </symbol>
      <symbol id="sm-28d">
         <name>UART_send32BitData</name>
         <value>0x37e8</value>
         <object_component_ref idref="oc-b6"/>
      </symbol>
      <symbol id="sm-2b7">
         <name>_disable_IRQ_interrupt_</name>
         <value>0x2c20</value>
         <object_component_ref idref="oc-60"/>
      </symbol>
      <symbol id="sm-2b8">
         <name>_disable_interrupt_</name>
         <value>0x2c10</value>
         <object_component_ref idref="oc-60"/>
      </symbol>
      <symbol id="sm-2b9">
         <name>_coreDisableEventBusExport_</name>
         <value>0x2b7c</value>
         <object_component_ref idref="oc-60"/>
      </symbol>
      <symbol id="sm-2ba">
         <name>_coreDisableFlashEcc_</name>
         <value>0x2be0</value>
         <object_component_ref idref="oc-60"/>
      </symbol>
      <symbol id="sm-2bb">
         <name>__TI_PINIT_Base</name>
         <value>0x2cb8</value>
         <object_component_ref idref="oc-60"/>
      </symbol>
      <symbol id="sm-2bc">
         <name>_coreInitRegisters_</name>
         <value>0x2a38</value>
         <object_component_ref idref="oc-60"/>
      </symbol>
      <symbol id="sm-2bd">
         <name>_coreEnableRamEcc_</name>
         <value>0x2b94</value>
         <object_component_ref idref="oc-60"/>
      </symbol>
      <symbol id="sm-2be">
         <name>_enable_interrupt_</name>
         <value>0x2c28</value>
         <object_component_ref idref="oc-60"/>
      </symbol>
      <symbol id="sm-2bf">
         <name>_coreDisableRamEcc_</name>
         <value>0x2bac</value>
         <object_component_ref idref="oc-60"/>
      </symbol>
      <symbol id="sm-2c0">
         <name>__TI_PINIT_Limit</name>
         <value>0x2cbc</value>
         <object_component_ref idref="oc-60"/>
      </symbol>
      <symbol id="sm-2c1">
         <name>_copyAPI2RAM_</name>
         <value>0x2ae4</value>
         <object_component_ref idref="oc-60"/>
      </symbol>
      <symbol id="sm-2c2">
         <name>_coreEnableFlashEcc_</name>
         <value>0x2bc4</value>
         <object_component_ref idref="oc-60"/>
      </symbol>
      <symbol id="sm-2c3">
         <name>_disable_FIQ_interrupt_</name>
         <value>0x2c18</value>
         <object_component_ref idref="oc-60"/>
      </symbol>
      <symbol id="sm-2c4">
         <name>_coreInitStackPointer_</name>
         <value>0x2b14</value>
         <object_component_ref idref="oc-60"/>
      </symbol>
      <symbol id="sm-2c5">
         <name>_esmCcmErrorsClear_</name>
         <value>0x2c30</value>
         <object_component_ref idref="oc-60"/>
      </symbol>
      <symbol id="sm-2c6">
         <name>_coreEnableIrqVicOffset_</name>
         <value>0x2bf8</value>
         <object_component_ref idref="oc-60"/>
      </symbol>
      <symbol id="sm-2c7">
         <name>_coreEnableVfp_</name>
         <value>0x2b60</value>
         <object_component_ref idref="oc-60"/>
      </symbol>
      <symbol id="sm-2c8">
         <name>_coreEnableEventBusExport_</name>
         <value>0x2b64</value>
         <object_component_ref idref="oc-60"/>
      </symbol>
      <symbol id="sm-2dc">
         <name>phantomInterrupt</name>
         <value>0x3de0</value>
         <object_component_ref idref="oc-35"/>
      </symbol>
      <symbol id="sm-31f">
         <name>_c_int00</name>
         <value>0x2478</value>
         <object_component_ref idref="oc-21"/>
      </symbol>
      <symbol id="sm-347">
         <name>trimLPO</name>
         <value>0x278c</value>
         <object_component_ref idref="oc-65"/>
      </symbol>
      <symbol id="sm-348">
         <name>systemInit</name>
         <value>0x2944</value>
         <object_component_ref idref="oc-65"/>
      </symbol>
      <symbol id="sm-349">
         <name>periphInit</name>
         <value>0x2814</value>
         <object_component_ref idref="oc-65"/>
      </symbol>
      <symbol id="sm-34a">
         <name>setupFlash</name>
         <value>0x27d4</value>
         <object_component_ref idref="oc-65"/>
      </symbol>
      <symbol id="sm-34b">
         <name>setupPLL</name>
         <value>0x2758</value>
         <object_component_ref idref="oc-65"/>
      </symbol>
      <symbol id="sm-34c">
         <name>mapClocks</name>
         <value>0x2868</value>
         <object_component_ref idref="oc-65"/>
      </symbol>
      <symbol id="sm-34d">
         <name>systemPowerDown</name>
         <value>0x29b4</value>
         <object_component_ref idref="oc-65"/>
      </symbol>
      <symbol id="sm-36e">
         <name>Fapi_issueAsyncCommandWithAddress</name>
         <value>0x8002e05</value>
         <object_component_ref idref="oc-178"/>
      </symbol>
      <symbol id="sm-37f">
         <name>Fapi_enableMainBankSectors</name>
         <value>0x8002c71</value>
         <object_component_ref idref="oc-172"/>
      </symbol>
      <symbol id="sm-3a2">
         <name>Fapi_initializeFlashBanks</name>
         <value>0x8002725</value>
         <object_component_ref idref="oc-166"/>
      </symbol>
      <symbol id="sm-3b1">
         <name>_Fapi_issueFsmCommand</name>
         <value>0x8002dc9</value>
         <object_component_ref idref="oc-1d8"/>
      </symbol>
      <symbol id="sm-3d0">
         <name>_scaleMainFclk</name>
         <value>0x8002f05</value>
         <object_component_ref idref="oc-1ba"/>
      </symbol>
      <symbol id="sm-3d1">
         <name>_scaleEEFclk</name>
         <value>0x8002ef5</value>
         <object_component_ref idref="oc-1c0"/>
      </symbol>
      <symbol id="sm-3eb">
         <name>Fapi_setActiveFlashBank</name>
         <value>0x8002985</value>
         <object_component_ref idref="oc-16c"/>
      </symbol>
      <symbol id="sm-40e">
         <name>Fapi_issueProgrammingCommand</name>
         <value>0x8002b01</value>
         <object_component_ref idref="oc-17e"/>
      </symbol>
      <symbol id="sm-41e">
         <name>Fapi_doMarginReadByByte</name>
         <value>0x8002d89</value>
         <object_component_ref idref="oc-184"/>
      </symbol>
      <symbol id="sm-42c">
         <name>_Fapi_checkWdService</name>
         <value>0x8002f15</value>
         <object_component_ref idref="oc-1f3"/>
      </symbol>
      <symbol id="sm-43b">
         <name>Fapi_calculateEcc</name>
         <value>0x8002ed1</value>
         <object_component_ref idref="oc-1e0"/>
      </symbol>
      <symbol id="sm-44a">
         <name>Fapi_calculateFletcherChecksum</name>
         <value>0x8002d49</value>
         <object_component_ref idref="oc-1ae"/>
      </symbol>
      <symbol id="sm-459">
         <name>Fapi_getNumberOfBankSectors</name>
         <value>0x8002ee5</value>
         <object_component_ref idref="oc-1d0"/>
      </symbol>
      <symbol id="sm-476">
         <name>_Fapi_enterMarginMode</name>
         <value>0x8002ce1</value>
         <object_component_ref idref="oc-1ed"/>
      </symbol>
      <symbol id="sm-477">
         <name>_Fapi_exitMarginMode</name>
         <value>0x8002e65</value>
         <object_component_ref idref="oc-1f9"/>
      </symbol>
      <symbol id="sm-484">
         <name>Fapi_flushPipeline</name>
         <value>0x8002e91</value>
         <object_component_ref idref="oc-238"/>
      </symbol>
      <symbol id="sm-494">
         <name>Fapi_waitDelay</name>
         <value>0x8002e35</value>
         <object_component_ref idref="oc-259"/>
      </symbol>
      <symbol id="sm-4ac">
         <name>__TI_decompress_none</name>
         <value>0x3db4</value>
         <object_component_ref idref="oc-f"/>
      </symbol>
      <symbol id="sm-4cd">
         <name>__TI_decompress_rle24</name>
         <value>0x3dd8</value>
         <object_component_ref idref="oc-15"/>
      </symbol>
      <symbol id="sm-4df">
         <name>__TI_zero_init</name>
         <value>0x3dc8</value>
         <object_component_ref idref="oc-1b"/>
      </symbol>
      <symbol id="sm-4fe">
         <name>copy_in</name>
         <value>0x3be4</value>
         <object_component_ref idref="oc-6b"/>
      </symbol>
      <symbol id="sm-51e">
         <name>C$$EXIT</name>
         <value>0x3c68</value>
         <object_component_ref idref="oc-77"/>
      </symbol>
      <symbol id="sm-51f">
         <name>abort</name>
         <value>0x3c70</value>
         <object_component_ref idref="oc-77"/>
      </symbol>
      <symbol id="sm-520">
         <name>exit</name>
         <value>0x3c7c</value>
         <object_component_ref idref="oc-77"/>
      </symbol>
      <symbol id="sm-521">
         <name>__TI_dtors_ptr</name>
         <value>0x80030bc</value>
         <object_component_ref idref="oc-d6"/>
      </symbol>
      <symbol id="sm-522">
         <name>__TI_cleanup_ptr</name>
         <value>0x80030b8</value>
         <object_component_ref idref="oc-d6"/>
      </symbol>
      <symbol id="sm-546">
         <name>__aeabi_dsub</name>
         <value>0x2ee8</value>
         <object_component_ref idref="oc-104"/>
      </symbol>
      <symbol id="sm-547">
         <name>__aeabi_dadd</name>
         <value>0x2ef4</value>
         <object_component_ref idref="oc-104"/>
      </symbol>
      <symbol id="sm-567">
         <name>__aeabi_ddiv</name>
         <value>0x3290</value>
         <object_component_ref idref="oc-ff"/>
      </symbol>
      <symbol id="sm-574">
         <name>__aeabi_d2uiz</name>
         <value>0x3ce0</value>
         <object_component_ref idref="oc-109"/>
      </symbol>
      <symbol id="sm-58d">
         <name>memcpy</name>
         <value>0x3420</value>
         <object_component_ref idref="oc-3b"/>
      </symbol>
      <symbol id="sm-58e">
         <name>__aeabi_memcpy</name>
         <value>0x3420</value>
         <object_component_ref idref="oc-3b"/>
      </symbol>
      <symbol id="sm-58f">
         <name>__aeabi_memcpy8</name>
         <value>0x3420</value>
         <object_component_ref idref="oc-3b"/>
      </symbol>
      <symbol id="sm-590">
         <name>__aeabi_memcpy4</name>
         <value>0x3420</value>
         <object_component_ref idref="oc-3b"/>
      </symbol>
      <symbol id="sm-59f">
         <name>__aeabi_memset</name>
         <value>0x3a9c</value>
         <object_component_ref idref="oc-54"/>
      </symbol>
      <symbol id="sm-5a0">
         <name>memset</name>
         <value>0x3aa8</value>
         <object_component_ref idref="oc-54"/>
      </symbol>
      <symbol id="sm-5a1">
         <name>__aeabi_memset8</name>
         <value>0x3a9c</value>
         <object_component_ref idref="oc-54"/>
      </symbol>
      <symbol id="sm-5a2">
         <name>__aeabi_memset4</name>
         <value>0x3a9c</value>
         <object_component_ref idref="oc-54"/>
      </symbol>
      <symbol id="sm-5a3">
         <name>__aeabi_memclr8</name>
         <value>0x3a98</value>
         <object_component_ref idref="oc-54"/>
      </symbol>
      <symbol id="sm-5a4">
         <name>__aeabi_memclr4</name>
         <value>0x3a98</value>
         <object_component_ref idref="oc-54"/>
      </symbol>
      <symbol id="sm-5a5">
         <name>__aeabi_memclr</name>
         <value>0x3a98</value>
         <object_component_ref idref="oc-54"/>
      </symbol>
      <symbol id="sm-5b1">
         <name>__aeabi_ui2d</name>
         <value>0x3d3c</value>
         <object_component_ref idref="oc-fa"/>
      </symbol>
      <symbol id="sm-5cb">
         <name>_nop</name>
         <value>0x3d88</value>
         <object_component_ref idref="oc-147"/>
      </symbol>
      <symbol id="sm-5cc">
         <name>_lock</name>
         <value>0x80030b0</value>
         <object_component_ref idref="oc-d3"/>
      </symbol>
      <symbol id="sm-5cd">
         <name>_unlock</name>
         <value>0x80030b4</value>
         <object_component_ref idref="oc-d3"/>
      </symbol>
      <symbol id="sm-5ce">
         <name>_register_lock</name>
         <value>0x3d7c</value>
         <object_component_ref idref="oc-147"/>
      </symbol>
      <symbol id="sm-5cf">
         <name>_register_unlock</name>
         <value>0x3d70</value>
         <object_component_ref idref="oc-147"/>
      </symbol>
      <symbol id="sm-5d0">
         <name>__TI_static_base__</name>
         <value>0x0</value>
      </symbol>
      <symbol id="sm-5d5">
         <name>SHT$$INIT_ARRAY$$Base</name>
         <value>0x0</value>
      </symbol>
      <symbol id="sm-5d6">
         <name>SHT$$INIT_ARRAY$$Limit</name>
         <value>0x0</value>
      </symbol>
   </symbol_table>
   <title>Link successful</title>
</link_info>
