<?xml version="1.0"?>
<link_info>
   <banner>TI ARM Linker PC v16.9.4.LTS</banner>
   <copyright>Copyright (c) 1996-2017 Texas Instruments Incorporated</copyright>
   <link_time>0x5a1c4584</link_time>
   <link_errors>0x0</link_errors>
   <output_file>ls12_uart_boot.out</output_file>
   <entry_point>
      <name>_c_int00</name>
      <address>0x37e8</address>
   </entry_point>
   <input_file_list>
      <input_file id="fl-2">
         <path>.\</path>
         <kind>object</kind>
         <file>Fapi_UserDefinedFunctions.obj</file>
         <name>Fapi_UserDefinedFunctions.obj</name>
      </input_file>
      <input_file id="fl-3">
         <path>.\</path>
         <kind>object</kind>
         <file>bl_check.obj</file>
         <name>bl_check.obj</name>
      </input_file>
      <input_file id="fl-4">
         <path>.\</path>
         <kind>object</kind>
         <file>bl_dcan.obj</file>
         <name>bl_dcan.obj</name>
      </input_file>
      <input_file id="fl-5">
         <path>.\</path>
         <kind>object</kind>
         <file>bl_flash.obj</file>
         <name>bl_flash.obj</name>
      </input_file>
      <input_file id="fl-6">
         <path>.\</path>
         <kind>object</kind>
         <file>bl_led_demo.obj</file>
         <name>bl_led_demo.obj</name>
      </input_file>
      <input_file id="fl-7">
         <path>.\</path>
         <kind>object</kind>
         <file>bl_main.obj</file>
         <name>bl_main.obj</name>
      </input_file>
      <input_file id="fl-8">
         <path>.\</path>
         <kind>object</kind>
         <file>bl_spi.obj</file>
         <name>bl_spi.obj</name>
      </input_file>
      <input_file id="fl-9">
         <path>.\</path>
         <kind>object</kind>
         <file>bl_spi_packet.obj</file>
         <name>bl_spi_packet.obj</name>
      </input_file>
      <input_file id="fl-a">
         <path>.\</path>
         <kind>object</kind>
         <file>bl_uart.obj</file>
         <name>bl_uart.obj</name>
      </input_file>
      <input_file id="fl-b">
         <path>.\</path>
         <kind>object</kind>
         <file>bl_ymodem.obj</file>
         <name>bl_ymodem.obj</name>
      </input_file>
      <input_file id="fl-c">
         <path>.\</path>
         <kind>object</kind>
         <file>hw_dcan.obj</file>
         <name>hw_dcan.obj</name>
      </input_file>
      <input_file id="fl-d">
         <path>.\</path>
         <kind>object</kind>
         <file>hw_esm.obj</file>
         <name>hw_esm.obj</name>
      </input_file>
      <input_file id="fl-e">
         <path>.\</path>
         <kind>object</kind>
         <file>hw_gio.obj</file>
         <name>hw_gio.obj</name>
      </input_file>
      <input_file id="fl-f">
         <path>.\</path>
         <kind>object</kind>
         <file>hw_pinmux.obj</file>
         <name>hw_pinmux.obj</name>
      </input_file>
      <input_file id="fl-10">
         <path>.\</path>
         <kind>object</kind>
         <file>hw_sci.obj</file>
         <name>hw_sci.obj</name>
      </input_file>
      <input_file id="fl-11">
         <path>.\</path>
         <kind>object</kind>
         <file>hw_spi.obj</file>
         <name>hw_spi.obj</name>
      </input_file>
      <input_file id="fl-12">
         <path>.\</path>
         <kind>object</kind>
         <file>notification.obj</file>
         <name>notification.obj</name>
      </input_file>
      <input_file id="fl-13">
         <path>.\</path>
         <kind>object</kind>
         <file>sci_common.obj</file>
         <name>sci_common.obj</name>
      </input_file>
      <input_file id="fl-14">
         <path>.\</path>
         <kind>object</kind>
         <file>sw_hw_ver.obj</file>
         <name>sw_hw_ver.obj</name>
      </input_file>
      <input_file id="fl-15">
         <path>.\</path>
         <kind>object</kind>
         <file>sys_core.obj</file>
         <name>sys_core.obj</name>
      </input_file>
      <input_file id="fl-16">
         <path>.\</path>
         <kind>object</kind>
         <file>sys_intvecs.obj</file>
         <name>sys_intvecs.obj</name>
      </input_file>
      <input_file id="fl-17">
         <path>.\</path>
         <kind>object</kind>
         <file>sys_phantom.obj</file>
         <name>sys_phantom.obj</name>
      </input_file>
      <input_file id="fl-18">
         <path>.\</path>
         <kind>object</kind>
         <file>sys_startup.obj</file>
         <name>sys_startup.obj</name>
      </input_file>
      <input_file id="fl-19">
         <path>.\</path>
         <kind>object</kind>
         <file>system.obj</file>
         <name>system.obj</name>
      </input_file>
      <input_file id="fl-1a">
         <path>.\</path>
         <kind>object</kind>
         <file>ymodem_crc16.obj</file>
         <name>ymodem_crc16.obj</name>
      </input_file>
      <input_file id="fl-20">
         <kind>object</kind>
         <file>&lt;internal&gt;</file>
         <name>&lt;internal&gt;</name>
      </input_file>
      <input_file id="fl-21">
         <path>..\..\..\lib\</path>
         <kind>archive</kind>
         <file>F021_API_CortexR4_BE.lib</file>
         <name>Async.WithAddress.obj</name>
      </input_file>
      <input_file id="fl-22">
         <path>..\..\..\lib\</path>
         <kind>archive</kind>
         <file>F021_API_CortexR4_BE.lib</file>
         <name>FlashStateMachine.EnableMainSectors.obj</name>
      </input_file>
      <input_file id="fl-23">
         <path>..\..\..\lib\</path>
         <kind>archive</kind>
         <file>F021_API_CortexR4_BE.lib</file>
         <name>FlashStateMachine.InitializeFlashBanks.obj</name>
      </input_file>
      <input_file id="fl-24">
         <path>..\..\..\lib\</path>
         <kind>archive</kind>
         <file>F021_API_CortexR4_BE.lib</file>
         <name>FlashStateMachine.IssueFsmCommand.obj</name>
      </input_file>
      <input_file id="fl-25">
         <path>..\..\..\lib\</path>
         <kind>archive</kind>
         <file>F021_API_CortexR4_BE.lib</file>
         <name>FlashStateMachine.ScaleFclk.obj</name>
      </input_file>
      <input_file id="fl-26">
         <path>..\..\..\lib\</path>
         <kind>archive</kind>
         <file>F021_API_CortexR4_BE.lib</file>
         <name>FlashStateMachine.SetActiveBank.obj</name>
      </input_file>
      <input_file id="fl-27">
         <path>..\..\..\lib\</path>
         <kind>archive</kind>
         <file>F021_API_CortexR4_BE.lib</file>
         <name>Program.obj</name>
      </input_file>
      <input_file id="fl-28">
         <path>..\..\..\lib\</path>
         <kind>archive</kind>
         <file>F021_API_CortexR4_BE.lib</file>
         <name>Read.MarginByByte.obj</name>
      </input_file>
      <input_file id="fl-29">
         <path>..\..\..\lib\</path>
         <kind>archive</kind>
         <file>F021_API_CortexR4_BE.lib</file>
         <name>Read.WdService.obj</name>
      </input_file>
      <input_file id="fl-2a">
         <path>..\..\..\lib\</path>
         <kind>archive</kind>
         <file>F021_API_CortexR4_BE.lib</file>
         <name>Utilities.CalculateEcc.obj</name>
      </input_file>
      <input_file id="fl-2b">
         <path>..\..\..\lib\</path>
         <kind>archive</kind>
         <file>F021_API_CortexR4_BE.lib</file>
         <name>Utilities.CalculateFletcher.obj</name>
      </input_file>
      <input_file id="fl-2c">
         <path>..\..\..\lib\</path>
         <kind>archive</kind>
         <file>F021_API_CortexR4_BE.lib</file>
         <name>Utilities.GetNumberOfSectors.obj</name>
      </input_file>
      <input_file id="fl-2d">
         <path>..\..\..\lib\</path>
         <kind>archive</kind>
         <file>F021_API_CortexR4_BE.lib</file>
         <name>Read.Common.obj</name>
      </input_file>
      <input_file id="fl-2e">
         <path>..\..\..\lib\</path>
         <kind>archive</kind>
         <file>F021_API_CortexR4_BE.lib</file>
         <name>Read.FlushPipeline.obj</name>
      </input_file>
      <input_file id="fl-2f">
         <path>..\..\..\lib\</path>
         <kind>archive</kind>
         <file>F021_API_CortexR4_BE.lib</file>
         <name>Utilities.WaitDelay.obj</name>
      </input_file>
      <input_file id="fl-30">
         <path>..\..\..\lib\</path>
         <kind>archive</kind>
         <file>F021_API_CortexR4_BE.lib</file>
         <name>FlashStateMachine.Hercules.IsEccAddress.obj</name>
      </input_file>
      <input_file id="fl-31">
         <path>E:\ti\ccsv7\tools\compiler\ti-cgt-arm_16.9.4.LTS\lib\</path>
         <kind>archive</kind>
         <file>rtsv7R4_T_be_v3D16_eabi.lib</file>
         <name>copy_decompress_lzss.obj</name>
      </input_file>
      <input_file id="fl-32">
         <path>E:\ti\ccsv7\tools\compiler\ti-cgt-arm_16.9.4.LTS\lib\</path>
         <kind>archive</kind>
         <file>rtsv7R4_T_be_v3D16_eabi.lib</file>
         <name>copy_decompress_none.obj</name>
      </input_file>
      <input_file id="fl-33">
         <path>E:\ti\ccsv7\tools\compiler\ti-cgt-arm_16.9.4.LTS\lib\</path>
         <kind>archive</kind>
         <file>rtsv7R4_T_be_v3D16_eabi.lib</file>
         <name>copy_zero_init.obj</name>
      </input_file>
      <input_file id="fl-34">
         <path>E:\ti\ccsv7\tools\compiler\ti-cgt-arm_16.9.4.LTS\lib\</path>
         <kind>archive</kind>
         <file>rtsv7R4_T_be_v3D16_eabi.lib</file>
         <name>cpy_tbl.obj</name>
      </input_file>
      <input_file id="fl-35">
         <path>E:\ti\ccsv7\tools\compiler\ti-cgt-arm_16.9.4.LTS\lib\</path>
         <kind>archive</kind>
         <file>rtsv7R4_T_be_v3D16_eabi.lib</file>
         <name>exit.obj</name>
      </input_file>
      <input_file id="fl-36">
         <path>E:\ti\ccsv7\tools\compiler\ti-cgt-arm_16.9.4.LTS\lib\</path>
         <kind>archive</kind>
         <file>rtsv7R4_T_be_v3D16_eabi.lib</file>
         <name>memcpy_t2.obj</name>
      </input_file>
      <input_file id="fl-37">
         <path>E:\ti\ccsv7\tools\compiler\ti-cgt-arm_16.9.4.LTS\lib\</path>
         <kind>archive</kind>
         <file>rtsv7R4_T_be_v3D16_eabi.lib</file>
         <name>memset_t2.obj</name>
      </input_file>
      <input_file id="fl-38">
         <path>E:\ti\ccsv7\tools\compiler\ti-cgt-arm_16.9.4.LTS\lib\</path>
         <kind>archive</kind>
         <file>rtsv7R4_T_be_v3D16_eabi.lib</file>
         <name>u_div32.obj</name>
      </input_file>
      <input_file id="fl-39">
         <path>E:\ti\ccsv7\tools\compiler\ti-cgt-arm_16.9.4.LTS\lib\</path>
         <kind>archive</kind>
         <file>rtsv7R4_T_be_v3D16_eabi.lib</file>
         <name>_lock.obj</name>
      </input_file>
      <input_file id="fl-3a">
         <path>E:\ti\ccsv7\tools\compiler\ti-cgt-arm_16.9.4.LTS\lib\</path>
         <kind>archive</kind>
         <file>rtsv7R4_T_be_v3D16_eabi.lib</file>
         <name>i_div0.obj</name>
      </input_file>
   </input_file_list>
   <object_component_list>
      <object_component id="oc-33">
         <name>.intvecs</name>
         <load_address>0x0</load_address>
         <run_address>0x0</run_address>
         <size>0x20</size>
         <input_file_ref idref="fl-16"/>
      </object_component>
      <object_component id="oc-233">
         <name>.text</name>
         <load_address>0x20</load_address>
         <run_address>0x8002000</run_address>
         <size>0x8</size>
         <input_file_ref idref="fl-2"/>
      </object_component>
      <object_component id="oc-15f">
         <name>.text</name>
         <load_address>0x28</load_address>
         <run_address>0x8002008</run_address>
         <size>0x71c</size>
         <input_file_ref idref="fl-5"/>
      </object_component>
      <object_component id="oc-17a">
         <name>.text:Fapi_initializeFlashBanks</name>
         <load_address>0x744</load_address>
         <run_address>0x8002724</run_address>
         <size>0x260</size>
         <input_file_ref idref="fl-23"/>
      </object_component>
      <object_component id="oc-180">
         <name>.text:Fapi_setActiveFlashBank</name>
         <load_address>0x9a4</load_address>
         <run_address>0x8002984</run_address>
         <size>0x17c</size>
         <input_file_ref idref="fl-26"/>
      </object_component>
      <object_component id="oc-192">
         <name>.text:Fapi_issueProgrammingCommand</name>
         <load_address>0xb20</load_address>
         <run_address>0x8002b00</run_address>
         <size>0x178</size>
         <input_file_ref idref="fl-27"/>
      </object_component>
      <object_component id="oc-186">
         <name>.text:Fapi_enableMainBankSectors</name>
         <load_address>0xc98</load_address>
         <run_address>0x8002c78</run_address>
         <size>0x70</size>
         <input_file_ref idref="fl-22"/>
      </object_component>
      <object_component id="oc-1e2">
         <name>.text:_Fapi_enterMarginMode</name>
         <load_address>0xd08</load_address>
         <run_address>0x8002ce8</run_address>
         <size>0x68</size>
         <input_file_ref idref="fl-2d"/>
      </object_component>
      <object_component id="oc-198">
         <name>.text:Fapi_doMarginReadByByte</name>
         <load_address>0xd70</load_address>
         <run_address>0x8002d50</run_address>
         <size>0x40</size>
         <input_file_ref idref="fl-28"/>
      </object_component>
      <object_component id="oc-1cd">
         <name>.text:_Fapi_issueFsmCommand</name>
         <load_address>0xdb0</load_address>
         <run_address>0x8002d90</run_address>
         <size>0x3c</size>
         <input_file_ref idref="fl-24"/>
      </object_component>
      <object_component id="oc-1a3">
         <name>.text:Fapi_calculateFletcherChecksum</name>
         <load_address>0xdec</load_address>
         <run_address>0x8002dcc</run_address>
         <size>0x36</size>
         <input_file_ref idref="fl-2b"/>
      </object_component>
      <object_component id="oc-18c">
         <name>.text:Fapi_issueAsyncCommandWithAddress</name>
         <load_address>0xe24</load_address>
         <run_address>0x8002e04</run_address>
         <size>0x30</size>
         <input_file_ref idref="fl-21"/>
      </object_component>
      <object_component id="oc-249">
         <name>.text:Fapi_waitDelay</name>
         <load_address>0xe54</load_address>
         <run_address>0x8002e34</run_address>
         <size>0x30</size>
         <input_file_ref idref="fl-2f"/>
      </object_component>
      <object_component id="oc-1ee">
         <name>.text:_Fapi_exitMarginMode</name>
         <load_address>0xe84</load_address>
         <run_address>0x8002e64</run_address>
         <size>0x2c</size>
         <input_file_ref idref="fl-2d"/>
      </object_component>
      <object_component id="oc-22b">
         <name>.text:Fapi_flushPipeline</name>
         <load_address>0xeb0</load_address>
         <run_address>0x8002e90</run_address>
         <size>0x22</size>
         <input_file_ref idref="fl-2e"/>
      </object_component>
      <object_component id="oc-1a9">
         <name>.text:_Fapi_divideUnsignedLong</name>
         <load_address>0xed2</load_address>
         <run_address>0x8002eb2</run_address>
         <size>0x1c</size>
         <input_file_ref idref="fl-23"/>
      </object_component>
      <object_component id="oc-1d5">
         <name>.text:Fapi_calculateEcc</name>
         <load_address>0xef0</load_address>
         <run_address>0x8002ed0</run_address>
         <size>0x14</size>
         <input_file_ref idref="fl-2a"/>
      </object_component>
      <object_component id="oc-1c5">
         <name>.text:Fapi_getNumberOfBankSectors</name>
         <load_address>0xf04</load_address>
         <run_address>0x8002ee4</run_address>
         <size>0x10</size>
         <input_file_ref idref="fl-2c"/>
      </object_component>
      <object_component id="oc-1b5">
         <name>.text:_scaleEEFclk</name>
         <load_address>0xf14</load_address>
         <run_address>0x8002ef4</run_address>
         <size>0x10</size>
         <input_file_ref idref="fl-25"/>
      </object_component>
      <object_component id="oc-1af">
         <name>.text:_scaleMainFclk</name>
         <load_address>0xf24</load_address>
         <run_address>0x8002f04</run_address>
         <size>0x10</size>
         <input_file_ref idref="fl-25"/>
      </object_component>
      <object_component id="oc-1e8">
         <name>.text:_Fapi_checkWdService</name>
         <load_address>0xf34</load_address>
         <run_address>0x8002f14</run_address>
         <size>0xc</size>
         <input_file_ref idref="fl-29"/>
      </object_component>
      <object_component id="oc-27e">
         <name>.tramp.Fapi_serviceWatchdogTimer.1</name>
         <load_address>0xf40</load_address>
         <run_address>0x8002f20</run_address>
         <size>0x8</size>
         <input_file_ref idref="fl-2"/>
      </object_component>
      <object_component id="oc-10b">
         <name>.text</name>
         <load_address>0x1500</load_address>
         <run_address>0x1500</run_address>
         <size>0xa64</size>
         <input_file_ref idref="fl-b"/>
      </object_component>
      <object_component id="oc-b5">
         <name>.text</name>
         <load_address>0x1f64</load_address>
         <run_address>0x1f64</run_address>
         <size>0x768</size>
         <input_file_ref idref="fl-13"/>
      </object_component>
      <object_component id="oc-c1">
         <name>.text</name>
         <load_address>0x26cc</load_address>
         <run_address>0x26cc</run_address>
         <size>0x658</size>
         <input_file_ref idref="fl-a"/>
      </object_component>
      <object_component id="oc-af">
         <name>.text</name>
         <load_address>0x2d24</load_address>
         <run_address>0x2d24</run_address>
         <size>0x4dc</size>
         <input_file_ref idref="fl-10"/>
      </object_component>
      <object_component id="oc-66">
         <name>.text</name>
         <load_address>0x3200</load_address>
         <run_address>0x3200</run_address>
         <size>0x2f8</size>
         <input_file_ref idref="fl-19"/>
      </object_component>
      <object_component id="oc-61">
         <name>.text</name>
         <load_address>0x34f8</load_address>
         <run_address>0x34f8</run_address>
         <size>0x2f0</size>
         <input_file_ref idref="fl-15"/>
      </object_component>
      <object_component id="oc-21">
         <name>.text:retain</name>
         <load_address>0x37e8</load_address>
         <run_address>0x37e8</run_address>
         <size>0x2e0</size>
         <input_file_ref idref="fl-18"/>
      </object_component>
      <object_component id="oc-2a">
         <name>.text:retain</name>
         <load_address>0x3ac8</load_address>
         <run_address>0x3ac8</run_address>
         <size>0x158</size>
         <input_file_ref idref="fl-d"/>
      </object_component>
      <object_component id="oc-117">
         <name>.text</name>
         <load_address>0x3c20</load_address>
         <run_address>0x3c20</run_address>
         <size>0x158</size>
         <input_file_ref idref="fl-14"/>
      </object_component>
      <object_component id="oc-bb">
         <name>.text</name>
         <load_address>0x3d78</load_address>
         <run_address>0x3d78</run_address>
         <size>0xec</size>
         <input_file_ref idref="fl-3"/>
      </object_component>
      <object_component id="oc-111">
         <name>.text</name>
         <load_address>0x3e64</load_address>
         <run_address>0x3e64</run_address>
         <size>0xdc</size>
         <input_file_ref idref="fl-6"/>
      </object_component>
      <object_component id="oc-72">
         <name>.text</name>
         <load_address>0x3f40</load_address>
         <run_address>0x3f40</run_address>
         <size>0xc0</size>
         <input_file_ref idref="fl-7"/>
      </object_component>
      <object_component id="oc-49">
         <name>.text</name>
         <load_address>0x4000</load_address>
         <run_address>0x4000</run_address>
         <size>0x9c</size>
         <input_file_ref idref="fl-36"/>
      </object_component>
      <object_component id="oc-55">
         <name>.text</name>
         <load_address>0x409c</load_address>
         <run_address>0x409c</run_address>
         <size>0x7a</size>
         <input_file_ref idref="fl-37"/>
      </object_component>
      <object_component id="oc-f">
         <name>.text:decompress:lzss</name>
         <load_address>0x4116</load_address>
         <run_address>0x4116</run_address>
         <size>0x6c</size>
         <input_file_ref idref="fl-31"/>
      </object_component>
      <object_component id="oc-14b">
         <name>.text</name>
         <load_address>0x4182</load_address>
         <run_address>0x4182</run_address>
         <size>0x2</size>
         <input_file_ref idref="fl-3a"/>
      </object_component>
      <object_component id="oc-15a">
         <name>.text</name>
         <load_address>0x4184</load_address>
         <run_address>0x4184</run_address>
         <size>0x5c</size>
         <input_file_ref idref="fl-1a"/>
      </object_component>
      <object_component id="oc-78">
         <name>.text</name>
         <load_address>0x41e0</load_address>
         <run_address>0x41e0</run_address>
         <size>0x50</size>
         <input_file_ref idref="fl-35"/>
      </object_component>
      <object_component id="oc-f9">
         <name>.text</name>
         <load_address>0x4230</load_address>
         <run_address>0x4230</run_address>
         <size>0x50</size>
         <input_file_ref idref="fl-38"/>
      </object_component>
      <object_component id="oc-6c">
         <name>.text</name>
         <load_address>0x4280</load_address>
         <run_address>0x4280</run_address>
         <size>0x4c</size>
         <input_file_ref idref="fl-34"/>
      </object_component>
      <object_component id="oc-8a">
         <name>.text</name>
         <load_address>0x42cc</load_address>
         <run_address>0x42cc</run_address>
         <size>0x20</size>
         <input_file_ref idref="fl-12"/>
      </object_component>
      <object_component id="oc-133">
         <name>.text</name>
         <load_address>0x42ec</load_address>
         <run_address>0x42ec</run_address>
         <size>0x14</size>
         <input_file_ref idref="fl-39"/>
      </object_component>
      <object_component id="oc-15">
         <name>.text:decompress:none</name>
         <load_address>0x4300</load_address>
         <run_address>0x4300</run_address>
         <size>0xe</size>
         <input_file_ref idref="fl-32"/>
      </object_component>
      <object_component id="oc-1b">
         <name>.text:decompress:ZI</name>
         <load_address>0x430e</load_address>
         <run_address>0x430e</run_address>
         <size>0xc</size>
         <input_file_ref idref="fl-33"/>
      </object_component>
      <object_component id="oc-38">
         <name>.text:retain</name>
         <load_address>0x431c</load_address>
         <run_address>0x431c</run_address>
         <size>0x4</size>
         <input_file_ref idref="fl-17"/>
      </object_component>
      <object_component id="oc-281">
         <name>.tramp.Fapi_BlockProgram.1</name>
         <load_address>0x4320</load_address>
         <run_address>0x4320</run_address>
         <size>0x8</size>
         <input_file_ref idref="fl-5"/>
      </object_component>
      <object_component id="oc-280">
         <name>.tramp.Fapi_BlockErase.1</name>
         <load_address>0x4328</load_address>
         <run_address>0x4328</run_address>
         <size>0x8</size>
         <input_file_ref idref="fl-5"/>
      </object_component>
      <object_component id="oc-27f">
         <name>.tramp.BLInternalFlashStartAddrCheck.1</name>
         <load_address>0x4330</load_address>
         <run_address>0x4330</run_address>
         <size>0x8</size>
         <input_file_ref idref="fl-5"/>
      </object_component>
      <object_component id="oc-30">
         <name>.const:s_vim_init</name>
         <load_address>0x4338</load_address>
         <run_address>0x4338</run_address>
         <size>0x204</size>
         <input_file_ref idref="fl-18"/>
      </object_component>
      <object_component id="oc-19e">
         <name>.const:flash_sector</name>
         <load_address>0x453c</load_address>
         <run_address>0x453c</run_address>
         <size>0x140</size>
         <input_file_ref idref="fl-5"/>
      </object_component>
      <object_component id="oc-11d">
         <name>.const:.string:$P$T0$1</name>
         <load_address>0x467c</load_address>
         <run_address>0x467c</run_address>
         <size>0xa</size>
         <input_file_ref idref="fl-a"/>
      </object_component>
      <object_component id="oc-27c">
         <name>.cinit..data.load</name>
         <load_address>0x4688</load_address>
         <run_address>0x4688</run_address>
         <size>0x1d</size>
      </object_component>
      <object_component id="oc-27a">
         <name>__TI_handler_table</name>
         <load_address>0x46a8</load_address>
         <run_address>0x46a8</run_address>
         <size>0xc</size>
      </object_component>
      <object_component id="oc-27d">
         <name>.cinit..bss.load</name>
         <load_address>0x46b8</load_address>
         <run_address>0x46b8</run_address>
         <size>0x8</size>
      </object_component>
      <object_component id="oc-27b">
         <name>__TI_cinit_table</name>
         <load_address>0x46c0</load_address>
         <run_address>0x46c0</run_address>
         <size>0x10</size>
      </object_component>
      <object_component id="oc-107">
         <name>.data:g_pulUpdateSuccess</name>
         <load_address>0x8003328</load_address>
         <run_address>0x8003328</run_address>
         <size>0x20</size>
         <input_file_ref idref="fl-7"/>
      </object_component>
      <object_component id="oc-104">
         <name>.data</name>
         <load_address>0x8003364</load_address>
         <run_address>0x8003364</run_address>
         <size>0x8</size>
         <input_file_ref idref="fl-7"/>
      </object_component>
      <object_component id="oc-120">
         <name>.data:tab_1024</name>
         <load_address>0x8002f28</load_address>
         <run_address>0x8002f28</run_address>
         <size>0x400</size>
         <input_file_ref idref="fl-a"/>
      </object_component>
      <object_component id="oc-20c">
         <name>.data</name>
         <load_address>0x800335c</load_address>
         <run_address>0x800335c</run_address>
         <size>0x8</size>
         <input_file_ref idref="fl-25"/>
      </object_component>
      <object_component id="oc-1c2">
         <name>.data</name>
         <load_address>0x800336c</load_address>
         <run_address>0x800336c</run_address>
         <size>0x1</size>
         <input_file_ref idref="fl-26"/>
      </object_component>
      <object_component id="oc-cc">
         <name>.data:$O1$$</name>
         <load_address>0x8003348</load_address>
         <run_address>0x8003348</run_address>
         <size>0xc</size>
         <input_file_ref idref="fl-35"/>
      </object_component>
      <object_component id="oc-cf">
         <name>.data:$O1$$</name>
         <load_address>0x8003354</load_address>
         <run_address>0x8003354</run_address>
         <size>0x8</size>
         <input_file_ref idref="fl-39"/>
      </object_component>
      <object_component id="oc-c7">
         <name>.bss</name>
         <uninitialized>true</uninitialized>
         <run_address>0x80033f4</run_address>
         <size>0x4</size>
         <input_file_ref idref="fl-7"/>
      </object_component>
      <object_component id="oc-fe">
         <name>.bss:num_str$1</name>
         <uninitialized>true</uninitialized>
         <run_address>0x80033e8</run_address>
         <size>0xc</size>
         <input_file_ref idref="fl-13"/>
      </object_component>
      <object_component id="oc-101">
         <name>.common:g_ulForced</name>
         <uninitialized>true</uninitialized>
         <run_address>0x80033fc</run_address>
         <size>0x4</size>
      </object_component>
      <object_component id="oc-c8">
         <name>.common:g_ulTransferAddress</name>
         <uninitialized>true</uninitialized>
         <run_address>0x8003400</run_address>
         <size>0x4</size>
      </object_component>
      <object_component id="oc-126">
         <name>.common:JumpAddress</name>
         <uninitialized>true</uninitialized>
         <run_address>0x80033f8</run_address>
         <size>0x4</size>
      </object_component>
      <object_component id="oc-123">
         <name>.common:fileName</name>
         <uninitialized>true</uninitialized>
         <run_address>0x8003370</run_address>
         <size>0x60</size>
      </object_component>
      <object_component id="oc-f5">
         <name>.common:g_sciTransfer</name>
         <uninitialized>true</uninitialized>
         <run_address>0x80033d0</run_address>
         <size>0x18</size>
      </object_component>
      <object_component id="oc-23e">
         <name>.debug_info</name>
         <load_address>0x0</load_address>
         <run_address>0x0</run_address>
         <size>0x3aa</size>
         <input_file_ref idref="fl-2"/>
      </object_component>
      <object_component id="oc-234">
         <name>.debug_info</name>
         <load_address>0x3aa</load_address>
         <run_address>0x3aa</run_address>
         <size>0x235</size>
         <input_file_ref idref="fl-2"/>
      </object_component>
      <object_component id="oc-1fa">
         <name>.debug_info</name>
         <load_address>0x5df</load_address>
         <run_address>0x5df</run_address>
         <size>0xe57</size>
         <input_file_ref idref="fl-2"/>
      </object_component>
      <object_component id="oc-204">
         <name>.debug_info</name>
         <load_address>0x1436</load_address>
         <run_address>0x1436</run_address>
         <size>0x26d5</size>
         <input_file_ref idref="fl-2"/>
      </object_component>
      <object_component id="oc-44">
         <name>.debug_info</name>
         <load_address>0x3b0b</load_address>
         <run_address>0x3b0b</run_address>
         <size>0x84</size>
         <input_file_ref idref="fl-2"/>
      </object_component>
      <object_component id="oc-7f">
         <name>.debug_info</name>
         <load_address>0x3b8f</load_address>
         <run_address>0x3b8f</run_address>
         <size>0x18b</size>
         <input_file_ref idref="fl-2"/>
      </object_component>
      <object_component id="oc-102">
         <name>.debug_info</name>
         <load_address>0x3d1a</load_address>
         <run_address>0x3d1a</run_address>
         <size>0x369</size>
         <input_file_ref idref="fl-3"/>
      </object_component>
      <object_component id="oc-bc">
         <name>.debug_info</name>
         <load_address>0x4083</load_address>
         <run_address>0x4083</run_address>
         <size>0x2f6</size>
         <input_file_ref idref="fl-3"/>
      </object_component>
      <object_component id="oc-e1">
         <name>.debug_info</name>
         <load_address>0x4379</load_address>
         <run_address>0x4379</run_address>
         <size>0x1d1</size>
         <input_file_ref idref="fl-3"/>
      </object_component>
      <object_component id="oc-12c">
         <name>.debug_info</name>
         <load_address>0x454a</load_address>
         <run_address>0x454a</run_address>
         <size>0x292</size>
         <input_file_ref idref="fl-3"/>
      </object_component>
      <object_component id="oc-1a2">
         <name>.debug_info</name>
         <load_address>0x47dc</load_address>
         <run_address>0x47dc</run_address>
         <size>0x5bf</size>
         <input_file_ref idref="fl-5"/>
      </object_component>
      <object_component id="oc-19f">
         <name>.debug_info</name>
         <load_address>0x4d9b</load_address>
         <run_address>0x4d9b</run_address>
         <size>0x144</size>
         <input_file_ref idref="fl-5"/>
      </object_component>
      <object_component id="oc-160">
         <name>.debug_info</name>
         <load_address>0x4edf</load_address>
         <run_address>0x4edf</run_address>
         <size>0x1294</size>
         <input_file_ref idref="fl-5"/>
      </object_component>
      <object_component id="oc-1ff">
         <name>.debug_info</name>
         <load_address>0x6173</load_address>
         <run_address>0x6173</run_address>
         <size>0x11d</size>
         <input_file_ref idref="fl-5"/>
      </object_component>
      <object_component id="oc-112">
         <name>.debug_info</name>
         <load_address>0x6290</load_address>
         <run_address>0x6290</run_address>
         <size>0x244</size>
         <input_file_ref idref="fl-6"/>
      </object_component>
      <object_component id="oc-a4">
         <name>.debug_info</name>
         <load_address>0x64d4</load_address>
         <run_address>0x64d4</run_address>
         <size>0x2c</size>
         <input_file_ref idref="fl-6"/>
      </object_component>
      <object_component id="oc-c9">
         <name>.debug_info</name>
         <load_address>0x6500</load_address>
         <run_address>0x6500</run_address>
         <size>0x471</size>
         <input_file_ref idref="fl-7"/>
      </object_component>
      <object_component id="oc-108">
         <name>.debug_info</name>
         <load_address>0x6971</load_address>
         <run_address>0x6971</run_address>
         <size>0x14f</size>
         <input_file_ref idref="fl-7"/>
      </object_component>
      <object_component id="oc-105">
         <name>.debug_info</name>
         <load_address>0x6ac0</load_address>
         <run_address>0x6ac0</run_address>
         <size>0x18c</size>
         <input_file_ref idref="fl-7"/>
      </object_component>
      <object_component id="oc-73">
         <name>.debug_info</name>
         <load_address>0x6c4c</load_address>
         <run_address>0x6c4c</run_address>
         <size>0x407</size>
         <input_file_ref idref="fl-7"/>
      </object_component>
      <object_component id="oc-dc">
         <name>.debug_info</name>
         <load_address>0x7053</load_address>
         <run_address>0x7053</run_address>
         <size>0xedd</size>
         <input_file_ref idref="fl-7"/>
      </object_component>
      <object_component id="oc-127">
         <name>.debug_info</name>
         <load_address>0x7f30</load_address>
         <run_address>0x7f30</run_address>
         <size>0x517</size>
         <input_file_ref idref="fl-a"/>
      </object_component>
      <object_component id="oc-121">
         <name>.debug_info</name>
         <load_address>0x8447</load_address>
         <run_address>0x8447</run_address>
         <size>0x13b</size>
         <input_file_ref idref="fl-a"/>
      </object_component>
      <object_component id="oc-11e">
         <name>.debug_info</name>
         <load_address>0x8582</load_address>
         <run_address>0x8582</run_address>
         <size>0x138</size>
         <input_file_ref idref="fl-a"/>
      </object_component>
      <object_component id="oc-c2">
         <name>.debug_info</name>
         <load_address>0x86ba</load_address>
         <run_address>0x86ba</run_address>
         <size>0x6af</size>
         <input_file_ref idref="fl-a"/>
      </object_component>
      <object_component id="oc-124">
         <name>.debug_info</name>
         <load_address>0x8d69</load_address>
         <run_address>0x8d69</run_address>
         <size>0x5df</size>
         <input_file_ref idref="fl-b"/>
      </object_component>
      <object_component id="oc-10c">
         <name>.debug_info</name>
         <load_address>0x9348</load_address>
         <run_address>0x9348</run_address>
         <size>0xc44</size>
         <input_file_ref idref="fl-b"/>
      </object_component>
      <object_component id="oc-166">
         <name>.debug_info</name>
         <load_address>0x9f8c</load_address>
         <run_address>0x9f8c</run_address>
         <size>0x87</size>
         <input_file_ref idref="fl-b"/>
      </object_component>
      <object_component id="oc-2b">
         <name>.debug_info</name>
         <load_address>0xa013</load_address>
         <run_address>0xa013</run_address>
         <size>0x26a</size>
         <input_file_ref idref="fl-d"/>
      </object_component>
      <object_component id="oc-f6">
         <name>.debug_info</name>
         <load_address>0xa27d</load_address>
         <run_address>0xa27d</run_address>
         <size>0x2fd</size>
         <input_file_ref idref="fl-10"/>
      </object_component>
      <object_component id="oc-b0">
         <name>.debug_info</name>
         <load_address>0xa57a</load_address>
         <run_address>0xa57a</run_address>
         <size>0xb30</size>
         <input_file_ref idref="fl-10"/>
      </object_component>
      <object_component id="oc-146">
         <name>.debug_info</name>
         <load_address>0xb0aa</load_address>
         <run_address>0xb0aa</run_address>
         <size>0x69</size>
         <input_file_ref idref="fl-10"/>
      </object_component>
      <object_component id="oc-8b">
         <name>.debug_info</name>
         <load_address>0xb113</load_address>
         <run_address>0xb113</run_address>
         <size>0x33b</size>
         <input_file_ref idref="fl-12"/>
      </object_component>
      <object_component id="oc-100">
         <name>.debug_info</name>
         <load_address>0xb44e</load_address>
         <run_address>0xb44e</run_address>
         <size>0x2fa</size>
         <input_file_ref idref="fl-13"/>
      </object_component>
      <object_component id="oc-b6">
         <name>.debug_info</name>
         <load_address>0xb748</load_address>
         <run_address>0xb748</run_address>
         <size>0xc83</size>
         <input_file_ref idref="fl-13"/>
      </object_component>
      <object_component id="oc-118">
         <name>.debug_info</name>
         <load_address>0xc3cb</load_address>
         <run_address>0xc3cb</run_address>
         <size>0x3f3</size>
         <input_file_ref idref="fl-14"/>
      </object_component>
      <object_component id="oc-62">
         <name>.debug_info</name>
         <load_address>0xc7be</load_address>
         <run_address>0xc7be</run_address>
         <size>0x7eb</size>
         <input_file_ref idref="fl-15"/>
      </object_component>
      <object_component id="oc-34">
         <name>.debug_info</name>
         <load_address>0xcfa9</load_address>
         <run_address>0xcfa9</run_address>
         <size>0x194</size>
         <input_file_ref idref="fl-16"/>
      </object_component>
      <object_component id="oc-39">
         <name>.debug_info</name>
         <load_address>0xd13d</load_address>
         <run_address>0xd13d</run_address>
         <size>0x1eb</size>
         <input_file_ref idref="fl-17"/>
      </object_component>
      <object_component id="oc-84">
         <name>.debug_info</name>
         <load_address>0xd328</load_address>
         <run_address>0xd328</run_address>
         <size>0x636</size>
         <input_file_ref idref="fl-18"/>
      </object_component>
      <object_component id="oc-31">
         <name>.debug_info</name>
         <load_address>0xd95e</load_address>
         <run_address>0xd95e</run_address>
         <size>0x142</size>
         <input_file_ref idref="fl-18"/>
      </object_component>
      <object_component id="oc-22">
         <name>.debug_info</name>
         <load_address>0xdaa0</load_address>
         <run_address>0xdaa0</run_address>
         <size>0x3a2</size>
         <input_file_ref idref="fl-18"/>
      </object_component>
      <object_component id="oc-d7">
         <name>.debug_info</name>
         <load_address>0xde42</load_address>
         <run_address>0xde42</run_address>
         <size>0x2bc</size>
         <input_file_ref idref="fl-18"/>
      </object_component>
      <object_component id="oc-85">
         <name>.debug_info</name>
         <load_address>0xe0fe</load_address>
         <run_address>0xe0fe</run_address>
         <size>0x5c</size>
         <input_file_ref idref="fl-18"/>
      </object_component>
      <object_component id="oc-67">
         <name>.debug_info</name>
         <load_address>0xe15a</load_address>
         <run_address>0xe15a</run_address>
         <size>0x6c5</size>
         <input_file_ref idref="fl-19"/>
      </object_component>
      <object_component id="oc-15b">
         <name>.debug_info</name>
         <load_address>0xe81f</load_address>
         <run_address>0xe81f</run_address>
         <size>0x18c</size>
         <input_file_ref idref="fl-1a"/>
      </object_component>
      <object_component id="oc-1d4">
         <name>.debug_info</name>
         <load_address>0xe9ab</load_address>
         <run_address>0xe9ab</run_address>
         <size>0x253</size>
         <input_file_ref idref="fl-21"/>
      </object_component>
      <object_component id="oc-18f">
         <name>.debug_info</name>
         <load_address>0xebfe</load_address>
         <run_address>0xebfe</run_address>
         <size>0x24a</size>
         <input_file_ref idref="fl-21"/>
      </object_component>
      <object_component id="oc-1bc">
         <name>.debug_info</name>
         <load_address>0xee48</load_address>
         <run_address>0xee48</run_address>
         <size>0xe55</size>
         <input_file_ref idref="fl-21"/>
      </object_component>
      <object_component id="oc-218">
         <name>.debug_info</name>
         <load_address>0xfc9d</load_address>
         <run_address>0xfc9d</run_address>
         <size>0x26d5</size>
         <input_file_ref idref="fl-21"/>
      </object_component>
      <object_component id="oc-213">
         <name>.debug_info</name>
         <load_address>0x12372</load_address>
         <run_address>0x12372</run_address>
         <size>0x1bff</size>
         <input_file_ref idref="fl-21"/>
      </object_component>
      <object_component id="oc-1cc">
         <name>.debug_info</name>
         <load_address>0x13f71</load_address>
         <run_address>0x13f71</run_address>
         <size>0x266</size>
         <input_file_ref idref="fl-22"/>
      </object_component>
      <object_component id="oc-189">
         <name>.debug_info</name>
         <load_address>0x141d7</load_address>
         <run_address>0x141d7</run_address>
         <size>0x26a</size>
         <input_file_ref idref="fl-22"/>
      </object_component>
      <object_component id="oc-1c1">
         <name>.debug_info</name>
         <load_address>0x14441</load_address>
         <run_address>0x14441</run_address>
         <size>0x2d4</size>
         <input_file_ref idref="fl-23"/>
      </object_component>
      <object_component id="oc-1aa">
         <name>.debug_info</name>
         <load_address>0x14715</load_address>
         <run_address>0x14715</run_address>
         <size>0x232</size>
         <input_file_ref idref="fl-23"/>
      </object_component>
      <object_component id="oc-17b">
         <name>.debug_info</name>
         <load_address>0x14947</load_address>
         <run_address>0x14947</run_address>
         <size>0x3f8</size>
         <input_file_ref idref="fl-23"/>
      </object_component>
      <object_component id="oc-224">
         <name>.debug_info</name>
         <load_address>0x14d3f</load_address>
         <run_address>0x14d3f</run_address>
         <size>0x218</size>
         <input_file_ref idref="fl-24"/>
      </object_component>
      <object_component id="oc-1d0">
         <name>.debug_info</name>
         <load_address>0x14f57</load_address>
         <run_address>0x14f57</run_address>
         <size>0x1b7</size>
         <input_file_ref idref="fl-24"/>
      </object_component>
      <object_component id="oc-20e">
         <name>.debug_info</name>
         <load_address>0x1510e</load_address>
         <run_address>0x1510e</run_address>
         <size>0x278</size>
         <input_file_ref idref="fl-25"/>
      </object_component>
      <object_component id="oc-1b3">
         <name>.debug_info</name>
         <load_address>0x15386</load_address>
         <run_address>0x15386</run_address>
         <size>0x1d6</size>
         <input_file_ref idref="fl-25"/>
      </object_component>
      <object_component id="oc-1b7">
         <name>.debug_info</name>
         <load_address>0x1555c</load_address>
         <run_address>0x1555c</run_address>
         <size>0x1ce</size>
         <input_file_ref idref="fl-25"/>
      </object_component>
      <object_component id="oc-1c4">
         <name>.debug_info</name>
         <load_address>0x1572a</load_address>
         <run_address>0x1572a</run_address>
         <size>0x27c</size>
         <input_file_ref idref="fl-26"/>
      </object_component>
      <object_component id="oc-181">
         <name>.debug_info</name>
         <load_address>0x159a6</load_address>
         <run_address>0x159a6</run_address>
         <size>0x328</size>
         <input_file_ref idref="fl-26"/>
      </object_component>
      <object_component id="oc-1dc">
         <name>.debug_info</name>
         <load_address>0x15cce</load_address>
         <run_address>0x15cce</run_address>
         <size>0x296</size>
         <input_file_ref idref="fl-27"/>
      </object_component>
      <object_component id="oc-193">
         <name>.debug_info</name>
         <load_address>0x15f64</load_address>
         <run_address>0x15f64</run_address>
         <size>0x61b</size>
         <input_file_ref idref="fl-27"/>
      </object_component>
      <object_component id="oc-1dd">
         <name>.debug_info</name>
         <load_address>0x1657f</load_address>
         <run_address>0x1657f</run_address>
         <size>0x72</size>
         <input_file_ref idref="fl-27"/>
      </object_component>
      <object_component id="oc-1f5">
         <name>.debug_info</name>
         <load_address>0x165f1</load_address>
         <run_address>0x165f1</run_address>
         <size>0x2cd</size>
         <input_file_ref idref="fl-28"/>
      </object_component>
      <object_component id="oc-19c">
         <name>.debug_info</name>
         <load_address>0x168be</load_address>
         <run_address>0x168be</run_address>
         <size>0x2fb</size>
         <input_file_ref idref="fl-28"/>
      </object_component>
      <object_component id="oc-23a">
         <name>.debug_info</name>
         <load_address>0x16bb9</load_address>
         <run_address>0x16bb9</run_address>
         <size>0x243</size>
         <input_file_ref idref="fl-29"/>
      </object_component>
      <object_component id="oc-1ea">
         <name>.debug_info</name>
         <load_address>0x16dfc</load_address>
         <run_address>0x16dfc</run_address>
         <size>0x1a1</size>
         <input_file_ref idref="fl-29"/>
      </object_component>
      <object_component id="oc-228">
         <name>.debug_info</name>
         <load_address>0x16f9d</load_address>
         <run_address>0x16f9d</run_address>
         <size>0x212</size>
         <input_file_ref idref="fl-2a"/>
      </object_component>
      <object_component id="oc-1d9">
         <name>.debug_info</name>
         <load_address>0x171af</load_address>
         <run_address>0x171af</run_address>
         <size>0x1c9</size>
         <input_file_ref idref="fl-2a"/>
      </object_component>
      <object_component id="oc-20a">
         <name>.debug_info</name>
         <load_address>0x17378</load_address>
         <run_address>0x17378</run_address>
         <size>0x212</size>
         <input_file_ref idref="fl-2b"/>
      </object_component>
      <object_component id="oc-1a7">
         <name>.debug_info</name>
         <load_address>0x1758a</load_address>
         <run_address>0x1758a</run_address>
         <size>0x223</size>
         <input_file_ref idref="fl-2b"/>
      </object_component>
      <object_component id="oc-220">
         <name>.debug_info</name>
         <load_address>0x177ad</load_address>
         <run_address>0x177ad</run_address>
         <size>0x213</size>
         <input_file_ref idref="fl-2c"/>
      </object_component>
      <object_component id="oc-1c8">
         <name>.debug_info</name>
         <load_address>0x179c0</load_address>
         <run_address>0x179c0</run_address>
         <size>0x1b0</size>
         <input_file_ref idref="fl-2c"/>
      </object_component>
      <object_component id="oc-232">
         <name>.debug_info</name>
         <load_address>0x17b70</load_address>
         <run_address>0x17b70</run_address>
         <size>0x281</size>
         <input_file_ref idref="fl-2d"/>
      </object_component>
      <object_component id="oc-1f2">
         <name>.debug_info</name>
         <load_address>0x17df1</load_address>
         <run_address>0x17df1</run_address>
         <size>0x1a8</size>
         <input_file_ref idref="fl-2d"/>
      </object_component>
      <object_component id="oc-1e5">
         <name>.debug_info</name>
         <load_address>0x17f99</load_address>
         <run_address>0x17f99</run_address>
         <size>0x22f</size>
         <input_file_ref idref="fl-2d"/>
      </object_component>
      <object_component id="oc-250">
         <name>.debug_info</name>
         <load_address>0x181c8</load_address>
         <run_address>0x181c8</run_address>
         <size>0x236</size>
         <input_file_ref idref="fl-2e"/>
      </object_component>
      <object_component id="oc-22c">
         <name>.debug_info</name>
         <load_address>0x183fe</load_address>
         <run_address>0x183fe</run_address>
         <size>0x185</size>
         <input_file_ref idref="fl-2e"/>
      </object_component>
      <object_component id="oc-259">
         <name>.debug_info</name>
         <load_address>0x18583</load_address>
         <run_address>0x18583</run_address>
         <size>0x20a</size>
         <input_file_ref idref="fl-2f"/>
      </object_component>
      <object_component id="oc-24c">
         <name>.debug_info</name>
         <load_address>0x1878d</load_address>
         <run_address>0x1878d</run_address>
         <size>0x1d2</size>
         <input_file_ref idref="fl-2f"/>
      </object_component>
      <object_component id="oc-9a">
         <name>.debug_info</name>
         <load_address>0x1895f</load_address>
         <run_address>0x1895f</run_address>
         <size>0x293</size>
         <input_file_ref idref="fl-31"/>
      </object_component>
      <object_component id="oc-10">
         <name>.debug_info</name>
         <load_address>0x18bf2</load_address>
         <run_address>0x18bf2</run_address>
         <size>0x245</size>
         <input_file_ref idref="fl-31"/>
      </object_component>
      <object_component id="oc-3f">
         <name>.debug_info</name>
         <load_address>0x18e37</load_address>
         <run_address>0x18e37</run_address>
         <size>0x60</size>
         <input_file_ref idref="fl-31"/>
      </object_component>
      <object_component id="oc-95">
         <name>.debug_info</name>
         <load_address>0x18e97</load_address>
         <run_address>0x18e97</run_address>
         <size>0x46</size>
         <input_file_ref idref="fl-31"/>
      </object_component>
      <object_component id="oc-54">
         <name>.debug_info</name>
         <load_address>0x18edd</load_address>
         <run_address>0x18edd</run_address>
         <size>0x2d5</size>
         <input_file_ref idref="fl-32"/>
      </object_component>
      <object_component id="oc-19">
         <name>.debug_info</name>
         <load_address>0x191b2</load_address>
         <run_address>0x191b2</run_address>
         <size>0x1ca</size>
         <input_file_ref idref="fl-32"/>
      </object_component>
      <object_component id="oc-4f">
         <name>.debug_info</name>
         <load_address>0x1937c</load_address>
         <run_address>0x1937c</run_address>
         <size>0x46</size>
         <input_file_ref idref="fl-32"/>
      </object_component>
      <object_component id="oc-9c">
         <name>.debug_info</name>
         <load_address>0x193c2</load_address>
         <run_address>0x193c2</run_address>
         <size>0x2c</size>
         <input_file_ref idref="fl-32"/>
      </object_component>
      <object_component id="oc-60">
         <name>.debug_info</name>
         <load_address>0x193ee</load_address>
         <run_address>0x193ee</run_address>
         <size>0x2c9</size>
         <input_file_ref idref="fl-33"/>
      </object_component>
      <object_component id="oc-1e">
         <name>.debug_info</name>
         <load_address>0x196b7</load_address>
         <run_address>0x196b7</run_address>
         <size>0x1aa</size>
         <input_file_ref idref="fl-33"/>
      </object_component>
      <object_component id="oc-5b">
         <name>.debug_info</name>
         <load_address>0x19861</load_address>
         <run_address>0x19861</run_address>
         <size>0x46</size>
         <input_file_ref idref="fl-33"/>
      </object_component>
      <object_component id="oc-ae">
         <name>.debug_info</name>
         <load_address>0x198a7</load_address>
         <run_address>0x198a7</run_address>
         <size>0x37a</size>
         <input_file_ref idref="fl-34"/>
      </object_component>
      <object_component id="oc-6d">
         <name>.debug_info</name>
         <load_address>0x19c21</load_address>
         <run_address>0x19c21</run_address>
         <size>0x183</size>
         <input_file_ref idref="fl-34"/>
      </object_component>
      <object_component id="oc-eb">
         <name>.debug_info</name>
         <load_address>0x19da4</load_address>
         <run_address>0x19da4</run_address>
         <size>0x2c</size>
         <input_file_ref idref="fl-34"/>
      </object_component>
      <object_component id="oc-13f">
         <name>.debug_info</name>
         <load_address>0x19dd0</load_address>
         <run_address>0x19dd0</run_address>
         <size>0x39</size>
         <input_file_ref idref="fl-34"/>
      </object_component>
      <object_component id="oc-f0">
         <name>.debug_info</name>
         <load_address>0x19e09</load_address>
         <run_address>0x19e09</run_address>
         <size>0xcd</size>
         <input_file_ref idref="fl-34"/>
      </object_component>
      <object_component id="oc-d3">
         <name>.debug_info</name>
         <load_address>0x19ed6</load_address>
         <run_address>0x19ed6</run_address>
         <size>0x3ce</size>
         <input_file_ref idref="fl-35"/>
      </object_component>
      <object_component id="oc-cd">
         <name>.debug_info</name>
         <load_address>0x1a2a4</load_address>
         <run_address>0x1a2a4</run_address>
         <size>0x185</size>
         <input_file_ref idref="fl-35"/>
      </object_component>
      <object_component id="oc-79">
         <name>.debug_info</name>
         <load_address>0x1a429</load_address>
         <run_address>0x1a429</run_address>
         <size>0x214</size>
         <input_file_ref idref="fl-35"/>
      </object_component>
      <object_component id="oc-4b">
         <name>.debug_info</name>
         <load_address>0x1a63d</load_address>
         <run_address>0x1a63d</run_address>
         <size>0x111</size>
         <input_file_ref idref="fl-36"/>
      </object_component>
      <object_component id="oc-58">
         <name>.debug_info</name>
         <load_address>0x1a74e</load_address>
         <run_address>0x1a74e</run_address>
         <size>0x13f</size>
         <input_file_ref idref="fl-37"/>
      </object_component>
      <object_component id="oc-fa">
         <name>.debug_info</name>
         <load_address>0x1a88d</load_address>
         <run_address>0x1a88d</run_address>
         <size>0x149</size>
         <input_file_ref idref="fl-38"/>
      </object_component>
      <object_component id="oc-13b">
         <name>.debug_info</name>
         <load_address>0x1a9d6</load_address>
         <run_address>0x1a9d6</run_address>
         <size>0x2be</size>
         <input_file_ref idref="fl-39"/>
      </object_component>
      <object_component id="oc-d0">
         <name>.debug_info</name>
         <load_address>0x1ac94</load_address>
         <run_address>0x1ac94</run_address>
         <size>0x113</size>
         <input_file_ref idref="fl-39"/>
      </object_component>
      <object_component id="oc-134">
         <name>.debug_info</name>
         <load_address>0x1ada7</load_address>
         <run_address>0x1ada7</run_address>
         <size>0x21f</size>
         <input_file_ref idref="fl-39"/>
      </object_component>
      <object_component id="oc-14c">
         <name>.debug_info</name>
         <load_address>0x1afc6</load_address>
         <run_address>0x1afc6</run_address>
         <size>0x147</size>
         <input_file_ref idref="fl-3a"/>
      </object_component>
      <object_component id="oc-282">
         <name>.debug_info</name>
         <load_address>0x1b10d</load_address>
         <run_address>0x1b10d</run_address>
         <size>0x234</size>
      </object_component>
      <object_component id="oc-257">
         <name>.debug_line</name>
         <load_address>0x0</load_address>
         <run_address>0x0</run_address>
         <size>0x20</size>
         <input_file_ref idref="fl-2"/>
      </object_component>
      <object_component id="oc-237">
         <name>.debug_line</name>
         <load_address>0x20</load_address>
         <run_address>0x20</run_address>
         <size>0x8e</size>
         <input_file_ref idref="fl-2"/>
      </object_component>
      <object_component id="oc-1fd">
         <name>.debug_line</name>
         <load_address>0xae</load_address>
         <run_address>0xae</run_address>
         <size>0x6e</size>
         <input_file_ref idref="fl-2"/>
      </object_component>
      <object_component id="oc-207">
         <name>.debug_line</name>
         <load_address>0x11c</load_address>
         <run_address>0x11c</run_address>
         <size>0x79</size>
         <input_file_ref idref="fl-2"/>
      </object_component>
      <object_component id="oc-47">
         <name>.debug_line</name>
         <load_address>0x195</load_address>
         <run_address>0x195</run_address>
         <size>0x20</size>
         <input_file_ref idref="fl-2"/>
      </object_component>
      <object_component id="oc-82">
         <name>.debug_line</name>
         <load_address>0x1b5</load_address>
         <run_address>0x1b5</run_address>
         <size>0x65</size>
         <input_file_ref idref="fl-2"/>
      </object_component>
      <object_component id="oc-155">
         <name>.debug_line</name>
         <load_address>0x21a</load_address>
         <run_address>0x21a</run_address>
         <size>0x68</size>
         <input_file_ref idref="fl-3"/>
      </object_component>
      <object_component id="oc-bf">
         <name>.debug_line</name>
         <load_address>0x282</load_address>
         <run_address>0x282</run_address>
         <size>0xb0</size>
         <input_file_ref idref="fl-3"/>
      </object_component>
      <object_component id="oc-e4">
         <name>.debug_line</name>
         <load_address>0x332</load_address>
         <run_address>0x332</run_address>
         <size>0x66</size>
         <input_file_ref idref="fl-3"/>
      </object_component>
      <object_component id="oc-12f">
         <name>.debug_line</name>
         <load_address>0x398</load_address>
         <run_address>0x398</run_address>
         <size>0x66</size>
         <input_file_ref idref="fl-3"/>
      </object_component>
      <object_component id="oc-1f9">
         <name>.debug_line</name>
         <load_address>0x3fe</load_address>
         <run_address>0x3fe</run_address>
         <size>0x76</size>
         <input_file_ref idref="fl-5"/>
      </object_component>
      <object_component id="oc-1f7">
         <name>.debug_line</name>
         <load_address>0x474</load_address>
         <run_address>0x474</run_address>
         <size>0x6d</size>
         <input_file_ref idref="fl-5"/>
      </object_component>
      <object_component id="oc-163">
         <name>.debug_line</name>
         <load_address>0x4e1</load_address>
         <run_address>0x4e1</run_address>
         <size>0x296</size>
         <input_file_ref idref="fl-5"/>
      </object_component>
      <object_component id="oc-202">
         <name>.debug_line</name>
         <load_address>0x777</load_address>
         <run_address>0x777</run_address>
         <size>0x6d</size>
         <input_file_ref idref="fl-5"/>
      </object_component>
      <object_component id="oc-115">
         <name>.debug_line</name>
         <load_address>0x7e4</load_address>
         <run_address>0x7e4</run_address>
         <size>0xab</size>
         <input_file_ref idref="fl-6"/>
      </object_component>
      <object_component id="oc-a7">
         <name>.debug_line</name>
         <load_address>0x88f</load_address>
         <run_address>0x88f</run_address>
         <size>0x65</size>
         <input_file_ref idref="fl-6"/>
      </object_component>
      <object_component id="oc-12b">
         <name>.debug_line</name>
         <load_address>0x8f4</load_address>
         <run_address>0x8f4</run_address>
         <size>0x186</size>
         <input_file_ref idref="fl-7"/>
      </object_component>
      <object_component id="oc-159">
         <name>.debug_line</name>
         <load_address>0xa7a</load_address>
         <run_address>0xa7a</run_address>
         <size>0x67</size>
         <input_file_ref idref="fl-7"/>
      </object_component>
      <object_component id="oc-157">
         <name>.debug_line</name>
         <load_address>0xae1</load_address>
         <run_address>0xae1</run_address>
         <size>0x67</size>
         <input_file_ref idref="fl-7"/>
      </object_component>
      <object_component id="oc-76">
         <name>.debug_line</name>
         <load_address>0xb48</load_address>
         <run_address>0xb48</run_address>
         <size>0xc3</size>
         <input_file_ref idref="fl-7"/>
      </object_component>
      <object_component id="oc-df">
         <name>.debug_line</name>
         <load_address>0xc0b</load_address>
         <run_address>0xc0b</run_address>
         <size>0x66</size>
         <input_file_ref idref="fl-7"/>
      </object_component>
      <object_component id="oc-174">
         <name>.debug_line</name>
         <load_address>0xc71</load_address>
         <run_address>0xc71</run_address>
         <size>0x145</size>
         <input_file_ref idref="fl-a"/>
      </object_component>
      <object_component id="oc-170">
         <name>.debug_line</name>
         <load_address>0xdb6</load_address>
         <run_address>0xdb6</run_address>
         <size>0x67</size>
         <input_file_ref idref="fl-a"/>
      </object_component>
      <object_component id="oc-16e">
         <name>.debug_line</name>
         <load_address>0xe1d</load_address>
         <run_address>0xe1d</run_address>
         <size>0x67</size>
         <input_file_ref idref="fl-a"/>
      </object_component>
      <object_component id="oc-c5">
         <name>.debug_line</name>
         <load_address>0xe84</load_address>
         <run_address>0xe84</run_address>
         <size>0x128</size>
         <input_file_ref idref="fl-a"/>
      </object_component>
      <object_component id="oc-172">
         <name>.debug_line</name>
         <load_address>0xfac</load_address>
         <run_address>0xfac</run_address>
         <size>0x144</size>
         <input_file_ref idref="fl-b"/>
      </object_component>
      <object_component id="oc-10f">
         <name>.debug_line</name>
         <load_address>0x10f0</load_address>
         <run_address>0x10f0</run_address>
         <size>0x2c1</size>
         <input_file_ref idref="fl-b"/>
      </object_component>
      <object_component id="oc-169">
         <name>.debug_line</name>
         <load_address>0x13b1</load_address>
         <run_address>0x13b1</run_address>
         <size>0x69</size>
         <input_file_ref idref="fl-b"/>
      </object_component>
      <object_component id="oc-2e">
         <name>.debug_line</name>
         <load_address>0x141a</load_address>
         <run_address>0x141a</run_address>
         <size>0xac</size>
         <input_file_ref idref="fl-d"/>
      </object_component>
      <object_component id="oc-145">
         <name>.debug_line</name>
         <load_address>0x14c6</load_address>
         <run_address>0x14c6</run_address>
         <size>0x66</size>
         <input_file_ref idref="fl-10"/>
      </object_component>
      <object_component id="oc-b3">
         <name>.debug_line</name>
         <load_address>0x152c</load_address>
         <run_address>0x152c</run_address>
         <size>0x1d5</size>
         <input_file_ref idref="fl-10"/>
      </object_component>
      <object_component id="oc-149">
         <name>.debug_line</name>
         <load_address>0x1701</load_address>
         <run_address>0x1701</run_address>
         <size>0x66</size>
         <input_file_ref idref="fl-10"/>
      </object_component>
      <object_component id="oc-8e">
         <name>.debug_line</name>
         <load_address>0x1767</load_address>
         <run_address>0x1767</run_address>
         <size>0x8f</size>
         <input_file_ref idref="fl-12"/>
      </object_component>
      <object_component id="oc-153">
         <name>.debug_line</name>
         <load_address>0x17f6</load_address>
         <run_address>0x17f6</run_address>
         <size>0x20</size>
         <input_file_ref idref="fl-13"/>
      </object_component>
      <object_component id="oc-b9">
         <name>.debug_line</name>
         <load_address>0x1816</load_address>
         <run_address>0x1816</run_address>
         <size>0x29d</size>
         <input_file_ref idref="fl-13"/>
      </object_component>
      <object_component id="oc-11b">
         <name>.debug_line</name>
         <load_address>0x1ab3</load_address>
         <run_address>0x1ab3</run_address>
         <size>0xa7</size>
         <input_file_ref idref="fl-14"/>
      </object_component>
      <object_component id="oc-65">
         <name>.debug_line</name>
         <load_address>0x1b5a</load_address>
         <run_address>0x1b5a</run_address>
         <size>0x20a</size>
         <input_file_ref idref="fl-15"/>
      </object_component>
      <object_component id="oc-37">
         <name>.debug_line</name>
         <load_address>0x1d64</load_address>
         <run_address>0x1d64</run_address>
         <size>0x7f</size>
         <input_file_ref idref="fl-16"/>
      </object_component>
      <object_component id="oc-3c">
         <name>.debug_line</name>
         <load_address>0x1de3</load_address>
         <run_address>0x1de3</run_address>
         <size>0x7d</size>
         <input_file_ref idref="fl-17"/>
      </object_component>
      <object_component id="oc-d6">
         <name>.debug_line</name>
         <load_address>0x1e60</load_address>
         <run_address>0x1e60</run_address>
         <size>0x140</size>
         <input_file_ref idref="fl-18"/>
      </object_component>
      <object_component id="oc-92">
         <name>.debug_line</name>
         <load_address>0x1fa0</load_address>
         <run_address>0x1fa0</run_address>
         <size>0x6b</size>
         <input_file_ref idref="fl-18"/>
      </object_component>
      <object_component id="oc-25">
         <name>.debug_line</name>
         <load_address>0x200b</load_address>
         <run_address>0x200b</run_address>
         <size>0x10a</size>
         <input_file_ref idref="fl-18"/>
      </object_component>
      <object_component id="oc-da">
         <name>.debug_line</name>
         <load_address>0x2115</load_address>
         <run_address>0x2115</run_address>
         <size>0x67</size>
         <input_file_ref idref="fl-18"/>
      </object_component>
      <object_component id="oc-88">
         <name>.debug_line</name>
         <load_address>0x217c</load_address>
         <run_address>0x217c</run_address>
         <size>0x6b</size>
         <input_file_ref idref="fl-18"/>
      </object_component>
      <object_component id="oc-6a">
         <name>.debug_line</name>
         <load_address>0x21e7</load_address>
         <run_address>0x21e7</run_address>
         <size>0x159</size>
         <input_file_ref idref="fl-19"/>
      </object_component>
      <object_component id="oc-15e">
         <name>.debug_line</name>
         <load_address>0x2340</load_address>
         <run_address>0x2340</run_address>
         <size>0x8f</size>
         <input_file_ref idref="fl-1a"/>
      </object_component>
      <object_component id="oc-226">
         <name>.debug_line</name>
         <load_address>0x23cf</load_address>
         <run_address>0x23cf</run_address>
         <size>0x47</size>
         <input_file_ref idref="fl-21"/>
      </object_component>
      <object_component id="oc-18e">
         <name>.debug_line</name>
         <load_address>0x2416</load_address>
         <run_address>0x2416</run_address>
         <size>0x5e</size>
         <input_file_ref idref="fl-21"/>
      </object_component>
      <object_component id="oc-1bf">
         <name>.debug_line</name>
         <load_address>0x2474</load_address>
         <run_address>0x2474</run_address>
         <size>0x3f</size>
         <input_file_ref idref="fl-21"/>
      </object_component>
      <object_component id="oc-21b">
         <name>.debug_line</name>
         <load_address>0x24b3</load_address>
         <run_address>0x24b3</run_address>
         <size>0x4a</size>
         <input_file_ref idref="fl-21"/>
      </object_component>
      <object_component id="oc-216">
         <name>.debug_line</name>
         <load_address>0x24fd</load_address>
         <run_address>0x24fd</run_address>
         <size>0x4f</size>
         <input_file_ref idref="fl-21"/>
      </object_component>
      <object_component id="oc-222">
         <name>.debug_line</name>
         <load_address>0x254c</load_address>
         <run_address>0x254c</run_address>
         <size>0x47</size>
         <input_file_ref idref="fl-22"/>
      </object_component>
      <object_component id="oc-18b">
         <name>.debug_line</name>
         <load_address>0x2593</load_address>
         <run_address>0x2593</run_address>
         <size>0x8f</size>
         <input_file_ref idref="fl-22"/>
      </object_component>
      <object_component id="oc-212">
         <name>.debug_line</name>
         <load_address>0x2622</load_address>
         <run_address>0x2622</run_address>
         <size>0x6e</size>
         <input_file_ref idref="fl-23"/>
      </object_component>
      <object_component id="oc-1ad">
         <name>.debug_line</name>
         <load_address>0x2690</load_address>
         <run_address>0x2690</run_address>
         <size>0x79</size>
         <input_file_ref idref="fl-23"/>
      </object_component>
      <object_component id="oc-17e">
         <name>.debug_line</name>
         <load_address>0x2709</load_address>
         <run_address>0x2709</run_address>
         <size>0x19b</size>
         <input_file_ref idref="fl-23"/>
      </object_component>
      <object_component id="oc-246">
         <name>.debug_line</name>
         <load_address>0x28a4</load_address>
         <run_address>0x28a4</run_address>
         <size>0x20</size>
         <input_file_ref idref="fl-24"/>
      </object_component>
      <object_component id="oc-1cf">
         <name>.debug_line</name>
         <load_address>0x28c4</load_address>
         <run_address>0x28c4</run_address>
         <size>0x69</size>
         <input_file_ref idref="fl-24"/>
      </object_component>
      <object_component id="oc-242">
         <name>.debug_line</name>
         <load_address>0x292d</load_address>
         <run_address>0x292d</run_address>
         <size>0x20</size>
         <input_file_ref idref="fl-25"/>
      </object_component>
      <object_component id="oc-1b1">
         <name>.debug_line</name>
         <load_address>0x294d</load_address>
         <run_address>0x294d</run_address>
         <size>0x63</size>
         <input_file_ref idref="fl-25"/>
      </object_component>
      <object_component id="oc-1ba">
         <name>.debug_line</name>
         <load_address>0x29b0</load_address>
         <run_address>0x29b0</run_address>
         <size>0x65</size>
         <input_file_ref idref="fl-25"/>
      </object_component>
      <object_component id="oc-21e">
         <name>.debug_line</name>
         <load_address>0x2a15</load_address>
         <run_address>0x2a15</run_address>
         <size>0x47</size>
         <input_file_ref idref="fl-26"/>
      </object_component>
      <object_component id="oc-184">
         <name>.debug_line</name>
         <load_address>0x2a5c</load_address>
         <run_address>0x2a5c</run_address>
         <size>0xea</size>
         <input_file_ref idref="fl-26"/>
      </object_component>
      <object_component id="oc-22a">
         <name>.debug_line</name>
         <load_address>0x2b46</load_address>
         <run_address>0x2b46</run_address>
         <size>0x6e</size>
         <input_file_ref idref="fl-27"/>
      </object_component>
      <object_component id="oc-197">
         <name>.debug_line</name>
         <load_address>0x2bb4</load_address>
         <run_address>0x2bb4</run_address>
         <size>0x170</size>
         <input_file_ref idref="fl-27"/>
      </object_component>
      <object_component id="oc-1e0">
         <name>.debug_line</name>
         <load_address>0x2d24</load_address>
         <run_address>0x2d24</run_address>
         <size>0x37</size>
         <input_file_ref idref="fl-27"/>
      </object_component>
      <object_component id="oc-23d">
         <name>.debug_line</name>
         <load_address>0x2d5b</load_address>
         <run_address>0x2d5b</run_address>
         <size>0x3a</size>
         <input_file_ref idref="fl-28"/>
      </object_component>
      <object_component id="oc-199">
         <name>.debug_line</name>
         <load_address>0x2d95</load_address>
         <run_address>0x2d95</run_address>
         <size>0x79</size>
         <input_file_ref idref="fl-28"/>
      </object_component>
      <object_component id="oc-255">
         <name>.debug_line</name>
         <load_address>0x2e0e</load_address>
         <run_address>0x2e0e</run_address>
         <size>0x47</size>
         <input_file_ref idref="fl-29"/>
      </object_component>
      <object_component id="oc-1ec">
         <name>.debug_line</name>
         <load_address>0x2e55</load_address>
         <run_address>0x2e55</run_address>
         <size>0x53</size>
         <input_file_ref idref="fl-29"/>
      </object_component>
      <object_component id="oc-248">
         <name>.debug_line</name>
         <load_address>0x2ea8</load_address>
         <run_address>0x2ea8</run_address>
         <size>0x20</size>
         <input_file_ref idref="fl-2a"/>
      </object_component>
      <object_component id="oc-1d8">
         <name>.debug_line</name>
         <load_address>0x2ec8</load_address>
         <run_address>0x2ec8</run_address>
         <size>0x5e</size>
         <input_file_ref idref="fl-2a"/>
      </object_component>
      <object_component id="oc-240">
         <name>.debug_line</name>
         <load_address>0x2f26</load_address>
         <run_address>0x2f26</run_address>
         <size>0x20</size>
         <input_file_ref idref="fl-2b"/>
      </object_component>
      <object_component id="oc-1a4">
         <name>.debug_line</name>
         <load_address>0x2f46</load_address>
         <run_address>0x2f46</run_address>
         <size>0x71</size>
         <input_file_ref idref="fl-2b"/>
      </object_component>
      <object_component id="oc-244">
         <name>.debug_line</name>
         <load_address>0x2fb7</load_address>
         <run_address>0x2fb7</run_address>
         <size>0x20</size>
         <input_file_ref idref="fl-2c"/>
      </object_component>
      <object_component id="oc-1ca">
         <name>.debug_line</name>
         <load_address>0x2fd7</load_address>
         <run_address>0x2fd7</run_address>
         <size>0x5e</size>
         <input_file_ref idref="fl-2c"/>
      </object_component>
      <object_component id="oc-252">
         <name>.debug_line</name>
         <load_address>0x3035</load_address>
         <run_address>0x3035</run_address>
         <size>0x47</size>
         <input_file_ref idref="fl-2d"/>
      </object_component>
      <object_component id="oc-1f1">
         <name>.debug_line</name>
         <load_address>0x307c</load_address>
         <run_address>0x307c</run_address>
         <size>0x5a</size>
         <input_file_ref idref="fl-2d"/>
      </object_component>
      <object_component id="oc-1e7">
         <name>.debug_line</name>
         <load_address>0x30d6</load_address>
         <run_address>0x30d6</run_address>
         <size>0x78</size>
         <input_file_ref idref="fl-2d"/>
      </object_component>
      <object_component id="oc-25b">
         <name>.debug_line</name>
         <load_address>0x314e</load_address>
         <run_address>0x314e</run_address>
         <size>0x47</size>
         <input_file_ref idref="fl-2e"/>
      </object_component>
      <object_component id="oc-22f">
         <name>.debug_line</name>
         <load_address>0x3195</load_address>
         <run_address>0x3195</run_address>
         <size>0x58</size>
         <input_file_ref idref="fl-2e"/>
      </object_component>
      <object_component id="oc-25d">
         <name>.debug_line</name>
         <load_address>0x31ed</load_address>
         <run_address>0x31ed</run_address>
         <size>0x20</size>
         <input_file_ref idref="fl-2f"/>
      </object_component>
      <object_component id="oc-24a">
         <name>.debug_line</name>
         <load_address>0x320d</load_address>
         <run_address>0x320d</run_address>
         <size>0x6b</size>
         <input_file_ref idref="fl-2f"/>
      </object_component>
      <object_component id="oc-e8">
         <name>.debug_line</name>
         <load_address>0x3278</load_address>
         <run_address>0x3278</run_address>
         <size>0x20</size>
         <input_file_ref idref="fl-31"/>
      </object_component>
      <object_component id="oc-13">
         <name>.debug_line</name>
         <load_address>0x3298</load_address>
         <run_address>0x3298</run_address>
         <size>0xb2</size>
         <input_file_ref idref="fl-31"/>
      </object_component>
      <object_component id="oc-42">
         <name>.debug_line</name>
         <load_address>0x334a</load_address>
         <run_address>0x334a</run_address>
         <size>0x3a</size>
         <input_file_ref idref="fl-31"/>
      </object_component>
      <object_component id="oc-98">
         <name>.debug_line</name>
         <load_address>0x3384</load_address>
         <run_address>0x3384</run_address>
         <size>0x8a</size>
         <input_file_ref idref="fl-31"/>
      </object_component>
      <object_component id="oc-a2">
         <name>.debug_line</name>
         <load_address>0x340e</load_address>
         <run_address>0x340e</run_address>
         <size>0x8a</size>
         <input_file_ref idref="fl-32"/>
      </object_component>
      <object_component id="oc-18">
         <name>.debug_line</name>
         <load_address>0x3498</load_address>
         <run_address>0x3498</run_address>
         <size>0x58</size>
         <input_file_ref idref="fl-32"/>
      </object_component>
      <object_component id="oc-52">
         <name>.debug_line</name>
         <load_address>0x34f0</load_address>
         <run_address>0x34f0</run_address>
         <size>0x3a</size>
         <input_file_ref idref="fl-32"/>
      </object_component>
      <object_component id="oc-9f">
         <name>.debug_line</name>
         <load_address>0x352a</load_address>
         <run_address>0x352a</run_address>
         <size>0x8a</size>
         <input_file_ref idref="fl-32"/>
      </object_component>
      <object_component id="oc-aa">
         <name>.debug_line</name>
         <load_address>0x35b4</load_address>
         <run_address>0x35b4</run_address>
         <size>0x8a</size>
         <input_file_ref idref="fl-33"/>
      </object_component>
[...]
      </symbol>
      <symbol id="sm-d0">
         <name>Fapi_BlockErase</name>
         <value>0x8002170</value>
         <object_component_ref idref="oc-15f"/>
      </symbol>
      <symbol id="sm-d1">
         <name>BLInternalFlashSizeGet</name>
         <value>0x8002030</value>
         <object_component_ref idref="oc-15f"/>
      </symbol>
      <symbol id="sm-d2">
         <name>Fapi_BlockProgram</name>
         <value>0x80023d8</value>
         <object_component_ref idref="oc-15f"/>
      </symbol>
      <symbol id="sm-d3">
         <name>Fapi_UpdateStatusProgram</name>
         <value>0x8002520</value>
         <object_component_ref idref="oc-15f"/>
      </symbol>
      <symbol id="sm-d4">
         <name>BLInternalFlashStartAddrCheck</name>
         <value>0x8002058</value>
         <object_component_ref idref="oc-15f"/>
      </symbol>
      <symbol id="sm-d5">
         <name>BLInternalFlashFirstSectorSizeGet</name>
         <value>0x8002008</value>
         <object_component_ref idref="oc-15f"/>
      </symbol>
      <symbol id="sm-f8">
         <name>run_LED_StartUp</name>
         <value>0x3e64</value>
         <object_component_ref idref="oc-111"/>
      </symbol>
      <symbol id="sm-126">
         <name>g_ulTransferAddress</name>
         <value>0x8003400</value>
      </symbol>
      <symbol id="sm-127">
         <name>ConfigureUartDevice</name>
         <value>0x3fcc</value>
         <object_component_ref idref="oc-72"/>
      </symbol>
      <symbol id="sm-128">
         <name>g_ulUpdateStatusAddr</name>
         <value>0x8003364</value>
         <object_component_ref idref="oc-104"/>
      </symbol>
      <symbol id="sm-129">
         <name>main</name>
         <value>0x3f80</value>
         <object_component_ref idref="oc-72"/>
      </symbol>
      <symbol id="sm-12a">
         <name>delay</name>
         <value>0x3f40</value>
         <object_component_ref idref="oc-72"/>
      </symbol>
      <symbol id="sm-12b">
         <name>g_pulUpdateSuccess</name>
         <value>0x8003328</value>
         <object_component_ref idref="oc-107"/>
      </symbol>
      <symbol id="sm-12c">
         <name>g_ulUpdateBufferSize</name>
         <value>0x8003368</value>
         <object_component_ref idref="oc-104"/>
      </symbol>
      <symbol id="sm-174">
         <name>JumpAddress</name>
         <value>0x80033f8</value>
      </symbol>
      <symbol id="sm-175">
         <name>UART_Upload</name>
         <value>0x278c</value>
         <object_component_ref idref="oc-c1"/>
      </symbol>
      <symbol id="sm-176">
         <name>UpdaterUART</name>
         <value>0x2834</value>
         <object_component_ref idref="oc-c1"/>
      </symbol>
      <symbol id="sm-177">
         <name>tab_1024</name>
         <value>0x8002f28</value>
         <object_component_ref idref="oc-120"/>
      </symbol>
      <symbol id="sm-178">
         <name>UART_Download</name>
         <value>0x26cc</value>
         <object_component_ref idref="oc-c1"/>
      </symbol>
      <symbol id="sm-1e8">
         <name>fileName</name>
         <value>0x8003370</value>
      </symbol>
      <symbol id="sm-1e9">
         <name>SendDataPacket</name>
         <value>0x1ba0</value>
         <object_component_ref idref="oc-10b"/>
      </symbol>
      <symbol id="sm-1ea">
         <name>Ymodem_Receive</name>
         <value>0x1500</value>
         <object_component_ref idref="oc-10b"/>
      </symbol>
      <symbol id="sm-1eb">
         <name>Ymodem_Transmit</name>
         <value>0x1d78</value>
         <object_component_ref idref="oc-10b"/>
      </symbol>
      <symbol id="sm-201">
         <name>esmHighInterrupt</name>
         <value>0x3ac8</value>
         <object_component_ref idref="oc-2a"/>
      </symbol>
      <symbol id="sm-247">
         <name>g_sciTransfer</name>
         <value>0x80033d0</value>
      </symbol>
      <symbol id="sm-248">
         <name>sciIsTxReady</name>
         <value>0x2ef8</value>
         <object_component_ref idref="oc-af"/>
      </symbol>
      <symbol id="sm-249">
         <name>sciIsRxReady</name>
         <value>0x3058</value>
         <object_component_ref idref="oc-af"/>
      </symbol>
      <symbol id="sm-24a">
         <name>sciSetBaudrate</name>
         <value>0x2e7c</value>
         <object_component_ref idref="oc-af"/>
      </symbol>
      <symbol id="sm-24b">
         <name>sciInit</name>
         <value>0x2d24</value>
         <object_component_ref idref="oc-af"/>
      </symbol>
      <symbol id="sm-24c">
         <name>sciReceive</name>
         <value>0x30d4</value>
         <object_component_ref idref="oc-af"/>
      </symbol>
      <symbol id="sm-24d">
         <name>sciSetFunctional</name>
         <value>0x2e5c</value>
         <object_component_ref idref="oc-af"/>
      </symbol>
      <symbol id="sm-24e">
         <name>sciSend</name>
         <value>0x2f44</value>
         <object_component_ref idref="oc-af"/>
      </symbol>
      <symbol id="sm-24f">
         <name>sciRxError</name>
         <value>0x3074</value>
         <object_component_ref idref="oc-af"/>
      </symbol>
      <symbol id="sm-250">
         <name>sciReceiveByte</name>
         <value>0x30a4</value>
         <object_component_ref idref="oc-af"/>
      </symbol>
      <symbol id="sm-251">
         <name>sciSendByte</name>
         <value>0x2f14</value>
         <object_component_ref idref="oc-af"/>
      </symbol>
      <symbol id="sm-25d">
         <name>esmGroup2Notification</name>
         <value>0x42dc</value>
         <object_component_ref idref="oc-8a"/>
      </symbol>
      <symbol id="sm-25e">
         <name>esmGroup1Notification</name>
         <value>0x42cc</value>
         <object_component_ref idref="oc-8a"/>
      </symbol>
      <symbol id="sm-2b1">
         <name>UART_getChar</name>
         <value>0x2410</value>
         <object_component_ref idref="oc-b5"/>
      </symbol>
      <symbol id="sm-2b2">
         <name>UART_txByte</name>
         <value>0x24ec</value>
         <object_component_ref idref="oc-b5"/>
      </symbol>
      <symbol id="sm-2b3">
         <name>UART_rxByte</name>
         <value>0x2474</value>
         <object_component_ref idref="oc-b5"/>
      </symbol>
      <symbol id="sm-2b4">
         <name>UART_putChar</name>
         <value>0x268c</value>
         <object_component_ref idref="oc-b5"/>
      </symbol>
      <symbol id="sm-2b5">
         <name>UART_putString</name>
         <value>0x264c</value>
         <object_component_ref idref="oc-b5"/>
      </symbol>
      <symbol id="sm-2b6">
         <name>UART_getKey</name>
         <value>0x23d4</value>
         <object_component_ref idref="oc-b5"/>
      </symbol>
      <symbol id="sm-2b7">
         <name>Int2Str</name>
         <value>0x1f64</value>
         <object_component_ref idref="oc-b5"/>
      </symbol>
      <symbol id="sm-2b8">
         <name>UART_send32BitData</name>
         <value>0x25ac</value>
         <object_component_ref idref="oc-b5"/>
      </symbol>
      <symbol id="sm-2b9">
         <name>Str2Int</name>
         <value>0x2058</value>
         <object_component_ref idref="oc-b5"/>
      </symbol>
      <symbol id="sm-2ba">
         <name>U32toStr</name>
         <value>0x2520</value>
         <object_component_ref idref="oc-b5"/>
      </symbol>
      <symbol id="sm-2d2">
         <name>get_software_Version</name>
         <value>0x3c20</value>
         <object_component_ref idref="oc-117"/>
      </symbol>
      <symbol id="sm-2d3">
         <name>get_hardware_Info</name>
         <value>0x3c34</value>
         <object_component_ref idref="oc-117"/>
      </symbol>
      <symbol id="sm-2fc">
         <name>_disable_IRQ_interrupt_</name>
         <value>0x3748</value>
         <object_component_ref idref="oc-61"/>
      </symbol>
      <symbol id="sm-2fd">
         <name>_disable_interrupt_</name>
         <value>0x3738</value>
         <object_component_ref idref="oc-61"/>
      </symbol>
      <symbol id="sm-2fe">
         <name>_coreDisableEventBusExport_</name>
         <value>0x36a4</value>
         <object_component_ref idref="oc-61"/>
      </symbol>
      <symbol id="sm-2ff">
         <name>_coreDisableFlashEcc_</name>
         <value>0x3708</value>
         <object_component_ref idref="oc-61"/>
      </symbol>
      <symbol id="sm-300">
         <name>__TI_PINIT_Base</name>
         <value>0x37e0</value>
         <object_component_ref idref="oc-61"/>
      </symbol>
      <symbol id="sm-301">
         <name>_coreInitRegisters_</name>
         <value>0x34f8</value>
         <object_component_ref idref="oc-61"/>
      </symbol>
      <symbol id="sm-302">
         <name>_coreEnableRamEcc_</name>
         <value>0x36bc</value>
         <object_component_ref idref="oc-61"/>
      </symbol>
      <symbol id="sm-303">
         <name>_enable_interrupt_</name>
         <value>0x3750</value>
         <object_component_ref idref="oc-61"/>
      </symbol>
      <symbol id="sm-304">
         <name>_coreDisableRamEcc_</name>
         <value>0x36d4</value>
         <object_component_ref idref="oc-61"/>
      </symbol>
      <symbol id="sm-305">
         <name>__TI_PINIT_Limit</name>
         <value>0x37e4</value>
         <object_component_ref idref="oc-61"/>
      </symbol>
      <symbol id="sm-306">
         <name>_copyAPI2RAM_</name>
         <value>0x35f8</value>
         <object_component_ref idref="oc-61"/>
      </symbol>
      <symbol id="sm-307">
         <name>_coreEnableFlashEcc_</name>
         <value>0x36ec</value>
         <object_component_ref idref="oc-61"/>
      </symbol>
      <symbol id="sm-308">
         <name>_disable_FIQ_interrupt_</name>
         <value>0x3740</value>
         <object_component_ref idref="oc-61"/>
      </symbol>
      <symbol id="sm-309">
         <name>_coreInitStackPointer_</name>
         <value>0x3628</value>
         <object_component_ref idref="oc-61"/>
      </symbol>
      <symbol id="sm-30a">
         <name>_esmCcmErrorsClear_</name>
         <value>0x3758</value>
         <object_component_ref idref="oc-61"/>
      </symbol>
      <symbol id="sm-30b">
         <name>_coreEnableIrqVicOffset_</name>
         <value>0x3720</value>
         <object_component_ref idref="oc-61"/>
      </symbol>
      <symbol id="sm-30c">
         <name>_coreEnableVfp_</name>
         <value>0x3674</value>
         <object_component_ref idref="oc-61"/>
      </symbol>
      <symbol id="sm-30d">
         <name>_coreEnableEventBusExport_</name>
         <value>0x368c</value>
         <object_component_ref idref="oc-61"/>
      </symbol>
      <symbol id="sm-321">
         <name>phantomInterrupt</name>
         <value>0x431c</value>
         <object_component_ref idref="oc-38"/>
      </symbol>
      <symbol id="sm-364">
         <name>_c_int00</name>
         <value>0x37e8</value>
         <object_component_ref idref="oc-21"/>
      </symbol>
      <symbol id="sm-38c">
         <name>trimLPO</name>
         <value>0x3250</value>
         <object_component_ref idref="oc-66"/>
      </symbol>
      <symbol id="sm-38d">
         <name>systemInit</name>
         <value>0x3404</value>
         <object_component_ref idref="oc-66"/>
      </symbol>
      <symbol id="sm-38e">
         <name>periphInit</name>
         <value>0x32d8</value>
         <object_component_ref idref="oc-66"/>
      </symbol>
      <symbol id="sm-38f">
         <name>setupFlash</name>
         <value>0x3298</value>
         <object_component_ref idref="oc-66"/>
      </symbol>
      <symbol id="sm-390">
         <name>setupPLL</name>
         <value>0x3200</value>
         <object_component_ref idref="oc-66"/>
      </symbol>
      <symbol id="sm-391">
         <name>mapClocks</name>
         <value>0x332c</value>
         <object_component_ref idref="oc-66"/>
      </symbol>
      <symbol id="sm-392">
         <name>systemPowerDown</name>
         <value>0x3474</value>
         <object_component_ref idref="oc-66"/>
      </symbol>
      <symbol id="sm-3a1">
         <name>_cal_crc16_</name>
         <value>0x4184</value>
         <object_component_ref idref="oc-15a"/>
      </symbol>
      <symbol id="sm-3c1">
         <name>Fapi_issueAsyncCommandWithAddress</name>
         <value>0x8002e05</value>
         <object_component_ref idref="oc-18c"/>
      </symbol>
      <symbol id="sm-3d2">
         <name>Fapi_enableMainBankSectors</name>
         <value>0x8002c79</value>
         <object_component_ref idref="oc-186"/>
      </symbol>
      <symbol id="sm-3f5">
         <name>Fapi_initializeFlashBanks</name>
         <value>0x8002725</value>
         <object_component_ref idref="oc-17a"/>
      </symbol>
      <symbol id="sm-404">
         <name>_Fapi_issueFsmCommand</name>
         <value>0x8002d91</value>
         <object_component_ref idref="oc-1cd"/>
      </symbol>
      <symbol id="sm-421">
         <name>_scaleMainFclk</name>
         <value>0x8002f05</value>
         <object_component_ref idref="oc-1af"/>
      </symbol>
      <symbol id="sm-422">
         <name>_scaleEEFclk</name>
         <value>0x8002ef5</value>
         <object_component_ref idref="oc-1b5"/>
      </symbol>
      <symbol id="sm-43c">
         <name>Fapi_setActiveFlashBank</name>
         <value>0x8002985</value>
         <object_component_ref idref="oc-180"/>
      </symbol>
      <symbol id="sm-45f">
         <name>Fapi_issueProgrammingCommand</name>
         <value>0x8002b01</value>
         <object_component_ref idref="oc-192"/>
      </symbol>
      <symbol id="sm-46f">
         <name>Fapi_doMarginReadByByte</name>
         <value>0x8002d51</value>
         <object_component_ref idref="oc-198"/>
      </symbol>
      <symbol id="sm-47d">
         <name>_Fapi_checkWdService</name>
         <value>0x8002f15</value>
         <object_component_ref idref="oc-1e8"/>
      </symbol>
      <symbol id="sm-48c">
         <name>Fapi_calculateEcc</name>
         <value>0x8002ed1</value>
         <object_component_ref idref="oc-1d5"/>
      </symbol>
      <symbol id="sm-49b">
         <name>Fapi_calculateFletcherChecksum</name>
         <value>0x8002dcd</value>
         <object_component_ref idref="oc-1a3"/>
      </symbol>
      <symbol id="sm-4aa">
         <name>Fapi_getNumberOfBankSectors</name>
         <value>0x8002ee5</value>
         <object_component_ref idref="oc-1c5"/>
      </symbol>
      <symbol id="sm-4c7">
         <name>_Fapi_enterMarginMode</name>
         <value>0x8002ce9</value>
         <object_component_ref idref="oc-1e2"/>
      </symbol>
      <symbol id="sm-4c8">
         <name>_Fapi_exitMarginMode</name>
         <value>0x8002e65</value>
         <object_component_ref idref="oc-1ee"/>
      </symbol>
      <symbol id="sm-4d5">
         <name>Fapi_flushPipeline</name>
         <value>0x8002e91</value>
         <object_component_ref idref="oc-22b"/>
      </symbol>
      <symbol id="sm-4e5">
         <name>Fapi_waitDelay</name>
         <value>0x8002e35</value>
         <object_component_ref idref="oc-249"/>
      </symbol>
      <symbol id="sm-504">
         <name>__TI_decompress_lzss</name>
         <value>0x4117</value>
         <object_component_ref idref="oc-f"/>
      </symbol>
      <symbol id="sm-51b">
         <name>__TI_decompress_none</name>
         <value>0x4301</value>
         <object_component_ref idref="oc-15"/>
      </symbol>
      <symbol id="sm-52d">
         <name>__TI_zero_init</name>
         <value>0x430f</value>
         <object_component_ref idref="oc-1b"/>
      </symbol>
      <symbol id="sm-551">
         <name>copy_in</name>
         <value>0x4281</value>
         <object_component_ref idref="oc-6c"/>
      </symbol>
      <symbol id="sm-572">
         <name>C$$EXIT</name>
         <value>0x41e1</value>
         <object_component_ref idref="oc-78"/>
      </symbol>
      <symbol id="sm-573">
         <name>abort</name>
         <value>0x41e5</value>
         <object_component_ref idref="oc-78"/>
      </symbol>
      <symbol id="sm-574">
         <name>exit</name>
         <value>0x41ed</value>
         <object_component_ref idref="oc-78"/>
      </symbol>
      <symbol id="sm-575">
         <name>__TI_dtors_ptr</name>
         <value>0x800334c</value>
         <object_component_ref idref="oc-cc"/>
      </symbol>
      <symbol id="sm-576">
         <name>__TI_cleanup_ptr</name>
         <value>0x8003348</value>
         <object_component_ref idref="oc-cc"/>
      </symbol>
      <symbol id="sm-577">
         <name>__TI_enable_exit_profile_output</name>
         <value>0x8003350</value>
         <object_component_ref idref="oc-cc"/>
      </symbol>
      <symbol id="sm-592">
         <name>memcpy</name>
         <value>0x4001</value>
         <object_component_ref idref="oc-49"/>
      </symbol>
      <symbol id="sm-593">
         <name>__aeabi_memcpy</name>
         <value>0x4001</value>
         <object_component_ref idref="oc-49"/>
      </symbol>
      <symbol id="sm-594">
         <name>__aeabi_memcpy8</name>
         <value>0x4001</value>
         <object_component_ref idref="oc-49"/>
      </symbol>
      <symbol id="sm-595">
         <name>__aeabi_memcpy4</name>
         <value>0x4001</value>
         <object_component_ref idref="oc-49"/>
      </symbol>
      <symbol id="sm-5a4">
         <name>__aeabi_memset</name>
         <value>0x409f</value>
         <object_component_ref idref="oc-55"/>
      </symbol>
      <symbol id="sm-5a5">
         <name>memset</name>
         <value>0x40a5</value>
         <object_component_ref idref="oc-55"/>
      </symbol>
      <symbol id="sm-5a6">
         <name>__aeabi_memset8</name>
         <value>0x409f</value>
         <object_component_ref idref="oc-55"/>
      </symbol>
      <symbol id="sm-5a7">
         <name>__aeabi_memset4</name>
         <value>0x409f</value>
         <object_component_ref idref="oc-55"/>
      </symbol>
      <symbol id="sm-5a8">
         <name>__aeabi_memclr8</name>
         <value>0x409d</value>
         <object_component_ref idref="oc-55"/>
      </symbol>
      <symbol id="sm-5a9">
         <name>__aeabi_memclr4</name>
         <value>0x409d</value>
         <object_component_ref idref="oc-55"/>
      </symbol>
      <symbol id="sm-5aa">
         <name>__aeabi_memclr</name>
         <value>0x409d</value>
         <object_component_ref idref="oc-55"/>
      </symbol>
      <symbol id="sm-5b6">
         <name>__aeabi_uidivmod</name>
         <value>0x4230</value>
         <object_component_ref idref="oc-f9"/>
      </symbol>
      <symbol id="sm-5b7">
         <name>__aeabi_uidiv</name>
         <value>0x4230</value>
         <object_component_ref idref="oc-f9"/>
      </symbol>
      <symbol id="sm-5d0">
         <name>_nop</name>
         <value>0x42fb</value>
         <object_component_ref idref="oc-133"/>
      </symbol>
      <symbol id="sm-5d1">
         <name>_lock</name>
         <value>0x8003354</value>
         <object_component_ref idref="oc-cf"/>
      </symbol>
      <symbol id="sm-5d2">
         <name>_unlock</name>
         <value>0x8003358</value>
         <object_component_ref idref="oc-cf"/>
      </symbol>
      <symbol id="sm-5d3">
         <name>_register_lock</name>
         <value>0x42f3</value>
         <object_component_ref idref="oc-133"/>
      </symbol>
      <symbol id="sm-5d4">
         <name>_register_unlock</name>
         <value>0x42ed</value>
         <object_component_ref idref="oc-133"/>
      </symbol>
      <symbol id="sm-5de">
         <name>__aeabi_idiv0</name>
         <value>0x4183</value>
         <object_component_ref idref="oc-14b"/>
      </symbol>
      <symbol id="sm-5df">
         <name>__TI_static_base__</name>
         <value>0x0</value>
      </symbol>
      <symbol id="sm-5e4">
         <name>SHT$$INIT_ARRAY$$Base</name>
         <value>0x0</value>
      </symbol>
      <symbol id="sm-5e5">
         <name>SHT$$INIT_ARRAY$$Limit</name>
         <value>0x0</value>
      </symbol>
   </symbol_table>
   <title>Link successful</title>
</link_info>
